Archive member included to satisfy reference by file (symbol)

D:\FPGAhanjia\Hetero_SoC_2026_3\Hetero_SoC_2026\HCS_SOC\platform\export\platform\sw\standalone_ps7_cortexa9_0\lib\libxilstandalone.a(xil_printf.c.obj)
                              D:\FPGAhanjia\Hetero_SoC_2026_3\Hetero_SoC_2026\HCS_SOC\crypto_direct_write_smoke_app\build\read_only\obj\main.o (xil_printf)
D:\FPGAhanjia\Hetero_SoC_2026_3\Hetero_SoC_2026\HCS_SOC\platform\export\platform\sw\standalone_ps7_cortexa9_0\lib\libxilstandalone.a(asm_vectors.S.obj)
                              (_vector_table)
D:\FPGAhanjia\Hetero_SoC_2026_3\Hetero_SoC_2026\HCS_SOC\platform\export\platform\sw\standalone_ps7_cortexa9_0\lib\libxilstandalone.a(boot.S.obj)
                              D:\FPGAhanjia\Hetero_SoC_2026_3\Hetero_SoC_2026\HCS_SOC\platform\export\platform\sw\standalone_ps7_cortexa9_0\lib\libxilstandalone.a(asm_vectors.S.obj) (_boot)
D:\FPGAhanjia\Hetero_SoC_2026_3\Hetero_SoC_2026\HCS_SOC\platform\export\platform\sw\standalone_ps7_cortexa9_0\lib\libxilstandalone.a(xil-crt0.S.obj)
                              D:\FPGAhanjia\Hetero_SoC_2026_3\Hetero_SoC_2026\HCS_SOC\platform\export\platform\sw\standalone_ps7_cortexa9_0\lib\libxilstandalone.a(boot.S.obj) (_start)
D:\FPGAhanjia\Hetero_SoC_2026_3\Hetero_SoC_2026\HCS_SOC\platform\export\platform\sw\standalone_ps7_cortexa9_0\lib\libxilstandalone.a(xil_cache.c.obj)
                              D:\FPGAhanjia\Hetero_SoC_2026_3\Hetero_SoC_2026\HCS_SOC\crypto_direct_write_smoke_app\build\read_only\obj\main.o (Xil_ICacheDisable)
D:\FPGAhanjia\Hetero_SoC_2026_3\Hetero_SoC_2026\HCS_SOC\platform\export\platform\sw\standalone_ps7_cortexa9_0\lib\libxilstandalone.a(vectors.c.obj)
                              D:\FPGAhanjia\Hetero_SoC_2026_3\Hetero_SoC_2026\HCS_SOC\platform\export\platform\sw\standalone_ps7_cortexa9_0\lib\libxilstandalone.a(asm_vectors.S.obj) (FIQInterrupt)
D:\FPGAhanjia\Hetero_SoC_2026_3\Hetero_SoC_2026\HCS_SOC\platform\export\platform\sw\standalone_ps7_cortexa9_0\lib\libxilstandalone.a(xil_exception.c.obj)
                              D:\FPGAhanjia\Hetero_SoC_2026_3\Hetero_SoC_2026\HCS_SOC\platform\export\platform\sw\standalone_ps7_cortexa9_0\lib\libxilstandalone.a(asm_vectors.S.obj) (UndefinedExceptionAddr)
D:\FPGAhanjia\Hetero_SoC_2026_3\Hetero_SoC_2026\HCS_SOC\platform\export\platform\sw\standalone_ps7_cortexa9_0\lib\libxilstandalone.a(translation_table.S.obj)
                              D:\FPGAhanjia\Hetero_SoC_2026_3\Hetero_SoC_2026\HCS_SOC\platform\export\platform\sw\standalone_ps7_cortexa9_0\lib\libxilstandalone.a(boot.S.obj) (MMUTable)
D:\FPGAhanjia\Hetero_SoC_2026_3\Hetero_SoC_2026\HCS_SOC\platform\export\platform\sw\standalone_ps7_cortexa9_0\lib\libxilstandalone.a(cpu_init.S.obj)
                              D:\FPGAhanjia\Hetero_SoC_2026_3\Hetero_SoC_2026\HCS_SOC\platform\export\platform\sw\standalone_ps7_cortexa9_0\lib\libxilstandalone.a(xil-crt0.S.obj) (__cpu_init)
D:\FPGAhanjia\Hetero_SoC_2026_3\Hetero_SoC_2026\HCS_SOC\platform\export\platform\sw\standalone_ps7_cortexa9_0\lib\libxil.a(xcoresightpsdcc.c.obj)
                              D:\FPGAhanjia\Hetero_SoC_2026_3\Hetero_SoC_2026\HCS_SOC\platform\export\platform\sw\standalone_ps7_cortexa9_0\lib\libxilstandalone.a(xil_printf.c.obj) (outbyte)
D:/Xilinx/Vitis/2023.1/gnu/aarch32/nt/gcc-arm-none-eabi/bin//../aarch32-xilinx-eabi/usr/lib/thumb/v7-a+fp/hard\libc.a(lib_a-ctype_.o)
                              D:\FPGAhanjia\Hetero_SoC_2026_3\Hetero_SoC_2026\HCS_SOC\platform\export\platform\sw\standalone_ps7_cortexa9_0\lib\libxilstandalone.a(xil_printf.c.obj) (_ctype_)
D:/Xilinx/Vitis/2023.1/gnu/aarch32/nt/gcc-arm-none-eabi/bin//../aarch32-xilinx-eabi/usr/lib/thumb/v7-a+fp/hard\libc.a(lib_a-exit.o)
                              D:\FPGAhanjia\Hetero_SoC_2026_3\Hetero_SoC_2026\HCS_SOC\platform\export\platform\sw\standalone_ps7_cortexa9_0\lib\libxilstandalone.a(xil-crt0.S.obj) (exit)
D:/Xilinx/Vitis/2023.1/gnu/aarch32/nt/gcc-arm-none-eabi/bin//../aarch32-xilinx-eabi/usr/lib/thumb/v7-a+fp/hard\libc.a(lib_a-fini.o)
                              D:\FPGAhanjia\Hetero_SoC_2026_3\Hetero_SoC_2026\HCS_SOC\platform\export\platform\sw\standalone_ps7_cortexa9_0\lib\libxilstandalone.a(xil-crt0.S.obj) (__libc_fini_array)
D:/Xilinx/Vitis/2023.1/gnu/aarch32/nt/gcc-arm-none-eabi/bin//../aarch32-xilinx-eabi/usr/lib/thumb/v7-a+fp/hard\libc.a(lib_a-impure.o)
                              D:/Xilinx/Vitis/2023.1/gnu/aarch32/nt/gcc-arm-none-eabi/bin//../aarch32-xilinx-eabi/usr/lib/thumb/v7-a+fp/hard\libc.a(lib_a-exit.o) (_global_impure_ptr)
D:/Xilinx/Vitis/2023.1/gnu/aarch32/nt/gcc-arm-none-eabi/bin//../aarch32-xilinx-eabi/usr/lib/thumb/v7-a+fp/hard\libc.a(lib_a-init.o)
                              D:\FPGAhanjia\Hetero_SoC_2026_3\Hetero_SoC_2026\HCS_SOC\platform\export\platform\sw\standalone_ps7_cortexa9_0\lib\libxilstandalone.a(xil-crt0.S.obj) (__libc_init_array)
D:/Xilinx/Vitis/2023.1/gnu/aarch32/nt/gcc-arm-none-eabi/bin//../aarch32-xilinx-eabi/usr/lib/thumb/v7-a+fp/hard\libc.a(lib_a-strlen.o)
                              D:\FPGAhanjia\Hetero_SoC_2026_3\Hetero_SoC_2026\HCS_SOC\platform\export\platform\sw\standalone_ps7_cortexa9_0\lib\libxilstandalone.a(xil_printf.c.obj) (strlen)
D:/Xilinx/Vitis/2023.1/gnu/aarch32/nt/gcc-arm-none-eabi/bin//../aarch32-xilinx-eabi/usr/lib/thumb/v7-a+fp/hard\libc.a(lib_a-__call_atexit.o)
                              D:/Xilinx/Vitis/2023.1/gnu/aarch32/nt/gcc-arm-none-eabi/bin//../aarch32-xilinx-eabi/usr/lib/thumb/v7-a+fp/hard\libc.a(lib_a-exit.o) (__call_exitprocs)
D:/Xilinx/Vitis/2023.1/gnu/aarch32/nt/gcc-arm-none-eabi/bin//../aarch32-xilinx-eabi/usr/lib/thumb/v7-a+fp/hard\libgcc.a(_udivsi3.o)
                              D:\FPGAhanjia\Hetero_SoC_2026_3\Hetero_SoC_2026\HCS_SOC\platform\export\platform\sw\standalone_ps7_cortexa9_0\lib\libxilstandalone.a(xil_cache.c.obj) (__aeabi_uidiv)
D:/Xilinx/Vitis/2023.1/gnu/aarch32/nt/gcc-arm-none-eabi/bin//../aarch32-xilinx-eabi/usr/lib/thumb/v7-a+fp/hard\libgcc.a(_divsi3.o)
                              D:\FPGAhanjia\Hetero_SoC_2026_3\Hetero_SoC_2026\HCS_SOC\platform\export\platform\sw\standalone_ps7_cortexa9_0\lib\libxilstandalone.a(xil_cache.c.obj) (__aeabi_idiv)
D:/Xilinx/Vitis/2023.1/gnu/aarch32/nt/gcc-arm-none-eabi/bin//../aarch32-xilinx-eabi/usr/lib/thumb/v7-a+fp/hard\libgcc.a(_dvmd_tls.o)
                              D:/Xilinx/Vitis/2023.1/gnu/aarch32/nt/gcc-arm-none-eabi/bin//../aarch32-xilinx-eabi/usr/lib/thumb/v7-a+fp/hard\libgcc.a(_udivsi3.o) (__aeabi_idiv0)
D:/Xilinx/Vitis/2023.1/gnu/aarch32/nt/gcc-arm-none-eabi/bin//../aarch32-xilinx-eabi/usr/lib/thumb/v7-a+fp/hard\libgcc.a(_aeabi_uldivmod.o)
                              D:\FPGAhanjia\Hetero_SoC_2026_3\Hetero_SoC_2026\HCS_SOC\platform\export\platform\sw\standalone_ps7_cortexa9_0\lib\libxilstandalone.a(xil_printf.c.obj) (__aeabi_uldivmod)
D:/Xilinx/Vitis/2023.1/gnu/aarch32/nt/gcc-arm-none-eabi/bin//../aarch32-xilinx-eabi/usr/lib/thumb/v7-a+fp/hard\libgcc.a(_udivmoddi4.o)
                              D:/Xilinx/Vitis/2023.1/gnu/aarch32/nt/gcc-arm-none-eabi/bin//../aarch32-xilinx-eabi/usr/lib/thumb/v7-a+fp/hard\libgcc.a(_aeabi_uldivmod.o) (__udivmoddi4)
D:\FPGAhanjia\Hetero_SoC_2026_3\Hetero_SoC_2026\HCS_SOC\platform\export\platform\sw\standalone_ps7_cortexa9_0\lib\libxilstandalone.a(_exit.c.obj)
                              D:/Xilinx/Vitis/2023.1/gnu/aarch32/nt/gcc-arm-none-eabi/bin//../aarch32-xilinx-eabi/usr/lib/thumb/v7-a+fp/hard\libc.a(lib_a-exit.o) (_exit)

Discarded input sections

 .text          0x0000000000000000        0x0 D:/Xilinx/Vitis/2023.1/gnu/aarch32/nt/gcc-arm-none-eabi/bin//../aarch32-xilinx-eabi/usr/lib/thumb/v7-a+fp/hard/crti.o
 .data          0x0000000000000000        0x0 D:/Xilinx/Vitis/2023.1/gnu/aarch32/nt/gcc-arm-none-eabi/bin//../aarch32-xilinx-eabi/usr/lib/thumb/v7-a+fp/hard/crti.o
 .bss           0x0000000000000000        0x0 D:/Xilinx/Vitis/2023.1/gnu/aarch32/nt/gcc-arm-none-eabi/bin//../aarch32-xilinx-eabi/usr/lib/thumb/v7-a+fp/hard/crti.o
 .data          0x0000000000000000        0x4 D:/Xilinx/Vitis/2023.1/gnu/aarch32/nt/gcc-arm-none-eabi/bin//../aarch32-xilinx-eabi/usr/lib/thumb/v7-a+fp/hard/crtbegin.o
 .rodata        0x0000000000000000       0x24 D:/Xilinx/Vitis/2023.1/gnu/aarch32/nt/gcc-arm-none-eabi/bin//../aarch32-xilinx-eabi/usr/lib/thumb/v7-a+fp/hard/crtbegin.o
 .text          0x0000000000000000        0x0 D:\FPGAhanjia\Hetero_SoC_2026_3\Hetero_SoC_2026\HCS_SOC\crypto_direct_write_smoke_app\build\read_only\obj\main.o
 .data          0x0000000000000000        0x0 D:\FPGAhanjia\Hetero_SoC_2026_3\Hetero_SoC_2026\HCS_SOC\crypto_direct_write_smoke_app\build\read_only\obj\main.o
 .bss           0x0000000000000000        0x0 D:\FPGAhanjia\Hetero_SoC_2026_3\Hetero_SoC_2026\HCS_SOC\crypto_direct_write_smoke_app\build\read_only\obj\main.o
 .data          0x0000000000000000        0x0 D:\FPGAhanjia\Hetero_SoC_2026_3\Hetero_SoC_2026\HCS_SOC\platform\export\platform\sw\standalone_ps7_cortexa9_0\lib\libxilstandalone.a(xil_printf.c.obj)
 .bss           0x0000000000000000        0x0 D:\FPGAhanjia\Hetero_SoC_2026_3\Hetero_SoC_2026\HCS_SOC\platform\export\platform\sw\standalone_ps7_cortexa9_0\lib\libxilstandalone.a(xil_printf.c.obj)
 .text          0x0000000000000000        0x0 D:\FPGAhanjia\Hetero_SoC_2026_3\Hetero_SoC_2026\HCS_SOC\platform\export\platform\sw\standalone_ps7_cortexa9_0\lib\libxilstandalone.a(asm_vectors.S.obj)
 .data          0x0000000000000000        0x0 D:\FPGAhanjia\Hetero_SoC_2026_3\Hetero_SoC_2026\HCS_SOC\platform\export\platform\sw\standalone_ps7_cortexa9_0\lib\libxilstandalone.a(asm_vectors.S.obj)
 .bss           0x0000000000000000        0x0 D:\FPGAhanjia\Hetero_SoC_2026_3\Hetero_SoC_2026\HCS_SOC\platform\export\platform\sw\standalone_ps7_cortexa9_0\lib\libxilstandalone.a(asm_vectors.S.obj)
 .ARM.attributes
                0x0000000000000000       0x23 D:\FPGAhanjia\Hetero_SoC_2026_3\Hetero_SoC_2026\HCS_SOC\platform\export\platform\sw\standalone_ps7_cortexa9_0\lib\libxilstandalone.a(asm_vectors.S.obj)
 .text          0x0000000000000000        0x0 D:\FPGAhanjia\Hetero_SoC_2026_3\Hetero_SoC_2026\HCS_SOC\platform\export\platform\sw\standalone_ps7_cortexa9_0\lib\libxilstandalone.a(boot.S.obj)
 .data          0x0000000000000000        0x0 D:\FPGAhanjia\Hetero_SoC_2026_3\Hetero_SoC_2026\HCS_SOC\platform\export\platform\sw\standalone_ps7_cortexa9_0\lib\libxilstandalone.a(boot.S.obj)
 .bss           0x0000000000000000        0x0 D:\FPGAhanjia\Hetero_SoC_2026_3\Hetero_SoC_2026\HCS_SOC\platform\export\platform\sw\standalone_ps7_cortexa9_0\lib\libxilstandalone.a(boot.S.obj)
 .data          0x0000000000000000        0x0 D:\FPGAhanjia\Hetero_SoC_2026_3\Hetero_SoC_2026\HCS_SOC\platform\export\platform\sw\standalone_ps7_cortexa9_0\lib\libxilstandalone.a(xil-crt0.S.obj)
 .bss           0x0000000000000000        0x0 D:\FPGAhanjia\Hetero_SoC_2026_3\Hetero_SoC_2026\HCS_SOC\platform\export\platform\sw\standalone_ps7_cortexa9_0\lib\libxilstandalone.a(xil-crt0.S.obj)
 .got2          0x0000000000000000        0x0 D:\FPGAhanjia\Hetero_SoC_2026_3\Hetero_SoC_2026\HCS_SOC\platform\export\platform\sw\standalone_ps7_cortexa9_0\lib\libxilstandalone.a(xil-crt0.S.obj)
 .data          0x0000000000000000        0x0 D:\FPGAhanjia\Hetero_SoC_2026_3\Hetero_SoC_2026\HCS_SOC\platform\export\platform\sw\standalone_ps7_cortexa9_0\lib\libxilstandalone.a(xil_cache.c.obj)
 .bss           0x0000000000000000        0x0 D:\FPGAhanjia\Hetero_SoC_2026_3\Hetero_SoC_2026\HCS_SOC\platform\export\platform\sw\standalone_ps7_cortexa9_0\lib\libxilstandalone.a(xil_cache.c.obj)
 .data          0x0000000000000000        0x0 D:\FPGAhanjia\Hetero_SoC_2026_3\Hetero_SoC_2026\HCS_SOC\platform\export\platform\sw\standalone_ps7_cortexa9_0\lib\libxilstandalone.a(vectors.c.obj)
 .bss           0x0000000000000000        0x0 D:\FPGAhanjia\Hetero_SoC_2026_3\Hetero_SoC_2026\HCS_SOC\platform\export\platform\sw\standalone_ps7_cortexa9_0\lib\libxilstandalone.a(vectors.c.obj)
 .text          0x0000000000000000        0x0 D:\FPGAhanjia\Hetero_SoC_2026_3\Hetero_SoC_2026\HCS_SOC\platform\export\platform\sw\standalone_ps7_cortexa9_0\lib\libxilstandalone.a(translation_table.S.obj)
 .data          0x0000000000000000        0x0 D:\FPGAhanjia\Hetero_SoC_2026_3\Hetero_SoC_2026\HCS_SOC\platform\export\platform\sw\standalone_ps7_cortexa9_0\lib\libxilstandalone.a(translation_table.S.obj)
 .bss           0x0000000000000000        0x0 D:\FPGAhanjia\Hetero_SoC_2026_3\Hetero_SoC_2026\HCS_SOC\platform\export\platform\sw\standalone_ps7_cortexa9_0\lib\libxilstandalone.a(translation_table.S.obj)
 .data          0x0000000000000000        0x0 D:\FPGAhanjia\Hetero_SoC_2026_3\Hetero_SoC_2026\HCS_SOC\platform\export\platform\sw\standalone_ps7_cortexa9_0\lib\libxilstandalone.a(cpu_init.S.obj)
 .bss           0x0000000000000000        0x0 D:\FPGAhanjia\Hetero_SoC_2026_3\Hetero_SoC_2026\HCS_SOC\platform\export\platform\sw\standalone_ps7_cortexa9_0\lib\libxilstandalone.a(cpu_init.S.obj)
 .data          0x0000000000000000        0x0 D:\FPGAhanjia\Hetero_SoC_2026_3\Hetero_SoC_2026\HCS_SOC\platform\export\platform\sw\standalone_ps7_cortexa9_0\lib\libxil.a(xcoresightpsdcc.c.obj)
 .bss           0x0000000000000000        0x0 D:\FPGAhanjia\Hetero_SoC_2026_3\Hetero_SoC_2026\HCS_SOC\platform\export\platform\sw\standalone_ps7_cortexa9_0\lib\libxil.a(xcoresightpsdcc.c.obj)
 .text          0x0000000000000000        0x0 D:/Xilinx/Vitis/2023.1/gnu/aarch32/nt/gcc-arm-none-eabi/bin//../aarch32-xilinx-eabi/usr/lib/thumb/v7-a+fp/hard\libc.a(lib_a-ctype_.o)
 .data          0x0000000000000000        0x0 D:/Xilinx/Vitis/2023.1/gnu/aarch32/nt/gcc-arm-none-eabi/bin//../aarch32-xilinx-eabi/usr/lib/thumb/v7-a+fp/hard\libc.a(lib_a-ctype_.o)
 .bss           0x0000000000000000        0x0 D:/Xilinx/Vitis/2023.1/gnu/aarch32/nt/gcc-arm-none-eabi/bin//../aarch32-xilinx-eabi/usr/lib/thumb/v7-a+fp/hard\libc.a(lib_a-ctype_.o)
 .data          0x0000000000000000        0x0 D:/Xilinx/Vitis/2023.1/gnu/aarch32/nt/gcc-arm-none-eabi/bin//../aarch32-xilinx-eabi/usr/lib/thumb/v7-a+fp/hard\libc.a(lib_a-exit.o)
 .bss           0x0000000000000000        0x0 D:/Xilinx/Vitis/2023.1/gnu/aarch32/nt/gcc-arm-none-eabi/bin//../aarch32-xilinx-eabi/usr/lib/thumb/v7-a+fp/hard\libc.a(lib_a-exit.o)
 .data          0x0000000000000000        0x0 D:/Xilinx/Vitis/2023.1/gnu/aarch32/nt/gcc-arm-none-eabi/bin//../aarch32-xilinx-eabi/usr/lib/thumb/v7-a+fp/hard\libc.a(lib_a-fini.o)
 .bss           0x0000000000000000        0x0 D:/Xilinx/Vitis/2023.1/gnu/aarch32/nt/gcc-arm-none-eabi/bin//../aarch32-xilinx-eabi/usr/lib/thumb/v7-a+fp/hard\libc.a(lib_a-fini.o)
 .text          0x0000000000000000        0x0 D:/Xilinx/Vitis/2023.1/gnu/aarch32/nt/gcc-arm-none-eabi/bin//../aarch32-xilinx-eabi/usr/lib/thumb/v7-a+fp/hard\libc.a(lib_a-impure.o)
 .bss           0x0000000000000000        0x0 D:/Xilinx/Vitis/2023.1/gnu/aarch32/nt/gcc-arm-none-eabi/bin//../aarch32-xilinx-eabi/usr/lib/thumb/v7-a+fp/hard\libc.a(lib_a-impure.o)
 .data          0x0000000000000000        0x0 D:/Xilinx/Vitis/2023.1/gnu/aarch32/nt/gcc-arm-none-eabi/bin//../aarch32-xilinx-eabi/usr/lib/thumb/v7-a+fp/hard\libc.a(lib_a-init.o)
 .bss           0x0000000000000000        0x0 D:/Xilinx/Vitis/2023.1/gnu/aarch32/nt/gcc-arm-none-eabi/bin//../aarch32-xilinx-eabi/usr/lib/thumb/v7-a+fp/hard\libc.a(lib_a-init.o)
 .data          0x0000000000000000        0x0 D:/Xilinx/Vitis/2023.1/gnu/aarch32/nt/gcc-arm-none-eabi/bin//../aarch32-xilinx-eabi/usr/lib/thumb/v7-a+fp/hard\libc.a(lib_a-strlen.o)
 .bss           0x0000000000000000        0x0 D:/Xilinx/Vitis/2023.1/gnu/aarch32/nt/gcc-arm-none-eabi/bin//../aarch32-xilinx-eabi/usr/lib/thumb/v7-a+fp/hard\libc.a(lib_a-strlen.o)
 .data          0x0000000000000000        0x0 D:/Xilinx/Vitis/2023.1/gnu/aarch32/nt/gcc-arm-none-eabi/bin//../aarch32-xilinx-eabi/usr/lib/thumb/v7-a+fp/hard\libc.a(lib_a-__call_atexit.o)
 .bss           0x0000000000000000        0x0 D:/Xilinx/Vitis/2023.1/gnu/aarch32/nt/gcc-arm-none-eabi/bin//../aarch32-xilinx-eabi/usr/lib/thumb/v7-a+fp/hard\libc.a(lib_a-__call_atexit.o)
 .data          0x0000000000000000        0x0 D:/Xilinx/Vitis/2023.1/gnu/aarch32/nt/gcc-arm-none-eabi/bin//../aarch32-xilinx-eabi/usr/lib/thumb/v7-a+fp/hard\libgcc.a(_udivsi3.o)
 .bss           0x0000000000000000        0x0 D:/Xilinx/Vitis/2023.1/gnu/aarch32/nt/gcc-arm-none-eabi/bin//../aarch32-xilinx-eabi/usr/lib/thumb/v7-a+fp/hard\libgcc.a(_udivsi3.o)
 .text          0x0000000000000000      0x2b0 D:/Xilinx/Vitis/2023.1/gnu/aarch32/nt/gcc-arm-none-eabi/bin//../aarch32-xilinx-eabi/usr/lib/thumb/v7-a+fp/hard\libgcc.a(_divsi3.o)
 .data          0x0000000000000000        0x0 D:/Xilinx/Vitis/2023.1/gnu/aarch32/nt/gcc-arm-none-eabi/bin//../aarch32-xilinx-eabi/usr/lib/thumb/v7-a+fp/hard\libgcc.a(_divsi3.o)
 .bss           0x0000000000000000        0x0 D:/Xilinx/Vitis/2023.1/gnu/aarch32/nt/gcc-arm-none-eabi/bin//../aarch32-xilinx-eabi/usr/lib/thumb/v7-a+fp/hard\libgcc.a(_divsi3.o)
 .ARM.attributes
                0x0000000000000000       0x21 D:/Xilinx/Vitis/2023.1/gnu/aarch32/nt/gcc-arm-none-eabi/bin//../aarch32-xilinx-eabi/usr/lib/thumb/v7-a+fp/hard\libgcc.a(_divsi3.o)
 .data          0x0000000000000000        0x0 D:/Xilinx/Vitis/2023.1/gnu/aarch32/nt/gcc-arm-none-eabi/bin//../aarch32-xilinx-eabi/usr/lib/thumb/v7-a+fp/hard\libgcc.a(_dvmd_tls.o)
 .bss           0x0000000000000000        0x0 D:/Xilinx/Vitis/2023.1/gnu/aarch32/nt/gcc-arm-none-eabi/bin//../aarch32-xilinx-eabi/usr/lib/thumb/v7-a+fp/hard\libgcc.a(_dvmd_tls.o)
 .data          0x0000000000000000        0x0 D:/Xilinx/Vitis/2023.1/gnu/aarch32/nt/gcc-arm-none-eabi/bin//../aarch32-xilinx-eabi/usr/lib/thumb/v7-a+fp/hard\libgcc.a(_aeabi_uldivmod.o)
 .bss           0x0000000000000000        0x0 D:/Xilinx/Vitis/2023.1/gnu/aarch32/nt/gcc-arm-none-eabi/bin//../aarch32-xilinx-eabi/usr/lib/thumb/v7-a+fp/hard\libgcc.a(_aeabi_uldivmod.o)
 .data          0x0000000000000000        0x0 D:/Xilinx/Vitis/2023.1/gnu/aarch32/nt/gcc-arm-none-eabi/bin//../aarch32-xilinx-eabi/usr/lib/thumb/v7-a+fp/hard\libgcc.a(_udivmoddi4.o)
 .bss           0x0000000000000000        0x0 D:/Xilinx/Vitis/2023.1/gnu/aarch32/nt/gcc-arm-none-eabi/bin//../aarch32-xilinx-eabi/usr/lib/thumb/v7-a+fp/hard\libgcc.a(_udivmoddi4.o)
 .ARM.extab     0x0000000000000000        0x0 D:/Xilinx/Vitis/2023.1/gnu/aarch32/nt/gcc-arm-none-eabi/bin//../aarch32-xilinx-eabi/usr/lib/thumb/v7-a+fp/hard\libgcc.a(_udivmoddi4.o)
 .data          0x0000000000000000        0x0 D:\FPGAhanjia\Hetero_SoC_2026_3\Hetero_SoC_2026\HCS_SOC\platform\export\platform\sw\standalone_ps7_cortexa9_0\lib\libxilstandalone.a(_exit.c.obj)
 .bss           0x0000000000000000        0x0 D:\FPGAhanjia\Hetero_SoC_2026_3\Hetero_SoC_2026\HCS_SOC\platform\export\platform\sw\standalone_ps7_cortexa9_0\lib\libxilstandalone.a(_exit.c.obj)
 .text          0x0000000000000000        0x0 D:/Xilinx/Vitis/2023.1/gnu/aarch32/nt/gcc-arm-none-eabi/bin//../aarch32-xilinx-eabi/usr/lib/thumb/v7-a+fp/hard/crtend.o
 .data          0x0000000000000000        0x0 D:/Xilinx/Vitis/2023.1/gnu/aarch32/nt/gcc-arm-none-eabi/bin//../aarch32-xilinx-eabi/usr/lib/thumb/v7-a+fp/hard/crtend.o
 .bss           0x0000000000000000        0x0 D:/Xilinx/Vitis/2023.1/gnu/aarch32/nt/gcc-arm-none-eabi/bin//../aarch32-xilinx-eabi/usr/lib/thumb/v7-a+fp/hard/crtend.o
 .rodata        0x0000000000000000       0x24 D:/Xilinx/Vitis/2023.1/gnu/aarch32/nt/gcc-arm-none-eabi/bin//../aarch32-xilinx-eabi/usr/lib/thumb/v7-a+fp/hard/crtend.o
 .eh_frame      0x0000000000000000        0x4 D:/Xilinx/Vitis/2023.1/gnu/aarch32/nt/gcc-arm-none-eabi/bin//../aarch32-xilinx-eabi/usr/lib/thumb/v7-a+fp/hard/crtend.o
 .text          0x0000000000000000        0x0 D:/Xilinx/Vitis/2023.1/gnu/aarch32/nt/gcc-arm-none-eabi/bin//../aarch32-xilinx-eabi/usr/lib/thumb/v7-a+fp/hard/crtn.o
 .data          0x0000000000000000        0x0 D:/Xilinx/Vitis/2023.1/gnu/aarch32/nt/gcc-arm-none-eabi/bin//../aarch32-xilinx-eabi/usr/lib/thumb/v7-a+fp/hard/crtn.o
 .bss           0x0000000000000000        0x0 D:/Xilinx/Vitis/2023.1/gnu/aarch32/nt/gcc-arm-none-eabi/bin//../aarch32-xilinx-eabi/usr/lib/thumb/v7-a+fp/hard/crtn.o

Memory Configuration

Name             Origin             Length             Attributes
ps7_ddr_0        0x0000000000100000 0x000000001ff00000
ps7_ram_0        0x0000000000000000 0x0000000000030000
ps7_ram_1        0x00000000ffff0000 0x000000000000fe00
*default*        0x0000000000000000 0xffffffffffffffff

Linker script and memory map

LOAD D:/Xilinx/Vitis/2023.1/gnu/aarch32/nt/gcc-arm-none-eabi/bin//../aarch32-xilinx-eabi/usr/lib/thumb/v7-a+fp/hard/crti.o
LOAD D:/Xilinx/Vitis/2023.1/gnu/aarch32/nt/gcc-arm-none-eabi/bin//../aarch32-xilinx-eabi/usr/lib/thumb/v7-a+fp/hard/crtbegin.o
LOAD D:\FPGAhanjia\Hetero_SoC_2026_3\Hetero_SoC_2026\HCS_SOC\crypto_direct_write_smoke_app\build\read_only\obj\main.o
                0x0000000000002000                _STACK_SIZE = DEFINED (_STACK_SIZE)?_STACK_SIZE:0x2000
                0x0000000000002000                _HEAP_SIZE = DEFINED (_HEAP_SIZE)?_HEAP_SIZE:0x2000
                0x0000000000000400                _ABORT_STACK_SIZE = DEFINED (_ABORT_STACK_SIZE)?_ABORT_STACK_SIZE:0x400
                0x0000000000000800                _SUPERVISOR_STACK_SIZE = DEFINED (_SUPERVISOR_STACK_SIZE)?_SUPERVISOR_STACK_SIZE:0x800
                0x0000000000000400                _IRQ_STACK_SIZE = DEFINED (_IRQ_STACK_SIZE)?_IRQ_STACK_SIZE:0x400
                0x0000000000000400                _FIQ_STACK_SIZE = DEFINED (_FIQ_STACK_SIZE)?_FIQ_STACK_SIZE:0x400
                0x0000000000000400                _UNDEF_STACK_SIZE = DEFINED (_UNDEF_STACK_SIZE)?_UNDEF_STACK_SIZE:0x400

.text           0x0000000000100000     0x2430
 *(.vectors)
 .vectors       0x0000000000100000       0xcc D:\FPGAhanjia\Hetero_SoC_2026_3\Hetero_SoC_2026\HCS_SOC\platform\export\platform\sw\standalone_ps7_cortexa9_0\lib\libxilstandalone.a(asm_vectors.S.obj)
                0x0000000000100000                _vector_table
 *(.boot)
 .boot          0x00000000001000cc      0x38c D:\FPGAhanjia\Hetero_SoC_2026_3\Hetero_SoC_2026\HCS_SOC\platform\export\platform\sw\standalone_ps7_cortexa9_0\lib\libxilstandalone.a(boot.S.obj)
                0x00000000001000cc                _prestart
                0x00000000001000cc                _boot
 *(.text)
 .text          0x0000000000100458       0xa8 D:/Xilinx/Vitis/2023.1/gnu/aarch32/nt/gcc-arm-none-eabi/bin//../aarch32-xilinx-eabi/usr/lib/thumb/v7-a+fp/hard/crtbegin.o
 .text          0x0000000000100500      0x9b0 D:\FPGAhanjia\Hetero_SoC_2026_3\Hetero_SoC_2026\HCS_SOC\platform\export\platform\sw\standalone_ps7_cortexa9_0\lib\libxilstandalone.a(xil_printf.c.obj)
                0x0000000000100884                xil_vprintf
                0x0000000000100e84                xil_printf
 .text          0x0000000000100eb0       0x74 D:\FPGAhanjia\Hetero_SoC_2026_3\Hetero_SoC_2026\HCS_SOC\platform\export\platform\sw\standalone_ps7_cortexa9_0\lib\libxilstandalone.a(xil-crt0.S.obj)
                0x0000000000100ec4                _start
 .text          0x0000000000100f24      0xcc0 D:\FPGAhanjia\Hetero_SoC_2026_3\Hetero_SoC_2026\HCS_SOC\platform\export\platform\sw\standalone_ps7_cortexa9_0\lib\libxilstandalone.a(xil_cache.c.obj)
                0x0000000000100f24                Xil_DCacheInvalidateLine
                0x0000000000100f5c                Xil_DCacheInvalidateRange
                0x00000000001010d4                Xil_DCacheFlushLine
                0x000000000010111c                Xil_DCacheFlushRange
                0x0000000000101230                Xil_DCacheStoreLine
                0x0000000000101268                Xil_ICacheDisable
                0x00000000001012e4                Xil_ICacheInvalidateLine
                0x000000000010131c                Xil_ICacheInvalidateRange
                0x0000000000101388                Xil_L1DCacheInvalidate
                0x0000000000101438                Xil_L1DCacheEnable
                0x0000000000101458                Xil_L1DCacheInvalidateLine
                0x0000000000101470                Xil_L1DCacheInvalidateRange
                0x00000000001014d4                Xil_L1DCacheFlush
                0x000000000010155c                Xil_L1DCacheDisable
                0x0000000000101574                Xil_DCacheFlush
                0x00000000001015d0                Xil_DCacheDisable
                0x0000000000101648                Xil_L1DCacheFlushLine
                0x0000000000101660                Xil_L1DCacheFlushRange
                0x00000000001016c4                Xil_L1DCacheStoreLine
                0x00000000001016dc                Xil_L1ICacheEnable
                0x00000000001016f8                Xil_L1ICacheDisable
                0x0000000000101714                Xil_L1ICacheInvalidate
                0x000000000010172c                Xil_L1ICacheInvalidateLine
                0x0000000000101744                Xil_L1ICacheInvalidateRange
                0x00000000001017a8                Xil_L2CacheDisable
                0x0000000000101808                Xil_L2CacheInvalidate
                0x0000000000101874                Xil_DCacheInvalidate
                0x0000000000101894                Xil_ICacheInvalidate
                0x00000000001018c4                Xil_L2CacheEnable
                0x0000000000101924                Xil_ICacheEnable
                0x000000000010199c                Xil_DCacheEnable
                0x0000000000101a14                Xil_L2CacheInvalidateLine
                0x0000000000101a28                Xil_L2CacheInvalidateRange
                0x0000000000101acc                Xil_L2CacheFlush
                0x0000000000101b10                Xil_L2CacheFlushLine
                0x0000000000101b2c                Xil_L2CacheFlushRange
                0x0000000000101bcc                Xil_L2CacheStoreLine
 .text          0x0000000000101be4       0x78 D:\FPGAhanjia\Hetero_SoC_2026_3\Hetero_SoC_2026\HCS_SOC\platform\export\platform\sw\standalone_ps7_cortexa9_0\lib\libxilstandalone.a(vectors.c.obj)
                0x0000000000101be4                FIQInterrupt
                0x0000000000101bf8                IRQInterrupt
                0x0000000000101c0c                UndefinedException
                0x0000000000101c20                SWInterrupt
                0x0000000000101c34                DataAbortInterrupt
                0x0000000000101c48                PrefetchAbortInterrupt
 .text          0x0000000000101c5c       0x70 D:\FPGAhanjia\Hetero_SoC_2026_3\Hetero_SoC_2026\HCS_SOC\platform\export\platform\sw\standalone_ps7_cortexa9_0\lib\libxilstandalone.a(xil_exception.c.obj)
                0x0000000000101c6c                Xil_ExceptionInit
                0x0000000000101c70                Xil_ExceptionRegisterHandler
                0x0000000000101c88                Xil_GetExceptionRegisterHandler
                0x0000000000101ca8                Xil_ExceptionRemoveHandler
 .text          0x0000000000101ccc       0x3c D:\FPGAhanjia\Hetero_SoC_2026_3\Hetero_SoC_2026\HCS_SOC\platform\export\platform\sw\standalone_ps7_cortexa9_0\lib\libxilstandalone.a(cpu_init.S.obj)
                0x0000000000101ccc                __cpu_init
 .text          0x0000000000101d08       0x88 D:\FPGAhanjia\Hetero_SoC_2026_3\Hetero_SoC_2026\HCS_SOC\platform\export\platform\sw\standalone_ps7_cortexa9_0\lib\libxil.a(xcoresightpsdcc.c.obj)
                0x0000000000101d08                XCoresightPs_DccSendByte
                0x0000000000101d28                XCoresightPs_DccRecvByte
                0x0000000000101d4c                outbyte
                0x0000000000101d6c                inbyte
 .text          0x0000000000101d90       0x20 D:/Xilinx/Vitis/2023.1/gnu/aarch32/nt/gcc-arm-none-eabi/bin//../aarch32-xilinx-eabi/usr/lib/thumb/v7-a+fp/hard\libc.a(lib_a-exit.o)
                0x0000000000101d90                exit
 .text          0x0000000000101db0       0x2c D:/Xilinx/Vitis/2023.1/gnu/aarch32/nt/gcc-arm-none-eabi/bin//../aarch32-xilinx-eabi/usr/lib/thumb/v7-a+fp/hard\libc.a(lib_a-fini.o)
                0x0000000000101db0                __libc_fini_array
 .text          0x0000000000101ddc       0x58 D:/Xilinx/Vitis/2023.1/gnu/aarch32/nt/gcc-arm-none-eabi/bin//../aarch32-xilinx-eabi/usr/lib/thumb/v7-a+fp/hard\libc.a(lib_a-init.o)
                0x0000000000101ddc                __libc_init_array
 *fill*         0x0000000000101e34        0xc 
 .text          0x0000000000101e40       0xdc D:/Xilinx/Vitis/2023.1/gnu/aarch32/nt/gcc-arm-none-eabi/bin//../aarch32-xilinx-eabi/usr/lib/thumb/v7-a+fp/hard\libc.a(lib_a-strlen.o)
                0x0000000000101e40                strlen
 .text          0x0000000000101f1c       0xa4 D:/Xilinx/Vitis/2023.1/gnu/aarch32/nt/gcc-arm-none-eabi/bin//../aarch32-xilinx-eabi/usr/lib/thumb/v7-a+fp/hard\libc.a(lib_a-__call_atexit.o)
                0x0000000000101f1c                __call_exitprocs
 .text          0x0000000000101fc0      0x278 D:/Xilinx/Vitis/2023.1/gnu/aarch32/nt/gcc-arm-none-eabi/bin//../aarch32-xilinx-eabi/usr/lib/thumb/v7-a+fp/hard\libgcc.a(_udivsi3.o)
                0x0000000000101fc0                __aeabi_uidiv
                0x0000000000101fc0                __udivsi3
                0x000000000010221c                __aeabi_uidivmod
 .text          0x0000000000102238        0x4 D:/Xilinx/Vitis/2023.1/gnu/aarch32/nt/gcc-arm-none-eabi/bin//../aarch32-xilinx-eabi/usr/lib/thumb/v7-a+fp/hard\libgcc.a(_dvmd_tls.o)
                0x0000000000102238                __aeabi_idiv0
                0x0000000000102238                __aeabi_ldiv0
 .text          0x000000000010223c       0x30 D:/Xilinx/Vitis/2023.1/gnu/aarch32/nt/gcc-arm-none-eabi/bin//../aarch32-xilinx-eabi/usr/lib/thumb/v7-a+fp/hard\libgcc.a(_aeabi_uldivmod.o)
                0x000000000010223c                __aeabi_uldivmod
 .text          0x000000000010226c      0x108 D:/Xilinx/Vitis/2023.1/gnu/aarch32/nt/gcc-arm-none-eabi/bin//../aarch32-xilinx-eabi/usr/lib/thumb/v7-a+fp/hard\libgcc.a(_udivmoddi4.o)
                0x000000000010226c                __udivmoddi4
 .text          0x0000000000102374        0x4 D:\FPGAhanjia\Hetero_SoC_2026_3\Hetero_SoC_2026\HCS_SOC\platform\export\platform\sw\standalone_ps7_cortexa9_0\lib\libxilstandalone.a(_exit.c.obj)
                0x0000000000102374                _exit
 *(.text.*)
 .text.startup.main
                0x0000000000102378       0x94 D:\FPGAhanjia\Hetero_SoC_2026_3\Hetero_SoC_2026\HCS_SOC\crypto_direct_write_smoke_app\build\read_only\obj\main.o
                0x0000000000102378                main
 *(.gnu.linkonce.t.*)
 *(.plt)
 *(.gnu_warning)
 *(.gcc_execpt_table)
 *(.glue_7)
 .glue_7        0x000000000010240c        0x0 linker stubs
 *(.glue_7t)
 .glue_7t       0x000000000010240c        0x0 linker stubs
 *(.vfp11_veneer)
 .vfp11_veneer  0x000000000010240c        0x0 linker stubs
 *(.ARM.extab)
 *(.gnu.linkonce.armextab.*)
 *(.note.gnu.build-id)
 .note.gnu.build-id
                0x000000000010240c       0x24 linker stubs

.v4_bx          0x0000000000102430        0x0
 .v4_bx         0x0000000000102430        0x0 linker stubs

.iplt           0x0000000000102430        0x0
 .iplt          0x0000000000102430        0x0 D:/Xilinx/Vitis/2023.1/gnu/aarch32/nt/gcc-arm-none-eabi/bin//../aarch32-xilinx-eabi/usr/lib/thumb/v7-a+fp/hard/crtbegin.o

.init           0x0000000000102430        0xc
 *(.init)
 .init          0x0000000000102430        0x4 D:/Xilinx/Vitis/2023.1/gnu/aarch32/nt/gcc-arm-none-eabi/bin//../aarch32-xilinx-eabi/usr/lib/thumb/v7-a+fp/hard/crti.o
                0x0000000000102430                _init
 .init          0x0000000000102434        0x8 D:/Xilinx/Vitis/2023.1/gnu/aarch32/nt/gcc-arm-none-eabi/bin//../aarch32-xilinx-eabi/usr/lib/thumb/v7-a+fp/hard/crtn.o

.fini           0x000000000010243c        0xc
 *(.fini)
 .fini          0x000000000010243c        0x4 D:/Xilinx/Vitis/2023.1/gnu/aarch32/nt/gcc-arm-none-eabi/bin//../aarch32-xilinx-eabi/usr/lib/thumb/v7-a+fp/hard/crti.o
                0x000000000010243c                _fini
 .fini          0x0000000000102440        0x8 D:/Xilinx/Vitis/2023.1/gnu/aarch32/nt/gcc-arm-none-eabi/bin//../aarch32-xilinx-eabi/usr/lib/thumb/v7-a+fp/hard/crtn.o

.rodata         0x0000000000102448      0x1dd
                0x0000000000102448                __rodata_start = .
 *(.rodata)
 .rodata        0x0000000000102448      0x101 D:/Xilinx/Vitis/2023.1/gnu/aarch32/nt/gcc-arm-none-eabi/bin//../aarch32-xilinx-eabi/usr/lib/thumb/v7-a+fp/hard\libc.a(lib_a-ctype_.o)
                0x0000000000102448                _ctype_
 *fill*         0x0000000000102549        0x3 
 .rodata        0x000000000010254c        0x4 D:/Xilinx/Vitis/2023.1/gnu/aarch32/nt/gcc-arm-none-eabi/bin//../aarch32-xilinx-eabi/usr/lib/thumb/v7-a+fp/hard\libc.a(lib_a-impure.o)
                0x000000000010254c                _global_impure_ptr
 *(.rodata.*)
 .rodata.main.str1.1
                0x0000000000102550       0xc2 D:\FPGAhanjia\Hetero_SoC_2026_3\Hetero_SoC_2026\HCS_SOC\crypto_direct_write_smoke_app\build\read_only\obj\main.o
 *fill*         0x0000000000102612        0x2 
 .rodata.str1.4
                0x0000000000102614       0x11 D:\FPGAhanjia\Hetero_SoC_2026_3\Hetero_SoC_2026\HCS_SOC\platform\export\platform\sw\standalone_ps7_cortexa9_0\lib\libxilstandalone.a(xil_printf.c.obj)
 *(.gnu.linkonce.r.*)
                0x0000000000102625                __rodata_end = .

.rodata1        0x0000000000102625        0x0
                0x0000000000102625                __rodata1_start = .
 *(.rodata1)
 *(.rodata1.*)
                0x0000000000102625                __rodata1_end = .

.sdata2         0x0000000000102625        0x0
                0x0000000000102625                __sdata2_start = .
 *(.sdata2)
 *(.sdata2.*)
 *(.gnu.linkonce.s2.*)
                0x0000000000102625                __sdata2_end = .

.sbss2          0x0000000000102625        0x0
                0x0000000000102625                __sbss2_start = .
 *(.sbss2)
 *(.sbss2.*)
 *(.gnu.linkonce.sb2.*)
                0x0000000000102625                __sbss2_end = .

.data           0x0000000000102628      0x468
                0x0000000000102628                __data_start = .
 *(.data)
 .data          0x0000000000102628       0x38 D:\FPGAhanjia\Hetero_SoC_2026_3\Hetero_SoC_2026\HCS_SOC\platform\export\platform\sw\standalone_ps7_cortexa9_0\lib\libxilstandalone.a(xil_exception.c.obj)
                0x0000000000102628                XExc_VectorTable
 .data          0x0000000000102660      0x430 D:/Xilinx/Vitis/2023.1/gnu/aarch32/nt/gcc-arm-none-eabi/bin//../aarch32-xilinx-eabi/usr/lib/thumb/v7-a+fp/hard\libc.a(lib_a-impure.o)
                0x0000000000102660                _impure_ptr
 *(.data.*)
 *(.gnu.linkonce.d.*)
 *(.jcr)
 *(.got)
 *(.got.plt)
                0x0000000000102a90                __data_end = .

.tm_clone_table
                0x0000000000102a90        0x0
 .tm_clone_table
                0x0000000000102a90        0x0 D:/Xilinx/Vitis/2023.1/gnu/aarch32/nt/gcc-arm-none-eabi/bin//../aarch32-xilinx-eabi/usr/lib/thumb/v7-a+fp/hard/crtbegin.o
 .tm_clone_table
                0x0000000000102a90        0x0 D:/Xilinx/Vitis/2023.1/gnu/aarch32/nt/gcc-arm-none-eabi/bin//../aarch32-xilinx-eabi/usr/lib/thumb/v7-a+fp/hard/crtend.o

.igot.plt       0x0000000000102a90        0x0
 .igot.plt      0x0000000000102a90        0x0 D:/Xilinx/Vitis/2023.1/gnu/aarch32/nt/gcc-arm-none-eabi/bin//../aarch32-xilinx-eabi/usr/lib/thumb/v7-a+fp/hard/crtbegin.o

.data1          0x0000000000102a90        0x0
                0x0000000000102a90                __data1_start = .
 *(.data1)
 *(.data1.*)
                0x0000000000102a90                __data1_end = .

.got
 *(.got)

.ctors          0x0000000000102a90        0x0
                0x0000000000102a90                __CTOR_LIST__ = .
                0x0000000000102a90                ___CTORS_LIST___ = .
 *crtbegin.o(.ctors)
 *(EXCLUDE_FILE(*crtend.o) .ctors)
 *(SORT_BY_NAME(.ctors.*))
 *(.ctors)
                0x0000000000102a90                __CTOR_END__ = .
                0x0000000000102a90                ___CTORS_END___ = .

.dtors          0x0000000000102a90        0x0
                0x0000000000102a90                __DTOR_LIST__ = .
                0x0000000000102a90                ___DTORS_LIST___ = .
 *crtbegin.o(.dtors)
 *(EXCLUDE_FILE(*crtend.o) .dtors)
 *(SORT_BY_NAME(.dtors.*))
 *(.dtors)
                0x0000000000102a90                __DTOR_END__ = .
                0x0000000000102a90                ___DTORS_END___ = .

.fixup          0x0000000000102a90        0x0
                0x0000000000102a90                __fixup_start = .
 *(.fixup)
                0x0000000000102a90                __fixup_end = .

.eh_frame       0x0000000000102a90        0x0
 *(.eh_frame)
 .eh_frame      0x0000000000102a90        0x0 D:/Xilinx/Vitis/2023.1/gnu/aarch32/nt/gcc-arm-none-eabi/bin//../aarch32-xilinx-eabi/usr/lib/thumb/v7-a+fp/hard/crtbegin.o

.eh_framehdr    0x0000000000102a90        0x0
                0x0000000000102a90                __eh_framehdr_start = .
 *(.eh_framehdr)
                0x0000000000102a90                __eh_framehdr_end = .

.gcc_except_table
 *(.gcc_except_table)

.mmu_tbl        0x0000000000104000     0x4000
                0x0000000000104000                __mmu_tbl_start = .
 *(.mmu_tbl)
 .mmu_tbl       0x0000000000104000     0x4000 D:\FPGAhanjia\Hetero_SoC_2026_3\Hetero_SoC_2026\HCS_SOC\platform\export\platform\sw\standalone_ps7_cortexa9_0\lib\libxilstandalone.a(translation_table.S.obj)
                0x0000000000104000                MMUTable
                0x0000000000108000                __mmu_tbl_end = .

.ARM.exidx      0x0000000000108000        0x8
                0x0000000000108000                __exidx_start = .
 *(.ARM.exidx*)
 .ARM.exidx     0x0000000000108000        0x8 D:/Xilinx/Vitis/2023.1/gnu/aarch32/nt/gcc-arm-none-eabi/bin//../aarch32-xilinx-eabi/usr/lib/thumb/v7-a+fp/hard\libgcc.a(_udivmoddi4.o)
 *(.gnu.linkonce.armexidix.*.*)
                0x0000000000108008                __exidx_end = .

.rel.dyn        0x0000000000108008        0x0
 .rel.iplt      0x0000000000108008        0x0 D:/Xilinx/Vitis/2023.1/gnu/aarch32/nt/gcc-arm-none-eabi/bin//../aarch32-xilinx-eabi/usr/lib/thumb/v7-a+fp/hard/crtbegin.o

.preinit_array  0x0000000000108008        0x0
                0x0000000000108008                __preinit_array_start = .
 *(SORT_BY_NAME(.preinit_array.*))
 *(.preinit_array)
                0x0000000000108008                __preinit_array_end = .

.init_array     0x0000000000108008        0x4
                0x0000000000108008                __init_array_start = .
 *(SORT_BY_NAME(.init_array.*))
 *(.init_array)
 .init_array    0x0000000000108008        0x4 D:/Xilinx/Vitis/2023.1/gnu/aarch32/nt/gcc-arm-none-eabi/bin//../aarch32-xilinx-eabi/usr/lib/thumb/v7-a+fp/hard/crtbegin.o
                0x000000000010800c                __init_array_end = .

.fini_array     0x000000000010800c        0x4
                0x000000000010800c                __fini_array_start = .
 *(SORT_BY_NAME(.fini_array.*))
 *(.fini_array)
 .fini_array    0x000000000010800c        0x4 D:/Xilinx/Vitis/2023.1/gnu/aarch32/nt/gcc-arm-none-eabi/bin//../aarch32-xilinx-eabi/usr/lib/thumb/v7-a+fp/hard/crtbegin.o
                0x0000000000108010                __fini_array_end = .

.drvcfg_sec     0x0000000000108010        0x0
                0x0000000000108010                . = ALIGN (0x8)
                0x0000000000108010                __drvcfgsecdata_start = .
 *(.drvcfg_sec)
                0x0000000000108010                __drvcfgsecdata_end = .
                0x0000000000108010                __drvcfgsecdata_size = (__drvcfgsecdata_end - __drvcfgsecdata_start)

.ARM.attributes
                0x0000000000108010       0x33
                0x0000000000108010                __ARM.attributes_start = .
 *(.ARM.attributes)
 .ARM.attributes
                0x0000000000108010       0x21 D:/Xilinx/Vitis/2023.1/gnu/aarch32/nt/gcc-arm-none-eabi/bin//../aarch32-xilinx-eabi/usr/lib/thumb/v7-a+fp/hard/crti.o
 .ARM.attributes
                0x0000000000108031       0x33 D:/Xilinx/Vitis/2023.1/gnu/aarch32/nt/gcc-arm-none-eabi/bin//../aarch32-xilinx-eabi/usr/lib/thumb/v7-a+fp/hard/crtbegin.o
 .ARM.attributes
                0x0000000000108064       0x37 D:\FPGAhanjia\Hetero_SoC_2026_3\Hetero_SoC_2026\HCS_SOC\crypto_direct_write_smoke_app\build\read_only\obj\main.o
 .ARM.attributes
                0x000000000010809b       0x37 D:\FPGAhanjia\Hetero_SoC_2026_3\Hetero_SoC_2026\HCS_SOC\platform\export\platform\sw\standalone_ps7_cortexa9_0\lib\libxilstandalone.a(xil_printf.c.obj)
 .ARM.attributes
                0x00000000001080d2       0x23 D:\FPGAhanjia\Hetero_SoC_2026_3\Hetero_SoC_2026\HCS_SOC\platform\export\platform\sw\standalone_ps7_cortexa9_0\lib\libxilstandalone.a(boot.S.obj)
 .ARM.attributes
                0x00000000001080f5       0x23 D:\FPGAhanjia\Hetero_SoC_2026_3\Hetero_SoC_2026\HCS_SOC\platform\export\platform\sw\standalone_ps7_cortexa9_0\lib\libxilstandalone.a(xil-crt0.S.obj)
 .ARM.attributes
                0x0000000000108118       0x37 D:\FPGAhanjia\Hetero_SoC_2026_3\Hetero_SoC_2026\HCS_SOC\platform\export\platform\sw\standalone_ps7_cortexa9_0\lib\libxilstandalone.a(xil_cache.c.obj)
 .ARM.attributes
                0x000000000010814f       0x37 D:\FPGAhanjia\Hetero_SoC_2026_3\Hetero_SoC_2026\HCS_SOC\platform\export\platform\sw\standalone_ps7_cortexa9_0\lib\libxilstandalone.a(vectors.c.obj)
 .ARM.attributes
                0x0000000000108186       0x37 D:\FPGAhanjia\Hetero_SoC_2026_3\Hetero_SoC_2026\HCS_SOC\platform\export\platform\sw\standalone_ps7_cortexa9_0\lib\libxilstandalone.a(xil_exception.c.obj)
 .ARM.attributes
                0x00000000001081bd       0x23 D:\FPGAhanjia\Hetero_SoC_2026_3\Hetero_SoC_2026\HCS_SOC\platform\export\platform\sw\standalone_ps7_cortexa9_0\lib\libxilstandalone.a(translation_table.S.obj)
 .ARM.attributes
                0x00000000001081e0       0x23 D:\FPGAhanjia\Hetero_SoC_2026_3\Hetero_SoC_2026\HCS_SOC\platform\export\platform\sw\standalone_ps7_cortexa9_0\lib\libxilstandalone.a(cpu_init.S.obj)
 .ARM.attributes
                0x0000000000108203       0x37 D:\FPGAhanjia\Hetero_SoC_2026_3\Hetero_SoC_2026\HCS_SOC\platform\export\platform\sw\standalone_ps7_cortexa9_0\lib\libxil.a(xcoresightpsdcc.c.obj)
 .ARM.attributes
                0x000000000010823a       0x33 D:/Xilinx/Vitis/2023.1/gnu/aarch32/nt/gcc-arm-none-eabi/bin//../aarch32-xilinx-eabi/usr/lib/thumb/v7-a+fp/hard\libc.a(lib_a-ctype_.o)
 .ARM.attributes
                0x000000000010826d       0x33 D:/Xilinx/Vitis/2023.1/gnu/aarch32/nt/gcc-arm-none-eabi/bin//../aarch32-xilinx-eabi/usr/lib/thumb/v7-a+fp/hard\libc.a(lib_a-exit.o)
 .ARM.attributes
                0x00000000001082a0       0x33 D:/Xilinx/Vitis/2023.1/gnu/aarch32/nt/gcc-arm-none-eabi/bin//../aarch32-xilinx-eabi/usr/lib/thumb/v7-a+fp/hard\libc.a(lib_a-fini.o)
 .ARM.attributes
                0x00000000001082d3       0x33 D:/Xilinx/Vitis/2023.1/gnu/aarch32/nt/gcc-arm-none-eabi/bin//../aarch32-xilinx-eabi/usr/lib/thumb/v7-a+fp/hard\libc.a(lib_a-impure.o)
 .ARM.attributes
                0x0000000000108306       0x33 D:/Xilinx/Vitis/2023.1/gnu/aarch32/nt/gcc-arm-none-eabi/bin//../aarch32-xilinx-eabi/usr/lib/thumb/v7-a+fp/hard\libc.a(lib_a-init.o)
 .ARM.attributes
                0x0000000000108339       0x19 D:/Xilinx/Vitis/2023.1/gnu/aarch32/nt/gcc-arm-none-eabi/bin//../aarch32-xilinx-eabi/usr/lib/thumb/v7-a+fp/hard\libc.a(lib_a-strlen.o)
 .ARM.attributes
                0x0000000000108352       0x33 D:/Xilinx/Vitis/2023.1/gnu/aarch32/nt/gcc-arm-none-eabi/bin//../aarch32-xilinx-eabi/usr/lib/thumb/v7-a+fp/hard\libc.a(lib_a-__call_atexit.o)
 .ARM.attributes
                0x0000000000108385       0x21 D:/Xilinx/Vitis/2023.1/gnu/aarch32/nt/gcc-arm-none-eabi/bin//../aarch32-xilinx-eabi/usr/lib/thumb/v7-a+fp/hard\libgcc.a(_udivsi3.o)
 .ARM.attributes
                0x00000000001083a6       0x21 D:/Xilinx/Vitis/2023.1/gnu/aarch32/nt/gcc-arm-none-eabi/bin//../aarch32-xilinx-eabi/usr/lib/thumb/v7-a+fp/hard\libgcc.a(_dvmd_tls.o)
 .ARM.attributes
                0x00000000001083c7       0x21 D:/Xilinx/Vitis/2023.1/gnu/aarch32/nt/gcc-arm-none-eabi/bin//../aarch32-xilinx-eabi/usr/lib/thumb/v7-a+fp/hard\libgcc.a(_aeabi_uldivmod.o)
 .ARM.attributes
                0x00000000001083e8       0x33 D:/Xilinx/Vitis/2023.1/gnu/aarch32/nt/gcc-arm-none-eabi/bin//../aarch32-xilinx-eabi/usr/lib/thumb/v7-a+fp/hard\libgcc.a(_udivmoddi4.o)
 .ARM.attributes
                0x000000000010841b       0x37 D:\FPGAhanjia\Hetero_SoC_2026_3\Hetero_SoC_2026\HCS_SOC\platform\export\platform\sw\standalone_ps7_cortexa9_0\lib\libxilstandalone.a(_exit.c.obj)
 .ARM.attributes
                0x0000000000108452       0x33 D:/Xilinx/Vitis/2023.1/gnu/aarch32/nt/gcc-arm-none-eabi/bin//../aarch32-xilinx-eabi/usr/lib/thumb/v7-a+fp/hard/crtend.o
 .ARM.attributes
                0x0000000000108485       0x21 D:/Xilinx/Vitis/2023.1/gnu/aarch32/nt/gcc-arm-none-eabi/bin//../aarch32-xilinx-eabi/usr/lib/thumb/v7-a+fp/hard/crtn.o
                0x00000000001084a6                __ARM.attributes_end = .

.sdata          0x0000000000108010        0x0
                0x0000000000108010                __sdata_start = .
 *(.sdata)
 *(.sdata.*)
 *(.gnu.linkonce.s.*)
                0x0000000000108010                __sdata_end = .

.sbss           0x0000000000108010        0x0
                0x0000000000108010                __sbss_start = .
 *(.sbss)
 *(.sbss.*)
 *(.gnu.linkonce.sb.*)
                0x0000000000108010                __sbss_end = .

.tdata          0x0000000000108010        0x0
                0x0000000000108010                __tdata_start = .
 *(.tdata)
 *(.tdata.*)
 *(.gnu.linkonce.td.*)
                0x0000000000108010                __tdata_end = .

.tbss           0x0000000000108010        0x0
                0x0000000000108010                __tbss_start = .
 *(.tbss)
 *(.tbss.*)
 *(.gnu.linkonce.tb.*)
                0x0000000000108010                __tbss_end = .

.bss            0x0000000000108010       0x28
                0x0000000000108010                __bss_start = .
 *(.bss)
 .bss           0x0000000000108010       0x1c D:/Xilinx/Vitis/2023.1/gnu/aarch32/nt/gcc-arm-none-eabi/bin//../aarch32-xilinx-eabi/usr/lib/thumb/v7-a+fp/hard/crtbegin.o
 .bss           0x000000000010802c        0xc D:\FPGAhanjia\Hetero_SoC_2026_3\Hetero_SoC_2026\HCS_SOC\platform\export\platform\sw\standalone_ps7_cortexa9_0\lib\libxilstandalone.a(xil_exception.c.obj)
                0x000000000010802c                UndefinedExceptionAddr
                0x0000000000108030                PrefetchAbortAddr
                0x0000000000108034                DataAbortAddr
 *(.bss.*)
 *(.gnu.linkonce.b.*)
 *(COMMON)
                0x0000000000108038                __bss_end = .
                0x0000000000108010                _SDA_BASE_ = (__sdata_start + ((__sbss_end - __sdata_start) / 0x2))
                0x0000000000102625                _SDA2_BASE_ = (__sdata2_start + ((__sbss2_end - __sdata2_start) / 0x2))

.heap           0x0000000000108038     0x2008
                0x0000000000108040                . = ALIGN (0x10)
 *fill*         0x0000000000108038        0x8 
                0x0000000000108040                _heap = .
                0x0000000000108040                HeapBase = .
                0x0000000000108040                _heap_start = .
                0x000000000010a040                . = (. + _HEAP_SIZE)
 *fill*         0x0000000000108040     0x2000 
                0x000000000010a040                _heap_end = .
                0x000000000010a040                HeapLimit = .

.stack          0x000000000010a040     0x3800
                0x000000000010a040                . = ALIGN (0x10)
                0x000000000010a040                _stack_end = .
                0x000000000010c040                . = (. + _STACK_SIZE)
 *fill*         0x000000000010a040     0x2000 
                0x000000000010c040                . = ALIGN (0x10)
                0x000000000010c040                _stack = .
                0x000000000010c040                __stack = _stack
                0x000000000010c440                . = (. + _ABORT_STACK_SIZE)
 *fill*         0x000000000010c040      0x400 
                0x000000000010c440                __abort_stack = .
                0x000000000010cc40                . = (. + _SUPERVISOR_STACK_SIZE)
 *fill*         0x000000000010c440      0x800 
                0x000000000010cc40                __supervisor_stack = .
                0x000000000010d040                . = (. + _IRQ_STACK_SIZE)
 *fill*         0x000000000010cc40      0x400 
                0x000000000010d040                __irq_stack = .
                0x000000000010d440                . = (. + _FIQ_STACK_SIZE)
 *fill*         0x000000000010d040      0x400 
                0x000000000010d440                __fiq_stack = .
                0x000000000010d840                . = (. + _UNDEF_STACK_SIZE)
 *fill*         0x000000000010d440      0x400 
                0x000000000010d840                __undef_stack = .
                0x000000000010d840                _end = .
START GROUP
LOAD D:\FPGAhanjia\Hetero_SoC_2026_3\Hetero_SoC_2026\HCS_SOC\platform\export\platform\sw\standalone_ps7_cortexa9_0\lib\libxilstandalone.a
LOAD D:\FPGAhanjia\Hetero_SoC_2026_3\Hetero_SoC_2026\HCS_SOC\platform\export\platform\sw\standalone_ps7_cortexa9_0\lib\libxiltimer.a
LOAD D:\FPGAhanjia\Hetero_SoC_2026_3\Hetero_SoC_2026\HCS_SOC\platform\export\platform\sw\standalone_ps7_cortexa9_0\lib\libxil.a
LOAD D:/Xilinx/Vitis/2023.1/gnu/aarch32/nt/gcc-arm-none-eabi/bin//../aarch32-xilinx-eabi/usr/lib/thumb/v7-a+fp/hard\libc.a
LOAD D:/Xilinx/Vitis/2023.1/gnu/aarch32/nt/gcc-arm-none-eabi/bin//../aarch32-xilinx-eabi/usr/lib/thumb/v7-a+fp/hard\libgcc.a
LOAD D:/Xilinx/Vitis/2023.1/gnu/aarch32/nt/gcc-arm-none-eabi/bin//../aarch32-xilinx-eabi/usr/lib/thumb/v7-a+fp/hard\libm.a
END GROUP
START GROUP
LOAD D:/Xilinx/Vitis/2023.1/gnu/aarch32/nt/gcc-arm-none-eabi/bin//../aarch32-xilinx-eabi/usr/lib/thumb/v7-a+fp/hard\libgcc.a
LOAD D:/Xilinx/Vitis/2023.1/gnu/aarch32/nt/gcc-arm-none-eabi/bin//../aarch32-xilinx-eabi/usr/lib/thumb/v7-a+fp/hard\libc.a
END GROUP
LOAD D:/Xilinx/Vitis/2023.1/gnu/aarch32/nt/gcc-arm-none-eabi/bin//../aarch32-xilinx-eabi/usr/lib/thumb/v7-a+fp/hard/crtend.o
LOAD D:/Xilinx/Vitis/2023.1/gnu/aarch32/nt/gcc-arm-none-eabi/bin//../aarch32-xilinx-eabi/usr/lib/thumb/v7-a+fp/hard/crtn.o
OUTPUT(D:\FPGAhanjia\Hetero_SoC_2026_3\Hetero_SoC_2026\HCS_SOC\crypto_direct_write_smoke_app\build\read_only\ax7020_crypto_direct_write_smoke_read_only.elf elf32-littlearm)
LOAD linker stubs

.comment        0x0000000000000000       0x12
 .comment       0x0000000000000000       0x12 D:/Xilinx/Vitis/2023.1/gnu/aarch32/nt/gcc-arm-none-eabi/bin//../aarch32-xilinx-eabi/usr/lib/thumb/v7-a+fp/hard/crtbegin.o
                                         0x13 (size before relaxing)
 .comment       0x0000000000000012       0x13 D:\FPGAhanjia\Hetero_SoC_2026_3\Hetero_SoC_2026\HCS_SOC\crypto_direct_write_smoke_app\build\read_only\obj\main.o
 .comment       0x0000000000000012       0x13 D:\FPGAhanjia\Hetero_SoC_2026_3\Hetero_SoC_2026\HCS_SOC\platform\export\platform\sw\standalone_ps7_cortexa9_0\lib\libxilstandalone.a(xil_printf.c.obj)
 .comment       0x0000000000000012       0x13 D:\FPGAhanjia\Hetero_SoC_2026_3\Hetero_SoC_2026\HCS_SOC\platform\export\platform\sw\standalone_ps7_cortexa9_0\lib\libxilstandalone.a(xil_cache.c.obj)
 .comment       0x0000000000000012       0x13 D:\FPGAhanjia\Hetero_SoC_2026_3\Hetero_SoC_2026\HCS_SOC\platform\export\platform\sw\standalone_ps7_cortexa9_0\lib\libxilstandalone.a(vectors.c.obj)
 .comment       0x0000000000000012       0x13 D:\FPGAhanjia\Hetero_SoC_2026_3\Hetero_SoC_2026\HCS_SOC\platform\export\platform\sw\standalone_ps7_cortexa9_0\lib\libxilstandalone.a(xil_exception.c.obj)
 .comment       0x0000000000000012       0x13 D:\FPGAhanjia\Hetero_SoC_2026_3\Hetero_SoC_2026\HCS_SOC\platform\export\platform\sw\standalone_ps7_cortexa9_0\lib\libxil.a(xcoresightpsdcc.c.obj)
 .comment       0x0000000000000012       0x13 D:\FPGAhanjia\Hetero_SoC_2026_3\Hetero_SoC_2026\HCS_SOC\platform\export\platform\sw\standalone_ps7_cortexa9_0\lib\libxilstandalone.a(_exit.c.obj)
 .comment       0x0000000000000012       0x13 D:/Xilinx/Vitis/2023.1/gnu/aarch32/nt/gcc-arm-none-eabi/bin//../aarch32-xilinx-eabi/usr/lib/thumb/v7-a+fp/hard/crtend.o

.debug_info     0x0000000000000000     0x45a9
 .debug_info    0x0000000000000000      0xb16 D:\FPGAhanjia\Hetero_SoC_2026_3\Hetero_SoC_2026\HCS_SOC\platform\export\platform\sw\standalone_ps7_cortexa9_0\lib\libxilstandalone.a(xil_printf.c.obj)
 .debug_info    0x0000000000000b16       0x25 D:\FPGAhanjia\Hetero_SoC_2026_3\Hetero_SoC_2026\HCS_SOC\platform\export\platform\sw\standalone_ps7_cortexa9_0\lib\libxilstandalone.a(boot.S.obj)
 .debug_info    0x0000000000000b3b       0x24 D:\FPGAhanjia\Hetero_SoC_2026_3\Hetero_SoC_2026\HCS_SOC\platform\export\platform\sw\standalone_ps7_cortexa9_0\lib\libxilstandalone.a(xil-crt0.S.obj)
 .debug_info    0x0000000000000b5f     0x32b0 D:\FPGAhanjia\Hetero_SoC_2026_3\Hetero_SoC_2026\HCS_SOC\platform\export\platform\sw\standalone_ps7_cortexa9_0\lib\libxilstandalone.a(xil_cache.c.obj)
 .debug_info    0x0000000000003e0f      0x13d D:\FPGAhanjia\Hetero_SoC_2026_3\Hetero_SoC_2026\HCS_SOC\platform\export\platform\sw\standalone_ps7_cortexa9_0\lib\libxilstandalone.a(vectors.c.obj)
 .debug_info    0x0000000000003f4c      0x314 D:\FPGAhanjia\Hetero_SoC_2026_3\Hetero_SoC_2026\HCS_SOC\platform\export\platform\sw\standalone_ps7_cortexa9_0\lib\libxilstandalone.a(xil_exception.c.obj)
 .debug_info    0x0000000000004260       0x24 D:\FPGAhanjia\Hetero_SoC_2026_3\Hetero_SoC_2026\HCS_SOC\platform\export\platform\sw\standalone_ps7_cortexa9_0\lib\libxilstandalone.a(cpu_init.S.obj)
 .debug_info    0x0000000000004284      0x277 D:\FPGAhanjia\Hetero_SoC_2026_3\Hetero_SoC_2026\HCS_SOC\platform\export\platform\sw\standalone_ps7_cortexa9_0\lib\libxil.a(xcoresightpsdcc.c.obj)
 .debug_info    0x00000000000044fb       0xae D:\FPGAhanjia\Hetero_SoC_2026_3\Hetero_SoC_2026\HCS_SOC\platform\export\platform\sw\standalone_ps7_cortexa9_0\lib\libxilstandalone.a(_exit.c.obj)

.debug_abbrev   0x0000000000000000      0xb97
 .debug_abbrev  0x0000000000000000      0x37b D:\FPGAhanjia\Hetero_SoC_2026_3\Hetero_SoC_2026\HCS_SOC\platform\export\platform\sw\standalone_ps7_cortexa9_0\lib\libxilstandalone.a(xil_printf.c.obj)
 .debug_abbrev  0x000000000000037b       0x14 D:\FPGAhanjia\Hetero_SoC_2026_3\Hetero_SoC_2026\HCS_SOC\platform\export\platform\sw\standalone_ps7_cortexa9_0\lib\libxilstandalone.a(boot.S.obj)
 .debug_abbrev  0x000000000000038f       0x14 D:\FPGAhanjia\Hetero_SoC_2026_3\Hetero_SoC_2026\HCS_SOC\platform\export\platform\sw\standalone_ps7_cortexa9_0\lib\libxilstandalone.a(xil-crt0.S.obj)
 .debug_abbrev  0x00000000000003a3      0x371 D:\FPGAhanjia\Hetero_SoC_2026_3\Hetero_SoC_2026\HCS_SOC\platform\export\platform\sw\standalone_ps7_cortexa9_0\lib\libxilstandalone.a(xil_cache.c.obj)
 .debug_abbrev  0x0000000000000714       0xb5 D:\FPGAhanjia\Hetero_SoC_2026_3\Hetero_SoC_2026\HCS_SOC\platform\export\platform\sw\standalone_ps7_cortexa9_0\lib\libxilstandalone.a(vectors.c.obj)
 .debug_abbrev  0x00000000000007c9      0x1ed D:\FPGAhanjia\Hetero_SoC_2026_3\Hetero_SoC_2026\HCS_SOC\platform\export\platform\sw\standalone_ps7_cortexa9_0\lib\libxilstandalone.a(xil_exception.c.obj)
 .debug_abbrev  0x00000000000009b6       0x14 D:\FPGAhanjia\Hetero_SoC_2026_3\Hetero_SoC_2026\HCS_SOC\platform\export\platform\sw\standalone_ps7_cortexa9_0\lib\libxilstandalone.a(cpu_init.S.obj)
 .debug_abbrev  0x00000000000009ca      0x164 D:\FPGAhanjia\Hetero_SoC_2026_3\Hetero_SoC_2026\HCS_SOC\platform\export\platform\sw\standalone_ps7_cortexa9_0\lib\libxil.a(xcoresightpsdcc.c.obj)
 .debug_abbrev  0x0000000000000b2e       0x69 D:\FPGAhanjia\Hetero_SoC_2026_3\Hetero_SoC_2026\HCS_SOC\platform\export\platform\sw\standalone_ps7_cortexa9_0\lib\libxilstandalone.a(_exit.c.obj)

.debug_loclists
                0x0000000000000000     0x2967
 .debug_loclists
                0x0000000000000000      0x940 D:\FPGAhanjia\Hetero_SoC_2026_3\Hetero_SoC_2026\HCS_SOC\platform\export\platform\sw\standalone_ps7_cortexa9_0\lib\libxilstandalone.a(xil_printf.c.obj)
 .debug_loclists
                0x0000000000000940     0x1f59 D:\FPGAhanjia\Hetero_SoC_2026_3\Hetero_SoC_2026\HCS_SOC\platform\export\platform\sw\standalone_ps7_cortexa9_0\lib\libxilstandalone.a(xil_cache.c.obj)
 .debug_loclists
                0x0000000000002899       0x4a D:\FPGAhanjia\Hetero_SoC_2026_3\Hetero_SoC_2026\HCS_SOC\platform\export\platform\sw\standalone_ps7_cortexa9_0\lib\libxilstandalone.a(xil_exception.c.obj)
 .debug_loclists
                0x00000000000028e3       0x70 D:\FPGAhanjia\Hetero_SoC_2026_3\Hetero_SoC_2026\HCS_SOC\platform\export\platform\sw\standalone_ps7_cortexa9_0\lib\libxil.a(xcoresightpsdcc.c.obj)
 .debug_loclists
                0x0000000000002953       0x14 D:\FPGAhanjia\Hetero_SoC_2026_3\Hetero_SoC_2026\HCS_SOC\platform\export\platform\sw\standalone_ps7_cortexa9_0\lib\libxilstandalone.a(_exit.c.obj)

.debug_aranges  0x0000000000000000      0x120
 .debug_aranges
                0x0000000000000000       0x20 D:\FPGAhanjia\Hetero_SoC_2026_3\Hetero_SoC_2026\HCS_SOC\platform\export\platform\sw\standalone_ps7_cortexa9_0\lib\libxilstandalone.a(xil_printf.c.obj)
 .debug_aranges
                0x0000000000000020       0x20 D:\FPGAhanjia\Hetero_SoC_2026_3\Hetero_SoC_2026\HCS_SOC\platform\export\platform\sw\standalone_ps7_cortexa9_0\lib\libxilstandalone.a(boot.S.obj)
 .debug_aranges
                0x0000000000000040       0x20 D:\FPGAhanjia\Hetero_SoC_2026_3\Hetero_SoC_2026\HCS_SOC\platform\export\platform\sw\standalone_ps7_cortexa9_0\lib\libxilstandalone.a(xil-crt0.S.obj)
 .debug_aranges
                0x0000000000000060       0x20 D:\FPGAhanjia\Hetero_SoC_2026_3\Hetero_SoC_2026\HCS_SOC\platform\export\platform\sw\standalone_ps7_cortexa9_0\lib\libxilstandalone.a(xil_cache.c.obj)
 .debug_aranges
                0x0000000000000080       0x20 D:\FPGAhanjia\Hetero_SoC_2026_3\Hetero_SoC_2026\HCS_SOC\platform\export\platform\sw\standalone_ps7_cortexa9_0\lib\libxilstandalone.a(vectors.c.obj)
 .debug_aranges
                0x00000000000000a0       0x20 D:\FPGAhanjia\Hetero_SoC_2026_3\Hetero_SoC_2026\HCS_SOC\platform\export\platform\sw\standalone_ps7_cortexa9_0\lib\libxilstandalone.a(xil_exception.c.obj)
 .debug_aranges
                0x00000000000000c0       0x20 D:\FPGAhanjia\Hetero_SoC_2026_3\Hetero_SoC_2026\HCS_SOC\platform\export\platform\sw\standalone_ps7_cortexa9_0\lib\libxilstandalone.a(cpu_init.S.obj)
 .debug_aranges
                0x00000000000000e0       0x20 D:\FPGAhanjia\Hetero_SoC_2026_3\Hetero_SoC_2026\HCS_SOC\platform\export\platform\sw\standalone_ps7_cortexa9_0\lib\libxil.a(xcoresightpsdcc.c.obj)
 .debug_aranges
                0x0000000000000100       0x20 D:\FPGAhanjia\Hetero_SoC_2026_3\Hetero_SoC_2026\HCS_SOC\platform\export\platform\sw\standalone_ps7_cortexa9_0\lib\libxilstandalone.a(_exit.c.obj)

.debug_rnglists
                0x0000000000000000      0x347
 .debug_rnglists
                0x0000000000000000       0xa6 D:\FPGAhanjia\Hetero_SoC_2026_3\Hetero_SoC_2026\HCS_SOC\platform\export\platform\sw\standalone_ps7_cortexa9_0\lib\libxilstandalone.a(xil_printf.c.obj)
 .debug_rnglists
                0x00000000000000a6      0x2a1 D:\FPGAhanjia\Hetero_SoC_2026_3\Hetero_SoC_2026\HCS_SOC\platform\export\platform\sw\standalone_ps7_cortexa9_0\lib\libxilstandalone.a(xil_cache.c.obj)

.debug_line     0x0000000000000000     0x3449
 .debug_line    0x0000000000000000      0xb6b D:\FPGAhanjia\Hetero_SoC_2026_3\Hetero_SoC_2026\HCS_SOC\platform\export\platform\sw\standalone_ps7_cortexa9_0\lib\libxilstandalone.a(xil_printf.c.obj)
 .debug_line    0x0000000000000b6b      0x146 D:\FPGAhanjia\Hetero_SoC_2026_3\Hetero_SoC_2026\HCS_SOC\platform\export\platform\sw\standalone_ps7_cortexa9_0\lib\libxilstandalone.a(boot.S.obj)
 .debug_line    0x0000000000000cb1       0x69 D:\FPGAhanjia\Hetero_SoC_2026_3\Hetero_SoC_2026\HCS_SOC\platform\export\platform\sw\standalone_ps7_cortexa9_0\lib\libxilstandalone.a(xil-crt0.S.obj)
 .debug_line    0x0000000000000d1a     0x1d9d D:\FPGAhanjia\Hetero_SoC_2026_3\Hetero_SoC_2026\HCS_SOC\platform\export\platform\sw\standalone_ps7_cortexa9_0\lib\libxilstandalone.a(xil_cache.c.obj)
 .debug_line    0x0000000000002ab7      0x108 D:\FPGAhanjia\Hetero_SoC_2026_3\Hetero_SoC_2026\HCS_SOC\platform\export\platform\sw\standalone_ps7_cortexa9_0\lib\libxilstandalone.a(vectors.c.obj)
 .debug_line    0x0000000000002bbf      0x350 D:\FPGAhanjia\Hetero_SoC_2026_3\Hetero_SoC_2026\HCS_SOC\platform\export\platform\sw\standalone_ps7_cortexa9_0\lib\libxilstandalone.a(xil_exception.c.obj)
 .debug_line    0x0000000000002f0f       0x57 D:\FPGAhanjia\Hetero_SoC_2026_3\Hetero_SoC_2026\HCS_SOC\platform\export\platform\sw\standalone_ps7_cortexa9_0\lib\libxilstandalone.a(cpu_init.S.obj)
 .debug_line    0x0000000000002f66      0x2f3 D:\FPGAhanjia\Hetero_SoC_2026_3\Hetero_SoC_2026\HCS_SOC\platform\export\platform\sw\standalone_ps7_cortexa9_0\lib\libxil.a(xcoresightpsdcc.c.obj)
 .debug_line    0x0000000000003259      0x1f0 D:\FPGAhanjia\Hetero_SoC_2026_3\Hetero_SoC_2026\HCS_SOC\platform\export\platform\sw\standalone_ps7_cortexa9_0\lib\libxilstandalone.a(_exit.c.obj)

.debug_str      0x0000000000000000      0xecb
 .debug_str     0x0000000000000000      0x3ab D:\FPGAhanjia\Hetero_SoC_2026_3\Hetero_SoC_2026\HCS_SOC\platform\export\platform\sw\standalone_ps7_cortexa9_0\lib\libxilstandalone.a(xil_printf.c.obj)
                                        0x423 (size before relaxing)
 .debug_str     0x00000000000003ab       0xaa D:\FPGAhanjia\Hetero_SoC_2026_3\Hetero_SoC_2026\HCS_SOC\platform\export\platform\sw\standalone_ps7_cortexa9_0\lib\libxilstandalone.a(boot.S.obj)
                                        0x135 (size before relaxing)
 .debug_str     0x0000000000000455        0xb D:\FPGAhanjia\Hetero_SoC_2026_3\Hetero_SoC_2026\HCS_SOC\platform\export\platform\sw\standalone_ps7_cortexa9_0\lib\libxilstandalone.a(xil-crt0.S.obj)
                                         0xa4 (size before relaxing)
 .debug_str     0x0000000000000460      0x51f D:\FPGAhanjia\Hetero_SoC_2026_3\Hetero_SoC_2026\HCS_SOC\platform\export\platform\sw\standalone_ps7_cortexa9_0\lib\libxilstandalone.a(xil_cache.c.obj)
                                        0x71e (size before relaxing)
 .debug_str     0x000000000000097f      0x13d D:\FPGAhanjia\Hetero_SoC_2026_3\Hetero_SoC_2026\HCS_SOC\platform\export\platform\sw\standalone_ps7_cortexa9_0\lib\libxilstandalone.a(vectors.c.obj)
                                        0x2ed (size before relaxing)
 .debug_str     0x0000000000000abc      0x1c6 D:\FPGAhanjia\Hetero_SoC_2026_3\Hetero_SoC_2026\HCS_SOC\platform\export\platform\sw\standalone_ps7_cortexa9_0\lib\libxilstandalone.a(xil_exception.c.obj)
                                        0x3cb (size before relaxing)
 .debug_str     0x0000000000000c82       0xa0 D:\FPGAhanjia\Hetero_SoC_2026_3\Hetero_SoC_2026\HCS_SOC\platform\export\platform\sw\standalone_ps7_cortexa9_0\lib\libxilstandalone.a(cpu_init.S.obj)
                                        0x139 (size before relaxing)
 .debug_str     0x0000000000000d22       0xfa D:\FPGAhanjia\Hetero_SoC_2026_3\Hetero_SoC_2026\HCS_SOC\platform\export\platform\sw\standalone_ps7_cortexa9_0\lib\libxil.a(xcoresightpsdcc.c.obj)
                                        0x2dc (size before relaxing)
 .debug_str     0x0000000000000e1c       0xaf D:\FPGAhanjia\Hetero_SoC_2026_3\Hetero_SoC_2026\HCS_SOC\platform\export\platform\sw\standalone_ps7_cortexa9_0\lib\libxilstandalone.a(_exit.c.obj)
                                        0x257 (size before relaxing)

.debug_frame    0x0000000000000000      0x534
 .debug_frame   0x0000000000000000       0xe4 D:\FPGAhanjia\Hetero_SoC_2026_3\Hetero_SoC_2026\HCS_SOC\platform\export\platform\sw\standalone_ps7_cortexa9_0\lib\libxilstandalone.a(xil_printf.c.obj)
 .debug_frame   0x00000000000000e4      0x2e0 D:\FPGAhanjia\Hetero_SoC_2026_3\Hetero_SoC_2026\HCS_SOC\platform\export\platform\sw\standalone_ps7_cortexa9_0\lib\libxilstandalone.a(xil_cache.c.obj)
 .debug_frame   0x00000000000003c4       0x70 D:\FPGAhanjia\Hetero_SoC_2026_3\Hetero_SoC_2026\HCS_SOC\platform\export\platform\sw\standalone_ps7_cortexa9_0\lib\libxilstandalone.a(vectors.c.obj)
 .debug_frame   0x0000000000000434       0x90 D:\FPGAhanjia\Hetero_SoC_2026_3\Hetero_SoC_2026\HCS_SOC\platform\export\platform\sw\standalone_ps7_cortexa9_0\lib\libxilstandalone.a(xil_exception.c.obj)
 .debug_frame   0x00000000000004c4       0x50 D:\FPGAhanjia\Hetero_SoC_2026_3\Hetero_SoC_2026\HCS_SOC\platform\export\platform\sw\standalone_ps7_cortexa9_0\lib\libxil.a(xcoresightpsdcc.c.obj)
 .debug_frame   0x0000000000000514       0x20 D:\FPGAhanjia\Hetero_SoC_2026_3\Hetero_SoC_2026\HCS_SOC\platform\export\platform\sw\standalone_ps7_cortexa9_0\lib\libxilstandalone.a(_exit.c.obj)

.debug_line_str
                0x0000000000000000      0x13d
 .debug_line_str
                0x0000000000000000      0x127 D:\FPGAhanjia\Hetero_SoC_2026_3\Hetero_SoC_2026\HCS_SOC\platform\export\platform\sw\standalone_ps7_cortexa9_0\lib\libxilstandalone.a(boot.S.obj)
 .debug_line_str
                0x0000000000000127        0xb D:\FPGAhanjia\Hetero_SoC_2026_3\Hetero_SoC_2026\HCS_SOC\platform\export\platform\sw\standalone_ps7_cortexa9_0\lib\libxilstandalone.a(xil-crt0.S.obj)
                                        0x136 (size before relaxing)
 .debug_line_str
                0x0000000000000132        0xb D:\FPGAhanjia\Hetero_SoC_2026_3\Hetero_SoC_2026\HCS_SOC\platform\export\platform\sw\standalone_ps7_cortexa9_0\lib\libxilstandalone.a(cpu_init.S.obj)
                                        0x12b (size before relaxing)
