Archive member included to satisfy reference by file (symbol)

D:\FPGAhanjia\Hetero_SoC_2026_3\Hetero_SoC_2026\HCS_SOC\platform\\ps7_cortexa9_0\\standalone_ps7_cortexa9_0\\bsp\lib\libxil.a(xemacps_g.c.obj)
                              D:\FPGAhanjia\Hetero_SoC_2026_3\Hetero_SoC_2026\HCS_SOC\ax7020_official_net_test_app\\manual_build\obj\xemacpsif_hw_1097686856.o (XEmacPs_ConfigTable)
D:\FPGAhanjia\Hetero_SoC_2026_3\Hetero_SoC_2026\HCS_SOC\platform\\ps7_cortexa9_0\\standalone_ps7_cortexa9_0\\bsp\lib\libxil.a(xemacps_control.c.obj)
                              D:\FPGAhanjia\Hetero_SoC_2026_3\Hetero_SoC_2026\HCS_SOC\ax7020_official_net_test_app\\manual_build\obj\xemacpsif_hw_1097686856.o (XEmacPs_SetMacAddress)
D:\FPGAhanjia\Hetero_SoC_2026_3\Hetero_SoC_2026\HCS_SOC\platform\\ps7_cortexa9_0\\standalone_ps7_cortexa9_0\\bsp\lib\libxil.a(xemacps.c.obj)
                              D:\FPGAhanjia\Hetero_SoC_2026_3\Hetero_SoC_2026\HCS_SOC\ax7020_official_net_test_app\\manual_build\obj\xemacpsif_hw_1097686856.o (XEmacPs_Start)
D:\FPGAhanjia\Hetero_SoC_2026_3\Hetero_SoC_2026\HCS_SOC\platform\\ps7_cortexa9_0\\standalone_ps7_cortexa9_0\\bsp\lib\libxil.a(xemacps_bdring.c.obj)
                              D:\FPGAhanjia\Hetero_SoC_2026_3\Hetero_SoC_2026\HCS_SOC\ax7020_official_net_test_app\\manual_build\obj\xemacpsif_dma_1011328281.o (XEmacPs_BdRingCreate)
D:\FPGAhanjia\Hetero_SoC_2026_3\Hetero_SoC_2026\HCS_SOC\platform\\ps7_cortexa9_0\\standalone_ps7_cortexa9_0\\bsp\lib\libxil.a(xemacps_intr.c.obj)
                              D:\FPGAhanjia\Hetero_SoC_2026_3\Hetero_SoC_2026\HCS_SOC\ax7020_official_net_test_app\\manual_build\obj\xemacpsif_hw_1097686856.o (XEmacPs_SetHandler)
D:\FPGAhanjia\Hetero_SoC_2026_3\Hetero_SoC_2026\HCS_SOC\platform\\ps7_cortexa9_0\\standalone_ps7_cortexa9_0\\bsp\lib\libxil.a(xscugic_hw.c.obj)
                              D:\FPGAhanjia\Hetero_SoC_2026_3\Hetero_SoC_2026\HCS_SOC\ax7020_official_net_test_app\\manual_build\obj\platform_zynq_1443476899.o (XScuGic_DeviceInitialize)
D:\FPGAhanjia\Hetero_SoC_2026_3\Hetero_SoC_2026\HCS_SOC\platform\\ps7_cortexa9_0\\standalone_ps7_cortexa9_0\\bsp\lib\libxil.a(xscugic_g.c.obj)
                              D:\FPGAhanjia\Hetero_SoC_2026_3\Hetero_SoC_2026\HCS_SOC\platform\\ps7_cortexa9_0\\standalone_ps7_cortexa9_0\\bsp\lib\libxil.a(xscugic_hw.c.obj) (XScuGic_ConfigTable)
D:\FPGAhanjia\Hetero_SoC_2026_3\Hetero_SoC_2026\HCS_SOC\platform\\ps7_cortexa9_0\\standalone_ps7_cortexa9_0\\bsp\lib\libxil.a(xscugic_sinit.c.obj)
                              D:\FPGAhanjia\Hetero_SoC_2026_3\Hetero_SoC_2026\HCS_SOC\platform\\ps7_cortexa9_0\\standalone_ps7_cortexa9_0\\bsp\lib\libxil.a(xscugic_hw.c.obj) (XScuGic_LookupConfig)
D:\FPGAhanjia\Hetero_SoC_2026_3\Hetero_SoC_2026\HCS_SOC\platform\\ps7_cortexa9_0\\standalone_ps7_cortexa9_0\\bsp\lib\libxil.a(xscugic.c.obj)
                              D:\FPGAhanjia\Hetero_SoC_2026_3\Hetero_SoC_2026\HCS_SOC\platform\\ps7_cortexa9_0\\standalone_ps7_cortexa9_0\\bsp\lib\libxil.a(xscugic_hw.c.obj) (XScuGic_GetCpuID)
D:\FPGAhanjia\Hetero_SoC_2026_3\Hetero_SoC_2026\HCS_SOC\platform\\ps7_cortexa9_0\\standalone_ps7_cortexa9_0\\bsp\lib\libxil.a(xscutimer.c.obj)
                              D:\FPGAhanjia\Hetero_SoC_2026_3\Hetero_SoC_2026\HCS_SOC\ax7020_official_net_test_app\\manual_build\obj\platform_zynq_1443476899.o (XScuTimer_CfgInitialize)
D:\FPGAhanjia\Hetero_SoC_2026_3\Hetero_SoC_2026\HCS_SOC\platform\\ps7_cortexa9_0\\standalone_ps7_cortexa9_0\\bsp\lib\libxil.a(xscutimer_selftest.c.obj)
                              D:\FPGAhanjia\Hetero_SoC_2026_3\Hetero_SoC_2026\HCS_SOC\ax7020_official_net_test_app\\manual_build\obj\platform_zynq_1443476899.o (XScuTimer_SelfTest)
D:\FPGAhanjia\Hetero_SoC_2026_3\Hetero_SoC_2026\HCS_SOC\platform\\ps7_cortexa9_0\\standalone_ps7_cortexa9_0\\bsp\lib\libxil.a(xscutimer_sinit.c.obj)
                              D:\FPGAhanjia\Hetero_SoC_2026_3\Hetero_SoC_2026\HCS_SOC\ax7020_official_net_test_app\\manual_build\obj\platform_zynq_1443476899.o (XScuTimer_LookupConfig)
D:\FPGAhanjia\Hetero_SoC_2026_3\Hetero_SoC_2026\HCS_SOC\platform\\ps7_cortexa9_0\\standalone_ps7_cortexa9_0\\bsp\lib\libxil.a(xscutimer_g.c.obj)
                              D:\FPGAhanjia\Hetero_SoC_2026_3\Hetero_SoC_2026\HCS_SOC\platform\\ps7_cortexa9_0\\standalone_ps7_cortexa9_0\\bsp\lib\libxil.a(xscutimer_sinit.c.obj) (XScuTimer_ConfigTable)
D:\FPGAhanjia\Hetero_SoC_2026_3\Hetero_SoC_2026\HCS_SOC\platform\\ps7_cortexa9_0\\standalone_ps7_cortexa9_0\\bsp\lib\libxilstandalone.a(print.c.obj)
                              D:\FPGAhanjia\Hetero_SoC_2026_3\Hetero_SoC_2026\HCS_SOC\ax7020_official_net_test_app\\manual_build\obj\main_1437859772.o (print)
D:\FPGAhanjia\Hetero_SoC_2026_3\Hetero_SoC_2026\HCS_SOC\platform\\ps7_cortexa9_0\\standalone_ps7_cortexa9_0\\bsp\lib\libxilstandalone.a(xil_assert.c.obj)
[...]
Memory Configuration

Name             Origin             Length             Attributes
ps7_ddr_0        0x0000000000100000 0x000000001ff00000
ps7_ram_0        0x0000000000000000 0x0000000000030000
ps7_ram_1        0x00000000ffff0000 0x000000000000fe00
*default*        0x0000000000000000 0xffffffffffffffff

Linker script and memory map

LOAD D:/Xilinx/Vitis/2024.1/gnu/aarch32/nt/gcc-arm-none-eabi/bin//../aarch32-xilinx-eabi/usr/lib/thumb/v7-a+fp/hard/crti.o
LOAD D:/Xilinx/Vitis/2024.1/gnu/aarch32/nt/gcc-arm-none-eabi/bin//../aarch32-xilinx-eabi/usr/lib/thumb/v7-a+fp/hard/crtbegin.o
LOAD D:\FPGAhanjia\Hetero_SoC_2026_3\Hetero_SoC_2026\HCS_SOC\ax7020_official_net_test_app\\manual_build\obj\main_1437859772.o
LOAD D:\FPGAhanjia\Hetero_SoC_2026_3\Hetero_SoC_2026\HCS_SOC\ax7020_official_net_test_app\\manual_build\obj\platform_zynq_1443476899.o
LOAD D:\FPGAhanjia\Hetero_SoC_2026_3\Hetero_SoC_2026\HCS_SOC\ax7020_official_net_test_app\\manual_build\obj\udp_crypto_gateway_2100642755.o
LOAD D:\FPGAhanjia\Hetero_SoC_2026_3\Hetero_SoC_2026\HCS_SOC\ax7020_official_net_test_app\\manual_build\obj\init_1991949888.o
LOAD D:\FPGAhanjia\Hetero_SoC_2026_3\Hetero_SoC_2026\HCS_SOC\ax7020_official_net_test_app\\manual_build\obj\def_549403815.o
LOAD D:\FPGAhanjia\Hetero_SoC_2026_3\Hetero_SoC_2026\HCS_SOC\ax7020_official_net_test_app\\manual_build\obj\dns_1698649161.o
LOAD D:\FPGAhanjia\Hetero_SoC_2026_3\Hetero_SoC_2026\HCS_SOC\ax7020_official_net_test_app\\manual_build\obj\inet_chksum_1481170312.o
LOAD D:\FPGAhanjia\Hetero_SoC_2026_3\Hetero_SoC_2026\HCS_SOC\ax7020_official_net_test_app\\manual_build\obj\ip_1670403771.o
LOAD D:\FPGAhanjia\Hetero_SoC_2026_3\Hetero_SoC_2026\HCS_SOC\ax7020_official_net_test_app\\manual_build\obj\mem_549396425.o
LOAD D:\FPGAhanjia\Hetero_SoC_2026_3\Hetero_SoC_2026\HCS_SOC\ax7020_official_net_test_app\\manual_build\obj\memp_1078648357.o
LOAD D:\FPGAhanjia\Hetero_SoC_2026_3\Hetero_SoC_2026\HCS_SOC\ax7020_official_net_test_app\\manual_build\obj\netif_877261272.o
LOAD D:\FPGAhanjia\Hetero_SoC_2026_3\Hetero_SoC_2026\HCS_SOC\ax7020_official_net_test_app\\manual_build\obj\pbuf_184122677.o
LOAD D:\FPGAhanjia\Hetero_SoC_2026_3\Hetero_SoC_2026\HCS_SOC\ax7020_official_net_test_app\\manual_build\obj\raw_1470303290.o
LOAD D:\FPGAhanjia\Hetero_SoC_2026_3\Hetero_SoC_2026\HCS_SOC\ax7020_official_net_test_app\\manual_build\obj\stats_273516209.o
LOAD D:\FPGAhanjia\Hetero_SoC_2026_3\Hetero_SoC_2026\HCS_SOC\ax7020_official_net_test_app\\manual_build\obj\sys_1887134957.o
LOAD D:\FPGAhanjia\Hetero_SoC_2026_3\Hetero_SoC_2026\HCS_SOC\ax7020_official_net_test_app\\manual_build\obj\altcp_1149812512.o
LOAD D:\FPGAhanjia\Hetero_SoC_2026_3\Hetero_SoC_2026\HCS_SOC\ax7020_official_net_test_app\\manual_build\obj\altcp_alloc_667749414.o
LOAD D:\FPGAhanjia\Hetero_SoC_2026_3\Hetero_SoC_2026\HCS_SOC\ax7020_official_net_test_app\\manual_build\obj\altcp_tcp_2016864400.o
LOAD D:\FPGAhanjia\Hetero_SoC_2026_3\Hetero_SoC_2026\HCS_SOC\ax7020_official_net_test_app\\manual_build\obj\tcp_1137622813.o
LOAD D:\FPGAhanjia\Hetero_SoC_2026_3\Hetero_SoC_2026\HCS_SOC\ax7020_official_net_test_app\\manual_build\obj\tcp_in_1925280373.o
LOAD D:\FPGAhanjia\Hetero_SoC_2026_3\Hetero_SoC_2026\HCS_SOC\ax7020_official_net_test_app\\manual_build\obj\tcp_out_132429496.o
LOAD D:\FPGAhanjia\Hetero_SoC_2026_3\Hetero_SoC_2026\HCS_SOC\ax7020_official_net_test_app\\manual_build\obj\timeouts_2139948626.o
LOAD D:\FPGAhanjia\Hetero_SoC_2026_3\Hetero_SoC_2026\HCS_SOC\ax7020_official_net_test_app\\manual_build\obj\udp_1853383593.o
LOAD D:\FPGAhanjia\Hetero_SoC_2026_3\Hetero_SoC_2026\HCS_SOC\ax7020_official_net_test_app\\manual_build\obj\autoip_926246393.o
LOAD D:\FPGAhanjia\Hetero_SoC_2026_3\Hetero_SoC_2026\HCS_SOC\ax7020_official_net_test_app\\manual_build\obj\dhcp_132969290.o
LOAD D:\FPGAhanjia\Hetero_SoC_2026_3\Hetero_SoC_2026\HCS_SOC\ax7020_official_net_test_app\\manual_build\obj\etharp_1333071569.o
LOAD D:\FPGAhanjia\Hetero_SoC_2026_3\Hetero_SoC_2026\HCS_SOC\ax7020_official_net_test_app\\manual_build\obj\icmp_439031812.o
LOAD D:\FPGAhanjia\Hetero_SoC_2026_3\Hetero_SoC_2026\HCS_SOC\ax7020_official_net_test_app\\manual_build\obj\igmp_1014549136.o
LOAD D:\FPGAhanjia\Hetero_SoC_2026_3\Hetero_SoC_2026\HCS_SOC\ax7020_official_net_test_app\\manual_build\obj\ip4_frag_1141350065.o
LOAD D:\FPGAhanjia\Hetero_SoC_2026_3\Hetero_SoC_2026\HCS_SOC\ax7020_official_net_test_app\\manual_build\obj\ip4_755414018.o
LOAD D:\FPGAhanjia\Hetero_SoC_2026_3\Hetero_SoC_2026\HCS_SOC\ax7020_official_net_test_app\\manual_build\obj\ip4_addr_1919567454.o
LOAD D:\FPGAhanjia\Hetero_SoC_2026_3\Hetero_SoC_2026\HCS_SOC\ax7020_official_net_test_app\\manual_build\obj\acd_1992387289.o
LOAD D:\FPGAhanjia\Hetero_SoC_2026_3\Hetero_SoC_2026\HCS_SOC\ax7020_official_net_test_app\\manual_build\obj\ethernet_141822018.o
LOAD D:\FPGAhanjia\Hetero_SoC_2026_3\Hetero_SoC_2026\HCS_SOC\ax7020_official_net_test_app\\manual_build\obj\sys_arch_raw_1258598779.o
LOAD D:\FPGAhanjia\Hetero_SoC_2026_3\Hetero_SoC_2026\HCS_SOC\ax7020_official_net_test_app\\manual_build\obj\xadapter_1027621621.o
LOAD D:\FPGAhanjia\Hetero_SoC_2026_3\Hetero_SoC_2026\HCS_SOC\ax7020_official_net_test_app\\manual_build\obj\xpqueue_906452273.o
LOAD D:\FPGAhanjia\Hetero_SoC_2026_3\Hetero_SoC_2026\HCS_SOC\ax7020_official_net_test_app\\manual_build\obj\xtopology_g_591209585.o
LOAD D:\FPGAhanjia\Hetero_SoC_2026_3\Hetero_SoC_2026\HCS_SOC\ax7020_official_net_test_app\\manual_build\obj\xemacpsif_dma_1011328281.o
LOAD D:\FPGAhanjia\Hetero_SoC_2026_3\Hetero_SoC_2026\HCS_SOC\ax7020_official_net_test_app\\manual_build\obj\xemacpsif_physpeed_1840593565.o
LOAD D:\FPGAhanjia\Hetero_SoC_2026_3\Hetero_SoC_2026\HCS_SOC\ax7020_official_net_test_app\\manual_build\obj\xemacpsif_hw_1097686856.o
LOAD D:\FPGAhanjia\Hetero_SoC_2026_3\Hetero_SoC_2026\HCS_SOC\ax7020_official_net_test_app\\manual_build\obj\xemacpsif_1811303418.o
                0x0000000000002000                _STACK_SIZE = DEFINED (_STACK_SIZE)?_STACK_SIZE:0x2000
                0x0000000000002000                _HEAP_SIZE = DEFINED (_HEAP_SIZE)?_HEAP_SIZE:0x2000
                0x0000000000000400                _ABORT_STACK_SIZE = DEFINED (_ABORT_STACK_SIZE)?_ABORT_STACK_SIZE:0x400
                0x0000000000000800                _SUPERVISOR_STACK_SIZE = DEFINED (_SUPERVISOR_STACK_SIZE)?_SUPERVISOR_STACK_SIZE:0x800
                0x0000000000000400                _IRQ_STACK_SIZE = DEFINED (_IRQ_STACK_SIZE)?_IRQ_STACK_SIZE:0x400
                0x0000000000000400                _FIQ_STACK_SIZE = DEFINED (_FIQ_STACK_SIZE)?_FIQ_STACK_SIZE:0x400
                0x0000000000000400                _UNDEF_STACK_SIZE = DEFINED (_UNDEF_STACK_SIZE)?_UNDEF_STACK_SIZE:0x400

.text           0x0000000000100000    0x10760
 *(.vectors)
 .vectors       0x0000000000100000       0xcc D:\FPGAhanjia\Hetero_SoC_2026_3\Hetero_SoC_2026\HCS_SOC\platform\\ps7_cortexa9_0\\standalone_ps7_cortexa9_0\\bsp\lib\libxilstandalone.a(asm_vectors.S.obj)
                0x0000000000100000                _vector_table
 *(.boot)
 .boot          0x00000000001000cc      0x38c D:\FPGAhanjia\Hetero_SoC_2026_3\Hetero_SoC_2026\HCS_SOC\platform\\ps7_cortexa9_0\\standalone_ps7_cortexa9_0\\bsp\lib\libxilstandalone.a(boot.S.obj)
                0x00000000001000cc                _prestart
                0x00000000001000cc                _boot
 *(.text)
 .text          0x0000000000100458       0xa8 D:/Xilinx/Vitis/2024.1/gnu/aarch32/nt/gcc-arm-none-eabi/bin//../aarch32-xilinx-eabi/usr/lib/thumb/v7-a+fp/hard/crtbegin.o
 .text          0x0000000000100500      0xefc D:\FPGAhanjia\Hetero_SoC_2026_3\Hetero_SoC_2026\HCS_SOC\platform\\ps7_cortexa9_0\\standalone_ps7_cortexa9_0\\bsp\lib\libxil.a(xemacps_control.c.obj)
                0x0000000000100500                XEmacPs_SetMacAddress
                0x000000000010061c                XEmacPs_GetMacAddress
                0x0000000000100710                XEmacPs_SetHash
                0x0000000000100864                XEmacPs_DeleteHash
                0x00000000001009b8                XEmacPs_ClearHash
                0x0000000000100a38                XEmacPs_GetHash
                0x0000000000100ae4                XEmacPs_SetTypeIdCheck
                0x0000000000100bb8                XEmacPs_SetOptions
                0x0000000000100d50                XEmacPs_ClearOptions
                0x0000000000100ee4                XEmacPs_GetOptions
                0x0000000000100f58                XEmacPs_SendPausePacket
                0x0000000000101000                XEmacPs_GetOperatingSpeed
                0x0000000000101094                XEmacPs_SetOperatingSpeed
                0x000000000010117c                XEmacPs_SetMdioDivisor
                0x0000000000101228                XEmacPs_PhyRead
                0x00000000001012c8                XEmacPs_PhyWrite
                0x0000000000101360                XEmacPs_DMABLengthUpdate
 .text          0x00000000001013fc      0x65c D:\FPGAhanjia\Hetero_SoC_2026_3\Hetero_SoC_2026\HCS_SOC\platform\\ps7_cortexa9_0\\standalone_ps7_cortexa9_0\\bsp\lib\libxil.a(xemacps.c.obj)
                0x00000000001013fc                XEmacPs_StubHandler
                0x0000000000101424                XEmacPs_Start
                0x000000000010156c                XEmacPs_Stop
                0x00000000001015fc                XEmacPs_Reset
                0x00000000001018c8                XEmacPs_CfgInitialize
                0x00000000001019b0                XEmacPs_SetQueuePtr
 .text          0x0000000000101a58      0x7d0 D:\FPGAhanjia\Hetero_SoC_2026_3\Hetero_SoC_2026\HCS_SOC\platform\\ps7_cortexa9_0\\standalone_ps7_cortexa9_0\\bsp\lib\libxil.a(xemacps_bdring.c.obj)
                0x0000000000101a58                XEmacPs_BdRingCreate
                0x0000000000101b64                XEmacPs_BdRingClone
                0x0000000000101c28                XEmacPs_BdRingAlloc
                0x0000000000101c98                XEmacPs_BdRingUnAlloc
                0x0000000000101d60                XEmacPs_BdRingToHw
                0x0000000000101e04                XEmacPs_BdRingFromHwTx
                0x0000000000101f0c                XEmacPs_BdRingFromHwRx
                0x0000000000102000                XEmacPs_BdRingFree
                0x0000000000102080                XEmacPs_BdRingCheck
                0x0000000000102210                XEmacPs_BdRingPtrReset
 .text          0x0000000000102228      0x2a4 D:\FPGAhanjia\Hetero_SoC_2026_3\Hetero_SoC_2026\HCS_SOC\platform\\ps7_cortexa9_0\\standalone_ps7_cortexa9_0\\bsp\lib\libxil.a(xemacps_intr.c.obj)
                0x0000000000102228                XEmacPs_SetHandler
                0x0000000000102304                XEmacPs_IntrHandler
 .text          0x00000000001024cc      0x670 D:\FPGAhanjia\Hetero_SoC_2026_3\Hetero_SoC_2026\HCS_SOC\platform\\ps7_cortexa9_0\\standalone_ps7_cortexa9_0\\bsp\lib\libxil.a(xscugic_hw.c.obj)
                0x00000000001024cc                XScuGic_DeviceInitialize
                0x000000000010257c                XScuGic_DeviceInterruptHandler
                0x0000000000102608                XScuGic_RegisterHandler
                0x000000000010268c                XScuGic_SetPriTrigTypeByDistAddr
                0x0000000000102798                XScuGic_GetPriTrigTypeByDistAddr
                0x0000000000102860                XScuGic_InterruptMapFromCpuByDistAddr
                0x0000000000102904                XScuGic_InterruptUnmapFromCpuByDistAddr
                0x00000000001029a4                XScuGic_UnmapAllInterruptsFromCpuByDistAddr
                0x0000000000102a04                XScuGic_EnableIntr
                0x0000000000102aa0                XScuGic_DisableIntr
 .text          0x0000000000102b3c       0x64 D:\FPGAhanjia\Hetero_SoC_2026_3\Hetero_SoC_2026\HCS_SOC\platform\\ps7_cortexa9_0\\standalone_ps7_cortexa9_0\\bsp\lib\libxil.a(xscugic_sinit.c.obj)
                0x0000000000102b3c                XScuGic_LookupConfig
 .text          0x0000000000102ba0      0xcf4 D:\FPGAhanjia\Hetero_SoC_2026_3\Hetero_SoC_2026\HCS_SOC\platform\\ps7_cortexa9_0\\standalone_ps7_cortexa9_0\\bsp\lib\libxil.a(xscugic.c.obj)
                0x0000000000102bf0                XScuGic_Connect
                0x0000000000102cc4                XScuGic_Disconnect
                0x0000000000102dc0                XScuGic_SoftwareIntr
                0x0000000000102edc                XScuGic_SetPriorityTriggerType
                0x0000000000103044                XScuGic_GetPriorityTriggerType
                0x0000000000103170                XScuGic_InterruptMaptoCpu
                0x000000000010321c                XScuGic_Enable
                0x0000000000103314                XScuGic_InterruptUnmapFromCpu
                0x00000000001033bc                XScuGic_Disable
                0x00000000001034b4                XScuGic_UnmapAllInterruptsFromCpu
                0x0000000000103554                XScuGic_Stop
                0x0000000000103650                XScuGic_CfgInitialize
                0x0000000000103818                XScuGic_SetCpuID
                0x0000000000103868                XScuGic_GetCpuID
                0x0000000000103878                XScuGic_IsInitialized
 .text          0x0000000000103894      0x2c8 D:\FPGAhanjia\Hetero_SoC_2026_3\Hetero_SoC_2026\HCS_SOC\platform\\ps7_cortexa9_0\\standalone_ps7_cortexa9_0\\bsp\lib\libxil.a(xscutimer.c.obj)
                0x0000000000103894                XScuTimer_CfgInitialize
                0x0000000000103940                XScuTimer_Start
                0x00000000001039d0                XScuTimer_Stop
                0x0000000000103a58                XScuTimer_SetPrescaler
                0x0000000000103ae0                XScuTimer_GetPrescaler
 .text          0x0000000000103b5c       0xb0 D:\FPGAhanjia\Hetero_SoC_2026_3\Hetero_SoC_2026\HCS_SOC\platform\\ps7_cortexa9_0\\standalone_ps7_cortexa9_0\\bsp\lib\libxil.a(xscutimer_selftest.c.obj)
                0x0000000000103b5c                XScuTimer_SelfTest
 .text          0x0000000000103c0c       0x4c D:\FPGAhanjia\Hetero_SoC_2026_3\Hetero_SoC_2026\HCS_SOC\platform\\ps7_cortexa9_0\\standalone_ps7_cortexa9_0\\bsp\lib\libxil.a(xscutimer_sinit.c.obj)
                0x0000000000103c0c                XScuTimer_LookupConfig
 .text          0x0000000000103c58       0x28 D:\FPGAhanjia\Hetero_SoC_2026_3\Hetero_SoC_2026\HCS_SOC\platform\\ps7_cortexa9_0\\standalone_ps7_cortexa9_0\\bsp\lib\libxilstandalone.a(print.c.obj)
                0x0000000000103c58                print
 .text          0x0000000000103c80       0x70 D:\FPGAhanjia\Hetero_SoC_2026_3\Hetero_SoC_2026\HCS_SOC\platform\\ps7_cortexa9_0\\standalone_ps7_cortexa9_0\\bsp\lib\libxilstandalone.a(xil_assert.c.obj)
                0x0000000000103c80                Xil_Assert
                0x0000000000103cdc                Xil_AssertSetCallback
                0x0000000000103cec                XNullHandler
 .text          0x0000000000103cf0      0x9b0 D:\FPGAhanjia\Hetero_SoC_2026_3\Hetero_SoC_2026\HCS_SOC\platform\\ps7_cortexa9_0\\standalone_ps7_cortexa9_0\\bsp\lib\libxilstandalone.a(xil_printf.c.obj)
                0x0000000000104074                xil_vprintf
                0x0000000000104674                xil_printf
 .text          0x00000000001046a0       0x14 D:\FPGAhanjia\Hetero_SoC_2026_3\Hetero_SoC_2026\HCS_SOC\platform\\ps7_cortexa9_0\\standalone_ps7_cortexa9_0\\bsp\lib\libxilstandalone.a(xplatform_info.c.obj)
                0x00000000001046a0                XGetPlatform_Info
                0x00000000001046a8                XGetCoreId
 .text          0x00000000001046b4       0x70 D:\FPGAhanjia\Hetero_SoC_2026_3\Hetero_SoC_2026\HCS_SOC\platform\\ps7_cortexa9_0\\standalone_ps7_cortexa9_0\\bsp\lib\libxilstandalone.a(xil_exception.c.obj)
                0x00000000001046c4                Xil_ExceptionInit
                0x00000000001046c8                Xil_ExceptionRegisterHandler
                0x00000000001046e0                Xil_GetExceptionRegisterHandler
                0x0000000000104700                Xil_ExceptionRemoveHandler
 .text          0x0000000000104724      0x134 D:\FPGAhanjia\Hetero_SoC_2026_3\Hetero_SoC_2026\HCS_SOC\platform\\ps7_cortexa9_0\\standalone_ps7_cortexa9_0\\bsp\lib\libxilstandalone.a(xil_spinlock.c.obj)
                0x0000000000104724                Xil_SpinLock
                0x0000000000104770                Xil_SpinUnlock
                0x00000000001047a4                Xil_InitializeSpinLock
                0x0000000000104810                Xil_ReleaseSpinLock
                0x0000000000104828                Xil_IsSpinLockEnabled
 .text          0x0000000000104858       0x74 D:\FPGAhanjia\Hetero_SoC_2026_3\Hetero_SoC_2026\HCS_SOC\platform\\ps7_cortexa9_0\\standalone_ps7_cortexa9_0\\bsp\lib\libxilstandalone.a(xil-crt0.S.obj)
                0x000000000010486c                _start
 .text          0x00000000001048cc      0xcc0 D:\FPGAhanjia\Hetero_SoC_2026_3\Hetero_SoC_2026\HCS_SOC\platform\\ps7_cortexa9_0\\standalone_ps7_cortexa9_0\\bsp\lib\libxilstandalone.a(xil_cache.c.obj)
                0x00000000001048cc                Xil_DCacheInvalidateLine
                0x0000000000104904                Xil_DCacheInvalidateRange
                0x0000000000104a7c                Xil_DCacheFlushLine
                0x0000000000104ac4                Xil_DCacheFlushRange
                0x0000000000104bd8                Xil_DCacheStoreLine
                0x0000000000104c10                Xil_ICacheDisable
                0x0000000000104c8c                Xil_ICacheInvalidateLine
                0x0000000000104cc4                Xil_ICacheInvalidateRange
                0x0000000000104d30                Xil_L1DCacheInvalidate
                0x0000000000104de0                Xil_L1DCacheEnable
                0x0000000000104e00                Xil_L1DCacheInvalidateLine
                0x0000000000104e18                Xil_L1DCacheInvalidateRange
                0x0000000000104e7c                Xil_L1DCacheFlush
                0x0000000000104f04                Xil_L1DCacheDisable
                0x0000000000104f1c                Xil_DCacheFlush
                0x0000000000104f78                Xil_DCacheDisable
                0x0000000000104ff0                Xil_L1DCacheFlushLine
                0x0000000000105008                Xil_L1DCacheFlushRange
                0x000000000010506c                Xil_L1DCacheStoreLine
                0x0000000000105084                Xil_L1ICacheEnable
                0x00000000001050a0                Xil_L1ICacheDisable
                0x00000000001050bc                Xil_L1ICacheInvalidate
                0x00000000001050d4                Xil_L1ICacheInvalidateLine
                0x00000000001050ec                Xil_L1ICacheInvalidateRange
                0x0000000000105150                Xil_L2CacheDisable
                0x00000000001051b0                Xil_L2CacheInvalidate
                0x000000000010521c                Xil_DCacheInvalidate
                0x000000000010523c                Xil_ICacheInvalidate
                0x000000000010526c                Xil_L2CacheEnable
                0x00000000001052cc                Xil_ICacheEnable
                0x0000000000105344                Xil_DCacheEnable
                0x00000000001053bc                Xil_L2CacheInvalidateLine
                0x00000000001053d0                Xil_L2CacheInvalidateRange
                0x0000000000105474                Xil_L2CacheFlush
                0x00000000001054b8                Xil_L2CacheFlushLine
                0x00000000001054d4                Xil_L2CacheFlushRange
                0x0000000000105574                Xil_L2CacheStoreLine
 .text          0x000000000010558c       0xf0 D:\FPGAhanjia\Hetero_SoC_2026_3\Hetero_SoC_2026\HCS_SOC\platform\\ps7_cortexa9_0\\standalone_ps7_cortexa9_0\\bsp\lib\libxilstandalone.a(xil_mmu.c.obj)
                0x000000000010558c                Xil_SetTlbAttributes
                0x00000000001055c8                Xil_EnableMMU
                0x00000000001055ec                Xil_DisableMMU
                0x0000000000105614                Xil_MemMap
 .text          0x000000000010567c       0x78 D:\FPGAhanjia\Hetero_SoC_2026_3\Hetero_SoC_2026\HCS_SOC\platform\\ps7_cortexa9_0\\standalone_ps7_cortexa9_0\\bsp\lib\libxilstandalone.a(vectors.c.obj)
                0x000000000010567c                FIQInterrupt
                0x0000000000105690                IRQInterrupt
                0x00000000001056a4                UndefinedException
                0x00000000001056b8                SWInterrupt
                0x00000000001056cc                DataAbortInterrupt
                0x00000000001056e0                PrefetchAbortInterrupt
 .text          0x00000000001056f4       0x3c D:\FPGAhanjia\Hetero_SoC_2026_3\Hetero_SoC_2026\HCS_SOC\platform\\ps7_cortexa9_0\\standalone_ps7_cortexa9_0\\bsp\lib\libxilstandalone.a(cpu_init.S.obj)
                0x00000000001056f4                __cpu_init
 .text          0x0000000000105730      0x12c D:\FPGAhanjia\Hetero_SoC_2026_3\Hetero_SoC_2026\HCS_SOC\platform\\ps7_cortexa9_0\\standalone_ps7_cortexa9_0\\bsp\lib\libxiltimer.a(xiltimer.c.obj)
                0x0000000000105730                sleep
                0x0000000000105760                msleep
                0x0000000000105790                usleep
                0x00000000001057c4                XilTimer_Sleep
                0x00000000001057f4                XTimer_SetHandler
                0x0000000000105824                XTimer_SetInterval
                0x0000000000105844                XTimer_ClearTickInterrupt
 .text          0x000000000010585c       0x20 D:\FPGAhanjia\Hetero_SoC_2026_3\Hetero_SoC_2026\HCS_SOC\platform\\ps7_cortexa9_0\\standalone_ps7_cortexa9_0\\bsp\lib\libxiltimer.a(globaltimer_sleep_zynq.c.obj)
                0x000000000010585c                XilTickTimer_Init
 .text          0x000000000010587c      0x218 D:\FPGAhanjia\Hetero_SoC_2026_3\Hetero_SoC_2026\HCS_SOC\platform\\ps7_cortexa9_0\\standalone_ps7_cortexa9_0\\bsp\lib\libxiltimer.a(scutimer.c.obj)
                0x00000000001059e4                XilSleepTimer_Init
                0x0000000000105a04                XTime_GetTime
 .text          0x0000000000105a94       0x20 D:/Xilinx/Vitis/2024.1/gnu/aarch32/nt/gcc-arm-none-eabi/bin//../aarch32-xilinx-eabi/usr/lib/thumb/v7-a+fp/hard\libc.a(lib_a-exit.o)
                0x0000000000105a94                exit
 .text          0x0000000000105ab4       0x2c D:/Xilinx/Vitis/2024.1/gnu/aarch32/nt/gcc-arm-none-eabi/bin//../aarch32-xilinx-eabi/usr/lib/thumb/v7-a+fp/hard\libc.a(lib_a-fini.o)
                0x0000000000105ab4                __libc_fini_array
 .text          0x0000000000105ae0       0x58 D:/Xilinx/Vitis/2024.1/gnu/aarch32/nt/gcc-arm-none-eabi/bin//../aarch32-xilinx-eabi/usr/lib/thumb/v7-a+fp/hard\libc.a(lib_a-init.o)
                0x0000000000105ae0                __libc_init_array
 .text          0x0000000000105b38       0x68 D:/Xilinx/Vitis/2024.1/gnu/aarch32/nt/gcc-arm-none-eabi/bin//../aarch32-xilinx-eabi/usr/lib/thumb/v7-a+fp/hard\libc.a(lib_a-memcmp.o)
                0x0000000000105b38                memcmp
 *fill*         0x0000000000105ba0       0x20 
 .text          0x0000000000105bc0      0x5e0 D:/Xilinx/Vitis/2024.1/gnu/aarch32/nt/gcc-arm-none-eabi/bin//../aarch32-xilinx-eabi/usr/lib/thumb/v7-a+fp/hard\libc.a(lib_a-memcpy.o)
                0x0000000000105bc0                memcpy
 .text          0x00000000001061a0       0xa8 D:/Xilinx/Vitis/2024.1/gnu/aarch32/nt/gcc-arm-none-eabi/bin//../aarch32-xilinx-eabi/usr/lib/thumb/v7-a+fp/hard\libc.a(lib_a-memset.o)
                0x00000000001061a0                memset
 .text          0x0000000000106248       0x5c D:/Xilinx/Vitis/2024.1/gnu/aarch32/nt/gcc-arm-none-eabi/bin//../aarch32-xilinx-eabi/usr/lib/thumb/v7-a+fp/hard\libc.a(lib_a-rand.o)
                0x0000000000106248                srand
                0x000000000010625c                rand
 *fill*         0x00000000001062a4       0x1c 
 .text          0x00000000001062c0       0xdc D:/Xilinx/Vitis/2024.1/gnu/aarch32/nt/gcc-arm-none-eabi/bin//../aarch32-xilinx-eabi/usr/lib/thumb/v7-a+fp/hard\libc.a(lib_a-strlen.o)
                0x00000000001062c0                strlen
 .text          0x000000000010639c       0xa4 D:/Xilinx/Vitis/2024.1/gnu/aarch32/nt/gcc-arm-none-eabi/bin//../aarch32-xilinx-eabi/usr/lib/thumb/v7-a+fp/hard\libc.a(lib_a-__call_atexit.o)
                0x000000000010639c                __call_exitprocs
 .text          0x0000000000106440      0x278 D:/Xilinx/Vitis/2024.1/gnu/aarch32/nt/gcc-arm-none-eabi/bin//../aarch32-xilinx-eabi/usr/lib/thumb/v7-a+fp/hard\libgcc.a(_udivsi3.o)
                0x0000000000106440                __aeabi_uidiv
                0x0000000000106440                __udivsi3
                0x000000000010669c                __aeabi_uidivmod
 .text          0x00000000001066b8        0x4 D:/Xilinx/Vitis/2024.1/gnu/aarch32/nt/gcc-arm-none-eabi/bin//../aarch32-xilinx-eabi/usr/lib/thumb/v7-a+fp/hard\libgcc.a(_dvmd_tls.o)
                0x00000000001066b8                __aeabi_idiv0
                0x00000000001066b8                __aeabi_ldiv0
 .text          0x00000000001066bc       0x30 D:/Xilinx/Vitis/2024.1/gnu/aarch32/nt/gcc-arm-none-eabi/bin//../aarch32-xilinx-eabi/usr/lib/thumb/v7-a+fp/hard\libgcc.a(_aeabi_uldivmod.o)
                0x00000000001066bc                __aeabi_uldivmod
 .text          0x00000000001066ec      0x108 D:/Xilinx/Vitis/2024.1/gnu/aarch32/nt/gcc-arm-none-eabi/bin//../aarch32-xilinx-eabi/usr/lib/thumb/v7-a+fp/hard\libgcc.a(_udivmoddi4.o)
                0x00000000001066ec                __udivmoddi4
 .text          0x00000000001067f4       0x88 D:\FPGAhanjia\Hetero_SoC_2026_3\Hetero_SoC_2026\HCS_SOC\platform\\ps7_cortexa9_0\\standalone_ps7_cortexa9_0\\bsp\lib\libxil.a(xcoresightpsdcc.c.obj)
                0x00000000001067f4                XCoresightPs_DccSendByte
                0x0000000000106814                XCoresightPs_DccRecvByte
                0x0000000000106838                outbyte
                0x0000000000106858                inbyte
 .text          0x000000000010687c        0x4 D:\FPGAhanjia\Hetero_SoC_2026_3\Hetero_SoC_2026\HCS_SOC\platform\\ps7_cortexa9_0\\standalone_ps7_cortexa9_0\\bsp\lib\libxilstandalone.a(_exit.c.obj)
                0x000000000010687c                _exit
 *(.text.*)
 .text.print_ip
                0x0000000000106880       0x34 D:\FPGAhanjia\Hetero_SoC_2026_3\Hetero_SoC_2026\HCS_SOC\ax7020_official_net_test_app\\manual_build\obj\main_1437859772.o
 .text.startup.main
                0x00000000001068b4      0x150 D:\FPGAhanjia\Hetero_SoC_2026_3\Hetero_SoC_2026\HCS_SOC\ax7020_official_net_test_app\\manual_build\obj\main_1437859772.o
                0x00000000001068b4                main
 .text.timer_callback
                0x0000000000106a04       0xb8 D:\FPGAhanjia\Hetero_SoC_2026_3\Hetero_SoC_2026\HCS_SOC\ax7020_official_net_test_app\\manual_build\obj\platform_zynq_1443476899.o
                0x0000000000106a04                timer_callback
 .text.platform_setup_timer
                0x0000000000106abc       0x78 D:\FPGAhanjia\Hetero_SoC_2026_3\Hetero_SoC_2026\HCS_SOC\ax7020_official_net_test_app\\manual_build\obj\platform_zynq_1443476899.o
                0x0000000000106abc                platform_setup_timer
 .text.platform_setup_interrupts
                0x0000000000106b34       0x58 D:\FPGAhanjia\Hetero_SoC_2026_3\Hetero_SoC_2026\HCS_SOC\ax7020_official_net_test_app\\manual_build\obj\platform_zynq_1443476899.o
                0x0000000000106b34                platform_setup_interrupts
 .text.platform_enable_interrupts
                0x0000000000106b8c       0x28 D:\FPGAhanjia\Hetero_SoC_2026_3\Hetero_SoC_2026\HCS_SOC\ax7020_official_net_test_app\\manual_build\obj\platform_zynq_1443476899.o
                0x0000000000106b8c                platform_enable_interrupts
 .text.init_platform
                0x0000000000106bb4       0x10 D:\FPGAhanjia\Hetero_SoC_2026_3\Hetero_SoC_2026\HCS_SOC\ax7020_official_net_test_app\\manual_build\obj\platform_zynq_1443476899.o
                0x0000000000106bb4                init_platform
 .text.udp_rx_callback
                0x0000000000106bc4      0x128 D:\FPGAhanjia\Hetero_SoC_2026_3\Hetero_SoC_2026\HCS_SOC\ax7020_official_net_test_app\\manual_build\obj\udp_crypto_gateway_2100642755.o
 .text.print_app_header
                0x0000000000106cec       0x58 D:\FPGAhanjia\Hetero_SoC_2026_3\Hetero_SoC_2026\HCS_SOC\ax7020_official_net_test_app\\manual_build\obj\udp_crypto_gateway_2100642755.o
                0x0000000000106cec                print_app_header
 .text.start_application
                0x0000000000106d44      0x11c D:\FPGAhanjia\Hetero_SoC_2026_3\Hetero_SoC_2026\HCS_SOC\ax7020_official_net_test_app\\manual_build\obj\udp_crypto_gateway_2100642755.o
                0x0000000000106d44                start_application
 .text.transfer_data
                0x0000000000106e60      0x298 D:\FPGAhanjia\Hetero_SoC_2026_3\Hetero_SoC_2026\HCS_SOC\ax7020_official_net_test_app\\manual_build\obj\udp_crypto_gateway_2100642755.o
                0x0000000000106e60                transfer_data
 .text.lwip_init
                0x00000000001070f8       0x20 D:\FPGAhanjia\Hetero_SoC_2026_3\Hetero_SoC_2026\HCS_SOC\ax7020_official_net_test_app\\manual_build\obj\init_1991949888.o
                0x00000000001070f8                lwip_init
 .text.lwip_htons
                0x0000000000107118        0xc D:\FPGAhanjia\Hetero_SoC_2026_3\Hetero_SoC_2026\HCS_SOC\ax7020_official_net_test_app\\manual_build\obj\def_549403815.o
                0x0000000000107118                lwip_htons
 .text.lwip_htonl
                0x0000000000107124        0x8 D:\FPGAhanjia\Hetero_SoC_2026_3\Hetero_SoC_2026\HCS_SOC\ax7020_official_net_test_app\\manual_build\obj\def_549403815.o
                0x0000000000107124                lwip_htonl
 .text.lwip_standard_chksum
                0x000000000010712c       0xd0 D:\FPGAhanjia\Hetero_SoC_2026_3\Hetero_SoC_2026\HCS_SOC\ax7020_official_net_test_app\\manual_build\obj\inet_chksum_1481170312.o
                0x000000000010712c                lwip_standard_chksum
 .text.inet_chksum
                0x00000000001071fc       0x14 D:\FPGAhanjia\Hetero_SoC_2026_3\Hetero_SoC_2026\HCS_SOC\ax7020_official_net_test_app\\manual_build\obj\inet_chksum_1481170312.o
                0x00000000001071fc                inet_chksum
 .text.inet_chksum_pbuf
                0x0000000000107210       0x78 D:\FPGAhanjia\Hetero_SoC_2026_3\Hetero_SoC_2026\HCS_SOC\ax7020_official_net_test_app\\manual_build\obj\inet_chksum_1481170312.o
                0x0000000000107210                inet_chksum_pbuf
 .text.mem_init
                0x0000000000107288       0x68 D:\FPGAhanjia\Hetero_SoC_2026_3\Hetero_SoC_2026\HCS_SOC\ax7020_official_net_test_app\\manual_build\obj\mem_549396425.o
                0x0000000000107288                mem_init
 .text.mem_free
                0x00000000001072f0      0x164 D:\FPGAhanjia\Hetero_SoC_2026_3\Hetero_SoC_2026\HCS_SOC\ax7020_official_net_test_app\\manual_build\obj\mem_549396425.o
                0x00000000001072f0                mem_free
 .text.mem_trim
                0x0000000000107454      0x188 D:\FPGAhanjia\Hetero_SoC_2026_3\Hetero_SoC_2026\HCS_SOC\ax7020_official_net_test_app\\manual_build\obj\mem_549396425.o
                0x0000000000107454                mem_trim
 .text.mem_malloc
                0x00000000001075dc      0x16c D:\FPGAhanjia\Hetero_SoC_2026_3\Hetero_SoC_2026\HCS_SOC\ax7020_official_net_test_app\\manual_build\obj\mem_549396425.o
                0x00000000001075dc                mem_malloc
 .text.do_memp_malloc_pool
                0x0000000000107748       0x60 D:\FPGAhanjia\Hetero_SoC_2026_3\Hetero_SoC_2026\HCS_SOC\ax7020_official_net_test_app\\manual_build\obj\memp_1078648357.o
 .text.do_memp_free_pool
                0x00000000001077a8       0x38 D:\FPGAhanjia\Hetero_SoC_2026_3\Hetero_SoC_2026\HCS_SOC\ax7020_official_net_test_app\\manual_build\obj\memp_1078648357.o
 .text.memp_init_pool
                0x00000000001077e0       0x60 D:\FPGAhanjia\Hetero_SoC_2026_3\Hetero_SoC_2026\HCS_SOC\ax7020_official_net_test_app\\manual_build\obj\memp_1078648357.o
                0x00000000001077e0                memp_init_pool
 .text.memp_init
                0x0000000000107840       0x3c D:\FPGAhanjia\Hetero_SoC_2026_3\Hetero_SoC_2026\HCS_SOC\ax7020_official_net_test_app\\manual_build\obj\memp_1078648357.o
                0x0000000000107840                memp_init
 .text.memp_malloc
                0x000000000010787c       0x20 D:\FPGAhanjia\Hetero_SoC_2026_3\Hetero_SoC_2026\HCS_SOC\ax7020_official_net_test_app\\manual_build\obj\memp_1078648357.o
                0x000000000010787c                memp_malloc
 .text.memp_free
                0x000000000010789c       0x28 D:\FPGAhanjia\Hetero_SoC_2026_3\Hetero_SoC_2026\HCS_SOC\ax7020_official_net_test_app\\manual_build\obj\memp_1078648357.o
                0x000000000010789c                memp_free
 .text.netif_null_output_ip4
                0x00000000001078c4        0x8 D:\FPGAhanjia\Hetero_SoC_2026_3\Hetero_SoC_2026\HCS_SOC\ax7020_official_net_test_app\\manual_build\obj\netif_877261272.o
 .text.netif_issue_reports
                0x00000000001078cc       0x2c D:\FPGAhanjia\Hetero_SoC_2026_3\Hetero_SoC_2026\HCS_SOC\ax7020_official_net_test_app\\manual_build\obj\netif_877261272.o
 .text.netif_do_set_ipaddr.isra.0
                0x00000000001078f8       0x5c D:\FPGAhanjia\Hetero_SoC_2026_3\Hetero_SoC_2026\HCS_SOC\ax7020_official_net_test_app\\manual_build\obj\netif_877261272.o
 .text.netif_init
                0x0000000000107954        0x4 D:\FPGAhanjia\Hetero_SoC_2026_3\Hetero_SoC_2026\HCS_SOC\ax7020_official_net_test_app\\manual_build\obj\netif_877261272.o
                0x0000000000107954                netif_init
 .text.netif_set_addr
                0x0000000000107958       0x94 D:\FPGAhanjia\Hetero_SoC_2026_3\Hetero_SoC_2026\HCS_SOC\ax7020_official_net_test_app\\manual_build\obj\netif_877261272.o
                0x0000000000107958                netif_set_addr
 .text.netif_add
                0x00000000001079ec      0x100 D:\FPGAhanjia\Hetero_SoC_2026_3\Hetero_SoC_2026\HCS_SOC\ax7020_official_net_test_app\\manual_build\obj\netif_877261272.o
                0x00000000001079ec                netif_add
 .text.netif_set_default
                0x0000000000107aec       0x10 D:\FPGAhanjia\Hetero_SoC_2026_3\Hetero_SoC_2026\HCS_SOC\ax7020_official_net_test_app\\manual_build\obj\netif_877261272.o
                0x0000000000107aec                netif_set_default
 .text.netif_set_up
                0x0000000000107afc       0x24 D:\FPGAhanjia\Hetero_SoC_2026_3\Hetero_SoC_2026\HCS_SOC\ax7020_official_net_test_app\\manual_build\obj\netif_877261272.o
                0x0000000000107afc                netif_set_up
 .text.netif_set_link_up
                0x0000000000107b20       0x24 D:\FPGAhanjia\Hetero_SoC_2026_3\Hetero_SoC_2026\HCS_SOC\ax7020_official_net_test_app\\manual_build\obj\netif_877261272.o
                0x0000000000107b20                netif_set_link_up
 .text.netif_set_link_down
                0x0000000000107b44       0x1c D:\FPGAhanjia\Hetero_SoC_2026_3\Hetero_SoC_2026\HCS_SOC\ax7020_official_net_test_app\\manual_build\obj\netif_877261272.o
                0x0000000000107b44                netif_set_link_down
 .text.netif_get_by_index
                0x0000000000107b60       0x40 D:\FPGAhanjia\Hetero_SoC_2026_3\Hetero_SoC_2026\HCS_SOC\ax7020_official_net_test_app\\manual_build\obj\netif_877261272.o
                0x0000000000107b60                netif_get_by_index
 .text.pbuf_add_header_impl
                0x0000000000107ba0       0x94 D:\FPGAhanjia\Hetero_SoC_2026_3\Hetero_SoC_2026\HCS_SOC\ax7020_official_net_test_app\\manual_build\obj\pbuf_184122677.o
 .text.pbuf_alloc_reference
                0x0000000000107c34       0x44 D:\FPGAhanjia\Hetero_SoC_2026_3\Hetero_SoC_2026\HCS_SOC\ax7020_official_net_test_app\\manual_build\obj\pbuf_184122677.o
                0x0000000000107c34                pbuf_alloc_reference
 .text.pbuf_alloced_custom
                0x0000000000107c78       0x5c D:\FPGAhanjia\Hetero_SoC_2026_3\Hetero_SoC_2026\HCS_SOC\ax7020_official_net_test_app\\manual_build\obj\pbuf_184122677.o
                0x0000000000107c78                pbuf_alloced_custom
 .text.pbuf_add_header
                0x0000000000107cd4        0x8 D:\FPGAhanjia\Hetero_SoC_2026_3\Hetero_SoC_2026\HCS_SOC\ax7020_official_net_test_app\\manual_build\obj\pbuf_184122677.o
                0x0000000000107cd4                pbuf_add_header
 .text.pbuf_remove_header
                0x0000000000107cdc       0x58 D:\FPGAhanjia\Hetero_SoC_2026_3\Hetero_SoC_2026\HCS_SOC\ax7020_official_net_test_app\\manual_build\obj\pbuf_184122677.o
                0x0000000000107cdc                pbuf_remove_header
 .text.pbuf_header_force
                0x0000000000107d34       0x18 D:\FPGAhanjia\Hetero_SoC_2026_3\Hetero_SoC_2026\HCS_SOC\ax7020_official_net_test_app\\manual_build\obj\pbuf_184122677.o
                0x0000000000107d34                pbuf_header_force
 .text.pbuf_free
                0x0000000000107d4c       0xb4 D:\FPGAhanjia\Hetero_SoC_2026_3\Hetero_SoC_2026\HCS_SOC\ax7020_official_net_test_app\\manual_build\obj\pbuf_184122677.o
                0x0000000000107d4c                pbuf_free
 .text.pbuf_alloc
                0x0000000000107e00      0x14c D:\FPGAhanjia\Hetero_SoC_2026_3\Hetero_SoC_2026\HCS_SOC\ax7020_official_net_test_app\\manual_build\obj\pbuf_184122677.o
                0x0000000000107e00                pbuf_alloc
 .text.pbuf_realloc
                0x0000000000107f4c       0xa8 D:\FPGAhanjia\Hetero_SoC_2026_3\Hetero_SoC_2026\HCS_SOC\ax7020_official_net_test_app\\manual_build\obj\pbuf_184122677.o
                0x0000000000107f4c                pbuf_realloc
 .text.pbuf_clen
                0x0000000000107ff4       0x24 D:\FPGAhanjia\Hetero_SoC_2026_3\Hetero_SoC_2026\HCS_SOC\ax7020_official_net_test_app\\manual_build\obj\pbuf_184122677.o
                0x0000000000107ff4                pbuf_clen
 .text.pbuf_ref
                0x0000000000108018       0x24 D:\FPGAhanjia\Hetero_SoC_2026_3\Hetero_SoC_2026\HCS_SOC\ax7020_official_net_test_app\\manual_build\obj\pbuf_184122677.o
                0x0000000000108018                pbuf_ref
 .text.pbuf_cat
                0x000000000010803c       0x3c D:\FPGAhanjia\Hetero_SoC_2026_3\Hetero_SoC_2026\HCS_SOC\ax7020_official_net_test_app\\manual_build\obj\pbuf_184122677.o
                0x000000000010803c                pbuf_cat
 .text.pbuf_chain
                0x0000000000108078       0x14 D:\FPGAhanjia\Hetero_SoC_2026_3\Hetero_SoC_2026\HCS_SOC\ax7020_official_net_test_app\\manual_build\obj\pbuf_184122677.o
                0x0000000000108078                pbuf_chain
 .text.pbuf_copy_partial_pbuf
                0x000000000010808c      0x198 D:\FPGAhanjia\Hetero_SoC_2026_3\Hetero_SoC_2026\HCS_SOC\ax7020_official_net_test_app\\manual_build\obj\pbuf_184122677.o
                0x000000000010808c                pbuf_copy_partial_pbuf
 .text.pbuf_copy
                0x0000000000108224       0x1c D:\FPGAhanjia\Hetero_SoC_2026_3\Hetero_SoC_2026\HCS_SOC\ax7020_official_net_test_app\\manual_build\obj\pbuf_184122677.o
                0x0000000000108224                pbuf_copy
 .text.pbuf_copy_partial
                0x0000000000108240       0x98 D:\FPGAhanjia\Hetero_SoC_2026_3\Hetero_SoC_2026\HCS_SOC\ax7020_official_net_test_app\\manual_build\obj\pbuf_184122677.o
                0x0000000000108240                pbuf_copy_partial
 .text.pbuf_take
                0x00000000001082d8       0x78 D:\FPGAhanjia\Hetero_SoC_2026_3\Hetero_SoC_2026\HCS_SOC\ax7020_official_net_test_app\\manual_build\obj\pbuf_184122677.o
                0x00000000001082d8                pbuf_take
 .text.pbuf_clone
                0x0000000000108350       0x2c D:\FPGAhanjia\Hetero_SoC_2026_3\Hetero_SoC_2026\HCS_SOC\ax7020_official_net_test_app\\manual_build\obj\pbuf_184122677.o
                0x0000000000108350                pbuf_clone
 .text.stats_init
                0x000000000010837c        0x4 D:\FPGAhanjia\Hetero_SoC_2026_3\Hetero_SoC_2026\HCS_SOC\ax7020_official_net_test_app\\manual_build\obj\stats_273516209.o
                0x000000000010837c                stats_init
 .text.tcp_close_shutdown_fin
                0x0000000000108380       0x70 D:\FPGAhanjia\Hetero_SoC_2026_3\Hetero_SoC_2026\HCS_SOC\ax7020_official_net_test_app\\manual_build\obj\tcp_1137622813.o
 .text.tcp_init
                0x00000000001083f0       0x20 D:\FPGAhanjia\Hetero_SoC_2026_3\Hetero_SoC_2026\HCS_SOC\ax7020_official_net_test_app\\manual_build\obj\tcp_1137622813.o
                0x00000000001083f0                tcp_init
 .text.tcp_free
                0x0000000000108410        0xc D:\FPGAhanjia\Hetero_SoC_2026_3\Hetero_SoC_2026\HCS_SOC\ax7020_official_net_test_app\\manual_build\obj\tcp_1137622813.o
                0x0000000000108410                tcp_free
 .text.tcp_update_rcv_ann_wnd
                0x000000000010841c       0x50 D:\FPGAhanjia\Hetero_SoC_2026_3\Hetero_SoC_2026\HCS_SOC\ax7020_official_net_test_app\\manual_build\obj\tcp_1137622813.o
                0x000000000010841c                tcp_update_rcv_ann_wnd
 .text.tcp_recved
                0x000000000010846c       0x4c D:\FPGAhanjia\Hetero_SoC_2026_3\Hetero_SoC_2026\HCS_SOC\ax7020_official_net_test_app\\manual_build\obj\tcp_1137622813.o
                0x000000000010846c                tcp_recved
 .text.tcp_seg_free
                0x00000000001084b8       0x2c D:\FPGAhanjia\Hetero_SoC_2026_3\Hetero_SoC_2026\HCS_SOC\ax7020_official_net_test_app\\manual_build\obj\tcp_1137622813.o
                0x00000000001084b8                tcp_seg_free
 .text.tcp_segs_free
                0x00000000001084e4       0x24 D:\FPGAhanjia\Hetero_SoC_2026_3\Hetero_SoC_2026\HCS_SOC\ax7020_official_net_test_app\\manual_build\obj\tcp_1137622813.o
                0x00000000001084e4                tcp_segs_free
 .text.tcp_seg_copy
                0x0000000000108508       0x44 D:\FPGAhanjia\Hetero_SoC_2026_3\Hetero_SoC_2026\HCS_SOC\ax7020_official_net_test_app\\manual_build\obj\tcp_1137622813.o
                0x0000000000108508                tcp_seg_copy
 .text.tcp_next_iss
                0x000000000010854c       0x24 D:\FPGAhanjia\Hetero_SoC_2026_3\Hetero_SoC_2026\HCS_SOC\ax7020_official_net_test_app\\manual_build\obj\tcp_1137622813.o
                0x000000000010854c                tcp_next_iss
 .text.tcp_eff_send_mss_netif
                0x0000000000108570       0x30 D:\FPGAhanjia\Hetero_SoC_2026_3\Hetero_SoC_2026\HCS_SOC\ax7020_official_net_test_app\\manual_build\obj\tcp_1137622813.o
                0x0000000000108570                tcp_eff_send_mss_netif
 .text.tcp_free_ooseq
                0x00000000001085a0       0x24 D:\FPGAhanjia\Hetero_SoC_2026_3\Hetero_SoC_2026\HCS_SOC\ax7020_official_net_test_app\\manual_build\obj\tcp_1137622813.o
                0x00000000001085a0                tcp_free_ooseq
 .text.tcp_pcb_purge
                0x00000000001085c4       0x74 D:\FPGAhanjia\Hetero_SoC_2026_3\Hetero_SoC_2026\HCS_SOC\ax7020_official_net_test_app\\manual_build\obj\tcp_1137622813.o
                0x00000000001085c4                tcp_pcb_purge
 .text.tcp_pcb_remove
                0x0000000000108638       0x8c D:\FPGAhanjia\Hetero_SoC_2026_3\Hetero_SoC_2026\HCS_SOC\ax7020_official_net_test_app\\manual_build\obj\tcp_1137622813.o
                0x0000000000108638                tcp_pcb_remove
 .text.tcp_abandon
                0x00000000001086c4      0x168 D:\FPGAhanjia\Hetero_SoC_2026_3\Hetero_SoC_2026\HCS_SOC\ax7020_official_net_test_app\\manual_build\obj\tcp_1137622813.o
                0x00000000001086c4                tcp_abandon
 .text.tcp_abort
                0x000000000010882c        0x8 D:\FPGAhanjia\Hetero_SoC_2026_3\Hetero_SoC_2026\HCS_SOC\ax7020_official_net_test_app\\manual_build\obj\tcp_1137622813.o
                0x000000000010882c                tcp_abort
 .text.tcp_netif_ip_addr_changed_pcblist
                0x0000000000108834       0x34 D:\FPGAhanjia\Hetero_SoC_2026_3\Hetero_SoC_2026\HCS_SOC\ax7020_official_net_test_app\\manual_build\obj\tcp_1137622813.o
 .text.tcp_netif_ip_addr_changed
                0x0000000000108868       0x84 D:\FPGAhanjia\Hetero_SoC_2026_3\Hetero_SoC_2026\HCS_SOC\ax7020_official_net_test_app\\manual_build\obj\tcp_1137622813.o
                0x0000000000108868                tcp_netif_ip_addr_changed
 .text.tcp_kill_state
                0x00000000001088ec       0x68 D:\FPGAhanjia\Hetero_SoC_2026_3\Hetero_SoC_2026\HCS_SOC\ax7020_official_net_test_app\\manual_build\obj\tcp_1137622813.o
 .text.tcp_alloc
                0x0000000000108954      0x250 D:\FPGAhanjia\Hetero_SoC_2026_3\Hetero_SoC_2026\HCS_SOC\ax7020_official_net_test_app\\manual_build\obj\tcp_1137622813.o
                0x0000000000108954                tcp_alloc
 .text.tcp_close_shutdown
                0x0000000000108ba4      0x1e8 D:\FPGAhanjia\Hetero_SoC_2026_3\Hetero_SoC_2026\HCS_SOC\ax7020_official_net_test_app\\manual_build\obj\tcp_1137622813.o
 .text.tcp_close
                0x0000000000108d8c       0x2c D:\FPGAhanjia\Hetero_SoC_2026_3\Hetero_SoC_2026\HCS_SOC\ax7020_official_net_test_app\\manual_build\obj\tcp_1137622813.o
                0x0000000000108d8c                tcp_close
 .text.tcp_recv_null
                0x0000000000108db8       0x48 D:\FPGAhanjia\Hetero_SoC_2026_3\Hetero_SoC_2026\HCS_SOC\ax7020_official_net_test_app\\manual_build\obj\tcp_1137622813.o
                0x0000000000108db8                tcp_recv_null
 .text.tcp_process_refused_data
                0x0000000000108e00       0xc0 D:\FPGAhanjia\Hetero_SoC_2026_3\Hetero_SoC_2026\HCS_SOC\ax7020_official_net_test_app\\manual_build\obj\tcp_1137622813.o
                0x0000000000108e00                tcp_process_refused_data
 .text.tcp_fasttmr
                0x0000000000108ec0       0xc4 D:\FPGAhanjia\Hetero_SoC_2026_3\Hetero_SoC_2026\HCS_SOC\ax7020_official_net_test_app\\manual_build\obj\tcp_1137622813.o
                0x0000000000108ec0                tcp_fasttmr
 .text.tcp_slowtmr
                0x0000000000108f84      0x4ac D:\FPGAhanjia\Hetero_SoC_2026_3\Hetero_SoC_2026\HCS_SOC\ax7020_official_net_test_app\\manual_build\obj\tcp_1137622813.o
                0x0000000000108f84                tcp_slowtmr
 .text.tcp_get_next_optbyte
                0x0000000000109430       0x64 D:\FPGAhanjia\Hetero_SoC_2026_3\Hetero_SoC_2026\HCS_SOC\ax7020_official_net_test_app\\manual_build\obj\tcp_in_1925280373.o
 .text.tcp_oos_insert_segment
                0x0000000000109494       0xcc D:\FPGAhanjia\Hetero_SoC_2026_3\Hetero_SoC_2026\HCS_SOC\ax7020_official_net_test_app\\manual_build\obj\tcp_in_1925280373.o
 .text.tcp_parseopt
                0x0000000000109560       0xc4 D:\FPGAhanjia\Hetero_SoC_2026_3\Hetero_SoC_2026\HCS_SOC\ax7020_official_net_test_app\\manual_build\obj\tcp_in_1925280373.o
 .text.tcp_input_delayed_close
                0x0000000000109624       0x60 D:\FPGAhanjia\Hetero_SoC_2026_3\Hetero_SoC_2026\HCS_SOC\ax7020_official_net_test_app\\manual_build\obj\tcp_in_1925280373.o
 .text.tcp_free_acked_segments.constprop.0
                0x0000000000109684       0xa4 D:\FPGAhanjia\Hetero_SoC_2026_3\Hetero_SoC_2026\HCS_SOC\ax7020_official_net_test_app\\manual_build\obj\tcp_in_1925280373.o
 .text.tcp_receive
                0x0000000000109728      0xa5c D:\FPGAhanjia\Hetero_SoC_2026_3\Hetero_SoC_2026\HCS_SOC\ax7020_official_net_test_app\\manual_build\obj\tcp_in_1925280373.o
 .text.tcp_input
                0x000000000010a184      0xf08 D:\FPGAhanjia\Hetero_SoC_2026_3\Hetero_SoC_2026\HCS_SOC\ax7020_official_net_test_app\\manual_build\obj\tcp_in_1925280373.o
                0x000000000010a184                tcp_input
 .text.tcp_trigger_input_pcb_close
                0x000000000010b08c       0x18 D:\FPGAhanjia\Hetero_SoC_2026_3\Hetero_SoC_2026\HCS_SOC\ax7020_official_net_test_app\\manual_build\obj\tcp_in_1925280373.o
                0x000000000010b08c                tcp_trigger_input_pcb_close
 .text.tcp_create_segment
                0x000000000010b0a4       0xf0 D:\FPGAhanjia\Hetero_SoC_2026_3\Hetero_SoC_2026\HCS_SOC\ax7020_official_net_test_app\\manual_build\obj\tcp_out_132429496.o
 .text.tcp_output_alloc_header_common.constprop.0
                0x000000000010b194       0x90 D:\FPGAhanjia\Hetero_SoC_2026_3\Hetero_SoC_2026\HCS_SOC\ax7020_official_net_test_app\\manual_build\obj\tcp_out_132429496.o
 .text.tcp_output_alloc_header.constprop.0
                0x000000000010b224       0x48 D:\FPGAhanjia\Hetero_SoC_2026_3\Hetero_SoC_2026\HCS_SOC\ax7020_official_net_test_app\\manual_build\obj\tcp_out_132429496.o
 .text.tcp_output_control_segment
                0x000000000010b26c       0xb8 D:\FPGAhanjia\Hetero_SoC_2026_3\Hetero_SoC_2026\HCS_SOC\ax7020_official_net_test_app\\manual_build\obj\tcp_out_132429496.o
 .text.tcp_split_unsent_seg
                0x000000000010b324      0x1c4 D:\FPGAhanjia\Hetero_SoC_2026_3\Hetero_SoC_2026\HCS_SOC\ax7020_official_net_test_app\\manual_build\obj\tcp_out_132429496.o
                0x000000000010b324                tcp_split_unsent_seg
 .text.tcp_enqueue_flags
                0x000000000010b4e8       0xe0 D:\FPGAhanjia\Hetero_SoC_2026_3\Hetero_SoC_2026\HCS_SOC\ax7020_official_net_test_app\\manual_build\obj\tcp_out_132429496.o
                0x000000000010b4e8                tcp_enqueue_flags
 .text.tcp_send_fin
                0x000000000010b5c8       0x78 D:\FPGAhanjia\Hetero_SoC_2026_3\Hetero_SoC_2026\HCS_SOC\ax7020_official_net_test_app\\manual_build\obj\tcp_out_132429496.o
                0x000000000010b5c8                tcp_send_fin
 .text.tcp_rexmit_rto_prepare
                0x000000000010b640       0xac D:\FPGAhanjia\Hetero_SoC_2026_3\Hetero_SoC_2026\HCS_SOC\ax7020_official_net_test_app\\manual_build\obj\tcp_out_132429496.o
                0x000000000010b640                tcp_rexmit_rto_prepare
 .text.tcp_rexmit
                0x000000000010b6ec       0xa8 D:\FPGAhanjia\Hetero_SoC_2026_3\Hetero_SoC_2026\HCS_SOC\ax7020_official_net_test_app\\manual_build\obj\tcp_out_132429496.o
                0x000000000010b6ec                tcp_rexmit
 .text.tcp_rexmit_fast
                0x000000000010b794       0x74 D:\FPGAhanjia\Hetero_SoC_2026_3\Hetero_SoC_2026\HCS_SOC\ax7020_official_net_test_app\\manual_build\obj\tcp_out_132429496.o
                0x000000000010b794                tcp_rexmit_fast
 .text.tcp_rst  0x000000000010b808       0x74 D:\FPGAhanjia\Hetero_SoC_2026_3\Hetero_SoC_2026\HCS_SOC\ax7020_official_net_test_app\\manual_build\obj\tcp_out_132429496.o
                0x000000000010b808                tcp_rst
 .text.tcp_rst_netif
                0x000000000010b87c       0xa4 D:\FPGAhanjia\Hetero_SoC_2026_3\Hetero_SoC_2026\HCS_SOC\ax7020_official_net_test_app\\manual_build\obj\tcp_out_132429496.o
                0x000000000010b87c                tcp_rst_netif
 .text.tcp_send_empty_ack
                0x000000000010b920       0x60 D:\FPGAhanjia\Hetero_SoC_2026_3\Hetero_SoC_2026\HCS_SOC\ax7020_official_net_test_app\\manual_build\obj\tcp_out_132429496.o
                0x000000000010b920                tcp_send_empty_ack
 .text.tcp_output
                0x000000000010b980      0x4bc D:\FPGAhanjia\Hetero_SoC_2026_3\Hetero_SoC_2026\HCS_SOC\ax7020_official_net_test_app\\manual_build\obj\tcp_out_132429496.o
                0x000000000010b980                tcp_output
 .text.tcp_rexmit_rto_commit
                0x000000000010be3c       0x14 D:\FPGAhanjia\Hetero_SoC_2026_3\Hetero_SoC_2026\HCS_SOC\ax7020_official_net_test_app\\manual_build\obj\tcp_out_132429496.o
                0x000000000010be3c                tcp_rexmit_rto_commit
 .text.tcp_rexmit_rto
                0x000000000010be50       0x20 D:\FPGAhanjia\Hetero_SoC_2026_3\Hetero_SoC_2026\HCS_SOC\ax7020_official_net_test_app\\manual_build\obj\tcp_out_132429496.o
                0x000000000010be50                tcp_rexmit_rto
 .text.tcp_keepalive
                0x000000000010be70       0x48 D:\FPGAhanjia\Hetero_SoC_2026_3\Hetero_SoC_2026\HCS_SOC\ax7020_official_net_test_app\\manual_build\obj\tcp_out_132429496.o
                0x000000000010be70                tcp_keepalive
 .text.tcp_zero_window_probe
                0x000000000010beb8       0xf0 D:\FPGAhanjia\Hetero_SoC_2026_3\Hetero_SoC_2026\HCS_SOC\ax7020_official_net_test_app\\manual_build\obj\tcp_out_132429496.o
                0x000000000010beb8                tcp_zero_window_probe
 .text.tcp_timer_needed
                0x000000000010bfa8        0x4 D:\FPGAhanjia\Hetero_SoC_2026_3\Hetero_SoC_2026\HCS_SOC\ax7020_official_net_test_app\\manual_build\obj\timeouts_2139948626.o
                0x000000000010bfa8                tcp_timer_needed
 .text.udp_init
                0x000000000010bfac       0x20 D:\FPGAhanjia\Hetero_SoC_2026_3\Hetero_SoC_2026\HCS_SOC\ax7020_official_net_test_app\\manual_build\obj\udp_1853383593.o
                0x000000000010bfac                udp_init
 .text.udp_input
                0x000000000010bfcc      0x2c8 D:\FPGAhanjia\Hetero_SoC_2026_3\Hetero_SoC_2026\HCS_SOC\ax7020_official_net_test_app\\manual_build\obj\udp_1853383593.o
                0x000000000010bfcc                udp_input
 .text.udp_bind
                0x000000000010c294      0x138 D:\FPGAhanjia\Hetero_SoC_2026_3\Hetero_SoC_2026\HCS_SOC\ax7020_official_net_test_app\\manual_build\obj\udp_1853383593.o
                0x000000000010c294                udp_bind
 .text.udp_sendto_if_src
                0x000000000010c3cc      0x164 D:\FPGAhanjia\Hetero_SoC_2026_3\Hetero_SoC_2026\HCS_SOC\ax7020_official_net_test_app\\manual_build\obj\udp_1853383593.o
                0x000000000010c3cc                udp_sendto_if_src
 .text.udp_sendto_if
                0x000000000010c530       0x7c D:\FPGAhanjia\Hetero_SoC_2026_3\Hetero_SoC_2026\HCS_SOC\ax7020_official_net_test_app\\manual_build\obj\udp_1853383593.o
                0x000000000010c530                udp_sendto_if
 .text.udp_sendto
                0x000000000010c5ac       0x98 D:\FPGAhanjia\Hetero_SoC_2026_3\Hetero_SoC_2026\HCS_SOC\ax7020_official_net_test_app\\manual_build\obj\udp_1853383593.o
                0x000000000010c5ac                udp_sendto
 .text.udp_recv
                0x000000000010c644       0x10 D:\FPGAhanjia\Hetero_SoC_2026_3\Hetero_SoC_2026\HCS_SOC\ax7020_official_net_test_app\\manual_build\obj\udp_1853383593.o
                0x000000000010c644                udp_recv
 .text.udp_new  0x000000000010c654       0x30 D:\FPGAhanjia\Hetero_SoC_2026_3\Hetero_SoC_2026\HCS_SOC\ax7020_official_net_test_app\\manual_build\obj\udp_1853383593.o
                0x000000000010c654                udp_new
 .text.udp_new_ip_type
                0x000000000010c684        0x4 D:\FPGAhanjia\Hetero_SoC_2026_3\Hetero_SoC_2026\HCS_SOC\ax7020_official_net_test_app\\manual_build\obj\udp_1853383593.o
                0x000000000010c684                udp_new_ip_type
 .text.udp_netif_ip_addr_changed
                0x000000000010c688       0x54 D:\FPGAhanjia\Hetero_SoC_2026_3\Hetero_SoC_2026\HCS_SOC\ax7020_official_net_test_app\\manual_build\obj\udp_1853383593.o
                0x000000000010c688                udp_netif_ip_addr_changed
 .text.etharp_free_entry
                0x000000000010c6dc       0x68 D:\FPGAhanjia\Hetero_SoC_2026_3\Hetero_SoC_2026\HCS_SOC\ax7020_official_net_test_app\\manual_build\obj\etharp_1333071569.o
 .text.etharp_find_entry
                0x000000000010c744      0x168 D:\FPGAhanjia\Hetero_SoC_2026_3\Hetero_SoC_2026\HCS_SOC\ax7020_official_net_test_app\\manual_build\obj\etharp_1333071569.o
 .text.etharp_raw
                0x000000000010c8ac       0xfc D:\FPGAhanjia\Hetero_SoC_2026_3\Hetero_SoC_2026\HCS_SOC\ax7020_official_net_test_app\\manual_build\obj\etharp_1333071569.o
 .text.etharp_input
                0x000000000010c9a8      0x20c D:\FPGAhanjia\Hetero_SoC_2026_3\Hetero_SoC_2026\HCS_SOC\ax7020_official_net_test_app\\manual_build\obj\etharp_1333071569.o
                0x000000000010c9a8                etharp_input
 .text.etharp_request
                0x000000000010cbb4       0x40 D:\FPGAhanjia\Hetero_SoC_2026_3\Hetero_SoC_2026\HCS_SOC\ax7020_official_net_test_app\\manual_build\obj\etharp_1333071569.o
                0x000000000010cbb4                etharp_request
 .text.etharp_output_to_arp_index
                0x000000000010cbf4       0xcc D:\FPGAhanjia\Hetero_SoC_2026_3\Hetero_SoC_2026\HCS_SOC\ax7020_official_net_test_app\\manual_build\obj\etharp_1333071569.o
 .text.etharp_query
                0x000000000010ccc0      0x22c D:\FPGAhanjia\Hetero_SoC_2026_3\Hetero_SoC_2026\HCS_SOC\ax7020_official_net_test_app\\manual_build\obj\etharp_1333071569.o
                0x000000000010ccc0                etharp_query
 .text.etharp_output
                0x000000000010ceec      0x198 D:\FPGAhanjia\Hetero_SoC_2026_3\Hetero_SoC_2026\HCS_SOC\ax7020_official_net_test_app\\manual_build\obj\etharp_1333071569.o
                0x000000000010ceec                etharp_output
 .text.icmp_send_response
                0x000000000010d084       0xe8 D:\FPGAhanjia\Hetero_SoC_2026_3\Hetero_SoC_2026\HCS_SOC\ax7020_official_net_test_app\\manual_build\obj\icmp_439031812.o
 .text.icmp_input
                0x000000000010d16c      0x25c D:\FPGAhanjia\Hetero_SoC_2026_3\Hetero_SoC_2026\HCS_SOC\ax7020_official_net_test_app\\manual_build\obj\icmp_439031812.o
                0x000000000010d16c                icmp_input
 .text.icmp_dest_unreach
                0x000000000010d3c8        0xc D:\FPGAhanjia\Hetero_SoC_2026_3\Hetero_SoC_2026\HCS_SOC\ax7020_official_net_test_app\\manual_build\obj\icmp_439031812.o
                0x000000000010d3c8                icmp_dest_unreach
 .text.icmp_time_exceeded
                0x000000000010d3d4        0xc D:\FPGAhanjia\Hetero_SoC_2026_3\Hetero_SoC_2026\HCS_SOC\ax7020_official_net_test_app\\manual_build\obj\icmp_439031812.o
                0x000000000010d3d4                icmp_time_exceeded
 .text.ip_reass_dequeue_datagram
                0x000000000010d3e0       0x28 D:\FPGAhanjia\Hetero_SoC_2026_3\Hetero_SoC_2026\HCS_SOC\ax7020_official_net_test_app\\manual_build\obj\ip4_frag_1141350065.o
 .text.ip_reass_free_complete_datagram
                0x000000000010d408       0xc0 D:\FPGAhanjia\Hetero_SoC_2026_3\Hetero_SoC_2026\HCS_SOC\ax7020_official_net_test_app\\manual_build\obj\ip4_frag_1141350065.o
 .text.ip_reass_remove_oldest_datagram
                0x000000000010d4c8       0xd8 D:\FPGAhanjia\Hetero_SoC_2026_3\Hetero_SoC_2026\HCS_SOC\ax7020_official_net_test_app\\manual_build\obj\ip4_frag_1141350065.o
 .text.ipfrag_free_pbuf_custom
                0x000000000010d5a0       0x28 D:\FPGAhanjia\Hetero_SoC_2026_3\Hetero_SoC_2026\HCS_SOC\ax7020_official_net_test_app\\manual_build\obj\ip4_frag_1141350065.o
 .text.ip4_reass
                0x000000000010d5c8      0x574 D:\FPGAhanjia\Hetero_SoC_2026_3\Hetero_SoC_2026\HCS_SOC\ax7020_official_net_test_app\\manual_build\obj\ip4_frag_1141350065.o
                0x000000000010d5c8                ip4_reass
 .text.ip4_frag
                0x000000000010db3c      0x278 D:\FPGAhanjia\Hetero_SoC_2026_3\Hetero_SoC_2026\HCS_SOC\ax7020_official_net_test_app\\manual_build\obj\ip4_frag_1141350065.o
                0x000000000010db3c                ip4_frag
 .text.ip4_input_accept
                0x000000000010ddb4       0x54 D:\FPGAhanjia\Hetero_SoC_2026_3\Hetero_SoC_2026\HCS_SOC\ax7020_official_net_test_app\\manual_build\obj\ip4_755414018.o
 .text.ip4_route
                0x000000000010de08       0xc8 D:\FPGAhanjia\Hetero_SoC_2026_3\Hetero_SoC_2026\HCS_SOC\ax7020_official_net_test_app\\manual_build\obj\ip4_755414018.o
                0x000000000010de08                ip4_route
 .text.ip4_input
                0x000000000010ded0      0x2d4 D:\FPGAhanjia\Hetero_SoC_2026_3\Hetero_SoC_2026\HCS_SOC\ax7020_official_net_test_app\\manual_build\obj\ip4_755414018.o
                0x000000000010ded0                ip4_input
 .text.ip4_output_if_src
                0x000000000010e1a4      0x140 D:\FPGAhanjia\Hetero_SoC_2026_3\Hetero_SoC_2026\HCS_SOC\ax7020_official_net_test_app\\manual_build\obj\ip4_755414018.o
                0x000000000010e1a4                ip4_output_if_src
 .text.ip4_output_if
                0x000000000010e2e4       0x44 D:\FPGAhanjia\Hetero_SoC_2026_3\Hetero_SoC_2026\HCS_SOC\ax7020_official_net_test_app\\manual_build\obj\ip4_755414018.o
                0x000000000010e2e4                ip4_output_if
 .text.ip4_addr_isbroadcast_u32
                0x000000000010e328       0x60 D:\FPGAhanjia\Hetero_SoC_2026_3\Hetero_SoC_2026\HCS_SOC\ax7020_official_net_test_app\\manual_build\obj\ip4_addr_1919567454.o
                0x000000000010e328                ip4_addr_isbroadcast_u32
 .text.ethernet_input
                0x000000000010e388      0x148 D:\FPGAhanjia\Hetero_SoC_2026_3\Hetero_SoC_2026\HCS_SOC\ax7020_official_net_test_app\\manual_build\obj\ethernet_141822018.o
                0x000000000010e388                ethernet_input
 .text.ethernet_output
                0x000000000010e4d0       0x8c D:\FPGAhanjia\Hetero_SoC_2026_3\Hetero_SoC_2026\HCS_SOC\ax7020_official_net_test_app\\manual_build\obj\ethernet_141822018.o
                0x000000000010e4d0                ethernet_output
 .text.sys_arch_protect
                0x000000000010e55c       0x10 D:\FPGAhanjia\Hetero_SoC_2026_3\Hetero_SoC_2026\HCS_SOC\ax7020_official_net_test_app\\manual_build\obj\sys_arch_raw_1258598779.o
                0x000000000010e55c                sys_arch_protect
 .text.sys_arch_unprotect
                0x000000000010e56c        0x8 D:\FPGAhanjia\Hetero_SoC_2026_3\Hetero_SoC_2026\HCS_SOC\ax7020_official_net_test_app\\manual_build\obj\sys_arch_raw_1258598779.o
                0x000000000010e56c                sys_arch_unprotect
 .text.xtopology_find_index
                0x000000000010e574       0x58 D:\FPGAhanjia\Hetero_SoC_2026_3\Hetero_SoC_2026\HCS_SOC\ax7020_official_net_test_app\\manual_build\obj\xadapter_1027621621.o
                0x000000000010e574                xtopology_find_index
 .text.xemac_add
                0x000000000010e5cc       0xd4 D:\FPGAhanjia\Hetero_SoC_2026_3\Hetero_SoC_2026\HCS_SOC\ax7020_official_net_test_app\\manual_build\obj\xadapter_1027621621.o
                0x000000000010e5cc                xemac_add
 .text.xemacif_input
                0x000000000010e6a0       0x5c D:\FPGAhanjia\Hetero_SoC_2026_3\Hetero_SoC_2026\HCS_SOC\ax7020_official_net_test_app\\manual_build\obj\xadapter_1027621621.o
                0x000000000010e6a0                xemacif_input
 .text.emacps_link_status
                0x000000000010e6fc      0x124 D:\FPGAhanjia\Hetero_SoC_2026_3\Hetero_SoC_2026\HCS_SOC\ax7020_official_net_test_app\\manual_build\obj\xadapter_1027621621.o
                0x000000000010e6fc                emacps_link_status
 .text.eth_link_detect
                0x000000000010e820       0x1c D:\FPGAhanjia\Hetero_SoC_2026_3\Hetero_SoC_2026\HCS_SOC\ax7020_official_net_test_app\\manual_build\obj\xadapter_1027621621.o
                0x000000000010e820                eth_link_detect
 .text.pq_create_queue
                0x000000000010e83c       0x54 D:\FPGAhanjia\Hetero_SoC_2026_3\Hetero_SoC_2026\HCS_SOC\ax7020_official_net_test_app\\manual_build\obj\xpqueue_906452273.o
                0x000000000010e83c                pq_create_queue
 .text.pq_enqueue
                0x000000000010e890       0x48 D:\FPGAhanjia\Hetero_SoC_2026_3\Hetero_SoC_2026\HCS_SOC\ax7020_official_net_test_app\\manual_build\obj\xpqueue_906452273.o
                0x000000000010e890                pq_enqueue
 .text.pq_dequeue
                0x000000000010e8d8       0x48 D:\FPGAhanjia\Hetero_SoC_2026_3\Hetero_SoC_2026\HCS_SOC\ax7020_official_net_test_app\\manual_build\obj\xpqueue_906452273.o
                0x000000000010e8d8                pq_dequeue
 .text.pq_qlength
                0x000000000010e920        0xc D:\FPGAhanjia\Hetero_SoC_2026_3\Hetero_SoC_2026\HCS_SOC\ax7020_official_net_test_app\\manual_build\obj\xpqueue_906452273.o
                0x000000000010e920                pq_qlength
 .text.xemacps_is_tx_space_available
                0x000000000010e92c        0x8 D:\FPGAhanjia\Hetero_SoC_2026_3\Hetero_SoC_2026\HCS_SOC\ax7020_official_net_test_app\\manual_build\obj\xemacpsif_dma_1011328281.o
                0x000000000010e92c                xemacps_is_tx_space_available
 .text.xemacps_process_sent_bds
                0x000000000010e934       0xb8 D:\FPGAhanjia\Hetero_SoC_2026_3\Hetero_SoC_2026\HCS_SOC\ax7020_official_net_test_app\\manual_build\obj\xemacpsif_dma_1011328281.o
                0x000000000010e934                xemacps_process_sent_bds
 .text.emacps_send_handler
                0x000000000010e9ec       0x18 D:\FPGAhanjia\Hetero_SoC_2026_3\Hetero_SoC_2026\HCS_SOC\ax7020_official_net_test_app\\manual_build\obj\xemacpsif_dma_1011328281.o
                0x000000000010e9ec                emacps_send_handler
 .text.emacps_sgsend
                0x000000000010ea04      0x1bc D:\FPGAhanjia\Hetero_SoC_2026_3\Hetero_SoC_2026\HCS_SOC\ax7020_official_net_test_app\\manual_build\obj\xemacpsif_dma_1011328281.o
                0x000000000010ea04                emacps_sgsend
 .text.setup_rx_bds
                0x000000000010ebc0      0x11c D:\FPGAhanjia\Hetero_SoC_2026_3\Hetero_SoC_2026\HCS_SOC\ax7020_official_net_test_app\\manual_build\obj\xemacpsif_dma_1011328281.o
                0x000000000010ebc0                setup_rx_bds
 .text.clean_dma_txdescs
                0x000000000010ecdc       0x50 D:\FPGAhanjia\Hetero_SoC_2026_3\Hetero_SoC_2026\HCS_SOC\ax7020_official_net_test_app\\manual_build\obj\xemacpsif_dma_1011328281.o
                0x000000000010ecdc                clean_dma_txdescs
 .text.init_dma
                0x000000000010ed2c      0x390 D:\FPGAhanjia\Hetero_SoC_2026_3\Hetero_SoC_2026\HCS_SOC\ax7020_official_net_test_app\\manual_build\obj\xemacpsif_dma_1011328281.o
                0x000000000010ed2c                init_dma
 .text.resetrx_on_no_rxdata
                0x000000000010f0bc       0x4c D:\FPGAhanjia\Hetero_SoC_2026_3\Hetero_SoC_2026\HCS_SOC\ax7020_official_net_test_app\\manual_build\obj\xemacpsif_dma_1011328281.o
                0x000000000010f0bc                resetrx_on_no_rxdata
 .text.emacps_recv_handler
                0x000000000010f108      0x12c D:\FPGAhanjia\Hetero_SoC_2026_3\Hetero_SoC_2026\HCS_SOC\ax7020_official_net_test_app\\manual_build\obj\xemacpsif_dma_1011328281.o
                0x000000000010f108                emacps_recv_handler
 .text.free_txrx_pbufs
                0x000000000010f234       0x50 D:\FPGAhanjia\Hetero_SoC_2026_3\Hetero_SoC_2026\HCS_SOC\ax7020_official_net_test_app\\manual_build\obj\xemacpsif_dma_1011328281.o
                0x000000000010f234                free_txrx_pbufs
 .text.free_onlytx_pbufs
                0x000000000010f284       0x38 D:\FPGAhanjia\Hetero_SoC_2026_3\Hetero_SoC_2026\HCS_SOC\ax7020_official_net_test_app\\manual_build\obj\xemacpsif_dma_1011328281.o
                0x000000000010f284                free_onlytx_pbufs
 .text.SetUpSLCRDivisors
                0x000000000010f2bc      0x148 D:\FPGAhanjia\Hetero_SoC_2026_3\Hetero_SoC_2026\HCS_SOC\ax7020_official_net_test_app\\manual_build\obj\xemacpsif_physpeed_1840593565.o
 .text.detect_phy
                0x000000000010f404       0xf8 D:\FPGAhanjia\Hetero_SoC_2026_3\Hetero_SoC_2026\HCS_SOC\ax7020_official_net_test_app\\manual_build\obj\xemacpsif_physpeed_1840593565.o
                0x000000000010f404                detect_phy
 .text.phy_setup_emacps
                0x000000000010f4fc      0xbd4 D:\FPGAhanjia\Hetero_SoC_2026_3\Hetero_SoC_2026\HCS_SOC\ax7020_official_net_test_app\\manual_build\obj\xemacpsif_physpeed_1840593565.o
                0x000000000010f4fc                phy_setup_emacps
 .text.emacps_error_handler
                0x00000000001100d0       0xc4 D:\FPGAhanjia\Hetero_SoC_2026_3\Hetero_SoC_2026\HCS_SOC\ax7020_official_net_test_app\\manual_build\obj\xemacpsif_hw_1097686856.o
                0x00000000001100d0                emacps_error_handler
 .text.xemacps_lookup_config
                0x0000000000110194       0x1c D:\FPGAhanjia\Hetero_SoC_2026_3\Hetero_SoC_2026\HCS_SOC\ax7020_official_net_test_app\\manual_build\obj\xemacpsif_hw_1097686856.o
                0x0000000000110194                xemacps_lookup_config
 .text.init_emacps
                0x00000000001101b0      0x180 D:\FPGAhanjia\Hetero_SoC_2026_3\Hetero_SoC_2026\HCS_SOC\ax7020_official_net_test_app\\manual_build\obj\xemacpsif_hw_1097686856.o
                0x00000000001101b0                init_emacps
 .text.init_emacps_on_error
                0x0000000000110330       0x58 D:\FPGAhanjia\Hetero_SoC_2026_3\Hetero_SoC_2026\HCS_SOC\ax7020_official_net_test_app\\manual_build\obj\xemacpsif_hw_1097686856.o
                0x0000000000110330                init_emacps_on_error
 .text.setup_isr
                0x0000000000110388       0x58 D:\FPGAhanjia\Hetero_SoC_2026_3\Hetero_SoC_2026\HCS_SOC\ax7020_official_net_test_app\\manual_build\obj\xemacpsif_hw_1097686856.o
                0x0000000000110388                setup_isr
 .text.start_emacps
                0x00000000001103e0        0x4 D:\FPGAhanjia\Hetero_SoC_2026_3\Hetero_SoC_2026\HCS_SOC\ax7020_official_net_test_app\\manual_build\obj\xemacpsif_hw_1097686856.o
                0x00000000001103e0                start_emacps
 .text.low_level_output
                0x00000000001103e4       0xb0 D:\FPGAhanjia\Hetero_SoC_2026_3\Hetero_SoC_2026\HCS_SOC\ax7020_official_net_test_app\\manual_build\obj\xemacpsif_1811303418.o
 .text.xemacpsif_output
                0x0000000000110494        0x4 D:\FPGAhanjia\Hetero_SoC_2026_3\Hetero_SoC_2026\HCS_SOC\ax7020_official_net_test_app\\manual_build\obj\xemacpsif_1811303418.o
 .text.xemacpsif_input
                0x0000000000110498       0xb0 D:\FPGAhanjia\Hetero_SoC_2026_3\Hetero_SoC_2026\HCS_SOC\ax7020_official_net_test_app\\manual_build\obj\xemacpsif_1811303418.o
                0x0000000000110498                xemacpsif_input
 .text.HandleEmacPsError
                0x0000000000110548       0x7c D:\FPGAhanjia\Hetero_SoC_2026_3\Hetero_SoC_2026\HCS_SOC\ax7020_official_net_test_app\\manual_build\obj\xemacpsif_1811303418.o
                0x0000000000110548                HandleEmacPsError
 .text.HandleTxErrors
                0x00000000001105c4       0x50 D:\FPGAhanjia\Hetero_SoC_2026_3\Hetero_SoC_2026\HCS_SOC\ax7020_official_net_test_app\\manual_build\obj\xemacpsif_1811303418.o
                0x00000000001105c4                HandleTxErrors
 .text.xemacpsif_init
                0x0000000000110614       0xfc D:\FPGAhanjia\Hetero_SoC_2026_3\Hetero_SoC_2026\HCS_SOC\ax7020_official_net_test_app\\manual_build\obj\xemacpsif_1811303418.o
                0x0000000000110614                xemacpsif_init
 .text.xemacpsif_resetrx_on_no_rxdata
                0x0000000000110710        0xc D:\FPGAhanjia\Hetero_SoC_2026_3\Hetero_SoC_2026\HCS_SOC\ax7020_official_net_test_app\\manual_build\obj\xemacpsif_1811303418.o
                0x0000000000110710                xemacpsif_resetrx_on_no_rxdata
 .text.startup  0x000000000011071c       0x20 D:\FPGAhanjia\Hetero_SoC_2026_3\Hetero_SoC_2026\HCS_SOC\platform\\ps7_cortexa9_0\\standalone_ps7_cortexa9_0\\bsp\lib\libxiltimer.a(xiltimer.c.obj)
                0x000000000011071c                xtimerinit
 *(.gnu.linkonce.t.*)
 *(.plt)
 *(.gnu_warning)
 *(.gcc_execpt_table)
 *(.glue_7)
 .glue_7        0x000000000011073c        0x0 linker stubs
 *(.glue_7t)
 .glue_7t       0x000000000011073c        0x0 linker stubs
 *(.vfp11_veneer)
 .vfp11_veneer  0x000000000011073c        0x0 linker stubs
 *(.ARM.extab)
 *(.gnu.linkonce.armextab.*)
 *(.note.gnu.build-id)
 .note.gnu.build-id
                0x000000000011073c       0x24 linker stubs

.v4_bx          0x0000000000110760        0x0
 .v4_bx         0x0000000000110760        0x0 linker stubs

.iplt           0x0000000000110760        0x0
 .iplt          0x0000000000110760        0x0 D:/Xilinx/Vitis/2024.1/gnu/aarch32/nt/gcc-arm-none-eabi/bin//../aarch32-xilinx-eabi/usr/lib/thumb/v7-a+fp/hard/crtbegin.o

.init           0x0000000000110760        0xc
 *(.init)
 .init          0x0000000000110760        0x4 D:/Xilinx/Vitis/2024.1/gnu/aarch32/nt/gcc-arm-none-eabi/bin//../aarch32-xilinx-eabi/usr/lib/thumb/v7-a+fp/hard/crti.o
                0x0000000000110760                _init
 .init          0x0000000000110764        0x8 D:/Xilinx/Vitis/2024.1/gnu/aarch32/nt/gcc-arm-none-eabi/bin//../aarch32-xilinx-eabi/usr/lib/thumb/v7-a+fp/hard/crtn.o

.fini           0x000000000011076c        0xc
 *(.fini)
 .fini          0x000000000011076c        0x4 D:/Xilinx/Vitis/2024.1/gnu/aarch32/nt/gcc-arm-none-eabi/bin//../aarch32-xilinx-eabi/usr/lib/thumb/v7-a+fp/hard/crti.o
                0x000000000011076c                _fini
 .fini          0x0000000000110770        0x8 D:/Xilinx/Vitis/2024.1/gnu/aarch32/nt/gcc-arm-none-eabi/bin//../aarch32-xilinx-eabi/usr/lib/thumb/v7-a+fp/hard/crtn.o

.rodata         0x0000000000110778      0xded
                0x0000000000110778                __rodata_start = .
 *(.rodata)
 .rodata        0x0000000000110778        0x6 D:\FPGAhanjia\Hetero_SoC_2026_3\Hetero_SoC_2026\HCS_SOC\ax7020_official_net_test_app\\manual_build\obj\main_1437859772.o
 *fill*         0x000000000011077e        0x2 
 .rodata        0x0000000000110780       0x40 D:\FPGAhanjia\Hetero_SoC_2026_3\Hetero_SoC_2026\HCS_SOC\platform\\ps7_cortexa9_0\\standalone_ps7_cortexa9_0\\bsp\lib\libxil.a(xemacps_control.c.obj)
 .rodata        0x00000000001107c0        0x6 D:\FPGAhanjia\Hetero_SoC_2026_3\Hetero_SoC_2026\HCS_SOC\platform\\ps7_cortexa9_0\\standalone_ps7_cortexa9_0\\bsp\lib\libxil.a(xemacps.c.obj)
 *fill*         0x00000000001107c6        0x2 
 .rodata        0x00000000001107c8      0x101 D:/Xilinx/Vitis/2024.1/gnu/aarch32/nt/gcc-arm-none-eabi/bin//../aarch32-xilinx-eabi/usr/lib/thumb/v7-a+fp/hard\libc.a(lib_a-ctype_.o)
                0x00000000001107c8                _ctype_
 *fill*         0x00000000001108c9        0x3 
 .rodata        0x00000000001108cc        0x4 D:/Xilinx/Vitis/2024.1/gnu/aarch32/nt/gcc-arm-none-eabi/bin//../aarch32-xilinx-eabi/usr/lib/thumb/v7-a+fp/hard\libc.a(lib_a-impure.o)
                0x00000000001108cc                _global_impure_ptr
 *(.rodata.*)
 .rodata.print_ip.str1.1
                0x00000000001108d0        0xe D:\FPGAhanjia\Hetero_SoC_2026_3\Hetero_SoC_2026\HCS_SOC\ax7020_official_net_test_app\\manual_build\obj\main_1437859772.o
 .rodata.main.str1.1
                0x00000000001108de       0x63 D:\FPGAhanjia\Hetero_SoC_2026_3\Hetero_SoC_2026\HCS_SOC\ax7020_official_net_test_app\\manual_build\obj\main_1437859772.o
 .rodata.platform_setup_timer.str1.1
                0x0000000000110941       0x41 D:\FPGAhanjia\Hetero_SoC_2026_3\Hetero_SoC_2026\HCS_SOC\ax7020_official_net_test_app\\manual_build\obj\platform_zynq_1443476899.o
 .rodata.print_app_header.str1.1
                0x0000000000110982       0xdf D:\FPGAhanjia\Hetero_SoC_2026_3\Hetero_SoC_2026\HCS_SOC\ax7020_official_net_test_app\\manual_build\obj\udp_crypto_gateway_2100642755.o
                                         0xe2 (size before relaxing)
 .rodata.start_application.str1.1
                0x0000000000110a61       0x81 D:\FPGAhanjia\Hetero_SoC_2026_3\Hetero_SoC_2026\HCS_SOC\ax7020_official_net_test_app\\manual_build\obj\udp_crypto_gateway_2100642755.o
 .rodata.transfer_data.str1.1
                0x0000000000110ae2       0x57 D:\FPGAhanjia\Hetero_SoC_2026_3\Hetero_SoC_2026\HCS_SOC\ax7020_official_net_test_app\\manual_build\obj\udp_crypto_gateway_2100642755.o
 .rodata.g_aes128_key
                0x0000000000110b39       0x10 D:\FPGAhanjia\Hetero_SoC_2026_3\Hetero_SoC_2026\HCS_SOC\ax7020_official_net_test_app\\manual_build\obj\udp_crypto_gateway_2100642755.o
 *fill*         0x0000000000110b49        0x3 
 .rodata.memp_pools
                0x0000000000110b4c       0x24 D:\FPGAhanjia\Hetero_SoC_2026_3\Hetero_SoC_2026\HCS_SOC\ax7020_official_net_test_app\\manual_build\obj\memp_1078648357.o
                0x0000000000110b4c                memp_pools
 .rodata.memp_PBUF_POOL
                0x0000000000110b70       0x10 D:\FPGAhanjia\Hetero_SoC_2026_3\Hetero_SoC_2026\HCS_SOC\ax7020_official_net_test_app\\manual_build\obj\memp_1078648357.o
                0x0000000000110b70                memp_PBUF_POOL
 .rodata.memp_PBUF
                0x0000000000110b80       0x10 D:\FPGAhanjia\Hetero_SoC_2026_3\Hetero_SoC_2026\HCS_SOC\ax7020_official_net_test_app\\manual_build\obj\memp_1078648357.o
                0x0000000000110b80                memp_PBUF
 .rodata.memp_ARP_QUEUE
                0x0000000000110b90       0x10 D:\FPGAhanjia\Hetero_SoC_2026_3\Hetero_SoC_2026\HCS_SOC\ax7020_official_net_test_app\\manual_build\obj\memp_1078648357.o
                0x0000000000110b90                memp_ARP_QUEUE
 .rodata.memp_FRAG_PBUF
                0x0000000000110ba0       0x10 D:\FPGAhanjia\Hetero_SoC_2026_3\Hetero_SoC_2026\HCS_SOC\ax7020_official_net_test_app\\manual_build\obj\memp_1078648357.o
                0x0000000000110ba0                memp_FRAG_PBUF
 .rodata.memp_REASSDATA
                0x0000000000110bb0       0x10 D:\FPGAhanjia\Hetero_SoC_2026_3\Hetero_SoC_2026\HCS_SOC\ax7020_official_net_test_app\\manual_build\obj\memp_1078648357.o
                0x0000000000110bb0                memp_REASSDATA
 .rodata.memp_TCP_SEG
                0x0000000000110bc0       0x10 D:\FPGAhanjia\Hetero_SoC_2026_3\Hetero_SoC_2026\HCS_SOC\ax7020_official_net_test_app\\manual_build\obj\memp_1078648357.o
                0x0000000000110bc0                memp_TCP_SEG
 .rodata.memp_TCP_PCB_LISTEN
                0x0000000000110bd0       0x10 D:\FPGAhanjia\Hetero_SoC_2026_3\Hetero_SoC_2026\HCS_SOC\ax7020_official_net_test_app\\manual_build\obj\memp_1078648357.o
                0x0000000000110bd0                memp_TCP_PCB_LISTEN
 .rodata.memp_TCP_PCB
                0x0000000000110be0       0x10 D:\FPGAhanjia\Hetero_SoC_2026_3\Hetero_SoC_2026\HCS_SOC\ax7020_official_net_test_app\\manual_build\obj\memp_1078648357.o
                0x0000000000110be0                memp_TCP_PCB
 .rodata.memp_UDP_PCB
                0x0000000000110bf0       0x10 D:\FPGAhanjia\Hetero_SoC_2026_3\Hetero_SoC_2026\HCS_SOC\ax7020_official_net_test_app\\manual_build\obj\memp_1078648357.o
                0x0000000000110bf0                memp_UDP_PCB
 .rodata.tcp_pcb_lists
                0x0000000000110c00       0x10 D:\FPGAhanjia\Hetero_SoC_2026_3\Hetero_SoC_2026\HCS_SOC\ax7020_official_net_test_app\\manual_build\obj\tcp_1137622813.o
                0x0000000000110c00                tcp_pcb_lists
 .rodata.tcp_persist_backoff
                0x0000000000110c10        0x7 D:\FPGAhanjia\Hetero_SoC_2026_3\Hetero_SoC_2026\HCS_SOC\ax7020_official_net_test_app\\manual_build\obj\tcp_1137622813.o
 .rodata.tcp_backoff
                0x0000000000110c17        0xd D:\FPGAhanjia\Hetero_SoC_2026_3\Hetero_SoC_2026\HCS_SOC\ax7020_official_net_test_app\\manual_build\obj\tcp_1137622813.o
 .rodata.ip_addr_any
                0x0000000000110c24        0x4 D:\FPGAhanjia\Hetero_SoC_2026_3\Hetero_SoC_2026\HCS_SOC\ax7020_official_net_test_app\\manual_build\obj\ip4_addr_1919567454.o
                0x0000000000110c24                ip_addr_any
 .rodata.ethzero
                0x0000000000110c28        0x6 D:\FPGAhanjia\Hetero_SoC_2026_3\Hetero_SoC_2026\HCS_SOC\ax7020_official_net_test_app\\manual_build\obj\ethernet_141822018.o
                0x0000000000110c28                ethzero
 .rodata.ethbroadcast
                0x0000000000110c2e        0x6 D:\FPGAhanjia\Hetero_SoC_2026_3\Hetero_SoC_2026\HCS_SOC\ax7020_official_net_test_app\\manual_build\obj\ethernet_141822018.o
                0x0000000000110c2e                ethbroadcast
 .rodata.xemac_add.str1.1
                0x0000000000110c34       0x3c D:\FPGAhanjia\Hetero_SoC_2026_3\Hetero_SoC_2026\HCS_SOC\ax7020_official_net_test_app\\manual_build\obj\xadapter_1027621621.o
 .rodata.xemacif_input.str1.1
                0x0000000000110c70       0xa6 D:\FPGAhanjia\Hetero_SoC_2026_3\Hetero_SoC_2026\HCS_SOC\ax7020_official_net_test_app\\manual_build\obj\xadapter_1027621621.o
 .rodata.emacps_link_status.str1.1
                0x0000000000110d16       0x28 D:\FPGAhanjia\Hetero_SoC_2026_3\Hetero_SoC_2026\HCS_SOC\ax7020_official_net_test_app\\manual_build\obj\xadapter_1027621621.o
 .rodata.setup_rx_bds.str1.1
                0x0000000000110d3e       0x27 D:\FPGAhanjia\Hetero_SoC_2026_3\Hetero_SoC_2026\HCS_SOC\ax7020_official_net_test_app\\manual_build\obj\xemacpsif_dma_1011328281.o
 .rodata.init_dma.str1.1
                0x0000000000110d65      0x14c D:\FPGAhanjia\Hetero_SoC_2026_3\Hetero_SoC_2026\HCS_SOC\ax7020_official_net_test_app\\manual_build\obj\xemacpsif_dma_1011328281.o
 .rodata.SetUpSLCRDivisors.str1.1
                0x0000000000110eb1       0x2a D:\FPGAhanjia\Hetero_SoC_2026_3\Hetero_SoC_2026\HCS_SOC\ax7020_official_net_test_app\\manual_build\obj\xemacpsif_physpeed_1840593565.o
 .rodata.detect_phy.str1.1
                0x0000000000110edb       0x88 D:\FPGAhanjia\Hetero_SoC_2026_3\Hetero_SoC_2026\HCS_SOC\ax7020_official_net_test_app\\manual_build\obj\xemacpsif_physpeed_1840593565.o
 .rodata.phy_setup_emacps.str1.1
                0x0000000000110f63       0xe8 D:\FPGAhanjia\Hetero_SoC_2026_3\Hetero_SoC_2026\HCS_SOC\ax7020_official_net_test_app\\manual_build\obj\xemacpsif_physpeed_1840593565.o
 .rodata.init_emacps.str1.1
                0x000000000011104b       0x18 D:\FPGAhanjia\Hetero_SoC_2026_3\Hetero_SoC_2026\HCS_SOC\ax7020_official_net_test_app\\manual_build\obj\xemacpsif_hw_1097686856.o
 .rodata.__func__.0
                0x0000000000111063        0xc D:\FPGAhanjia\Hetero_SoC_2026_3\Hetero_SoC_2026\HCS_SOC\ax7020_official_net_test_app\\manual_build\obj\xemacpsif_hw_1097686856.o
 .rodata.low_level_output.str1.1
                0x000000000011106f       0x19 D:\FPGAhanjia\Hetero_SoC_2026_3\Hetero_SoC_2026\HCS_SOC\ax7020_official_net_test_app\\manual_build\obj\xemacpsif_1811303418.o
 .rodata.str1.4
                0x0000000000111088       0x15 D:\FPGAhanjia\Hetero_SoC_2026_3\Hetero_SoC_2026\HCS_SOC\platform\\ps7_cortexa9_0\\standalone_ps7_cortexa9_0\\bsp\lib\libxil.a(xemacps_g.c.obj)
 *fill*         0x000000000011109d        0x3 
 .rodata.str1.4
                0x00000000001110a0       0x92 D:\FPGAhanjia\Hetero_SoC_2026_3\Hetero_SoC_2026\HCS_SOC\platform\\ps7_cortexa9_0\\standalone_ps7_cortexa9_0\\bsp\lib\libxil.a(xemacps_control.c.obj)
 *fill*         0x0000000000111132        0x2 
 .rodata.str1.4
                0x0000000000111134       0x8a D:\FPGAhanjia\Hetero_SoC_2026_3\Hetero_SoC_2026\HCS_SOC\platform\\ps7_cortexa9_0\\standalone_ps7_cortexa9_0\\bsp\lib\libxil.a(xemacps.c.obj)
 *fill*         0x00000000001111be        0x2 
 .rodata.str1.4
                0x00000000001111c0       0x91 D:\FPGAhanjia\Hetero_SoC_2026_3\Hetero_SoC_2026\HCS_SOC\platform\\ps7_cortexa9_0\\standalone_ps7_cortexa9_0\\bsp\lib\libxil.a(xemacps_bdring.c.obj)
 *fill*         0x0000000000111251        0x3 
 .rodata.str1.4
                0x0000000000111254       0x8f D:\FPGAhanjia\Hetero_SoC_2026_3\Hetero_SoC_2026\HCS_SOC\platform\\ps7_cortexa9_0\\standalone_ps7_cortexa9_0\\bsp\lib\libxil.a(xemacps_intr.c.obj)
 *fill*         0x00000000001112e3        0x1 
 .rodata.str1.4
                0x00000000001112e4       0x8d D:\FPGAhanjia\Hetero_SoC_2026_3\Hetero_SoC_2026\HCS_SOC\platform\\ps7_cortexa9_0\\standalone_ps7_cortexa9_0\\bsp\lib\libxil.a(xscugic_hw.c.obj)
 *fill*         0x0000000000111371        0x3 
 .rodata.str1.4
                0x0000000000111374       0x12 D:\FPGAhanjia\Hetero_SoC_2026_3\Hetero_SoC_2026\HCS_SOC\platform\\ps7_cortexa9_0\\standalone_ps7_cortexa9_0\\bsp\lib\libxil.a(xscugic_g.c.obj)
 *fill*         0x0000000000111386        0x2 
 .rodata.str1.4
                0x0000000000111388       0x8a D:\FPGAhanjia\Hetero_SoC_2026_3\Hetero_SoC_2026\HCS_SOC\platform\\ps7_cortexa9_0\\standalone_ps7_cortexa9_0\\bsp\lib\libxil.a(xscugic.c.obj)
 *fill*         0x0000000000111412        0x2 
 .rodata.str1.4
                0x0000000000111414       0x8e D:\FPGAhanjia\Hetero_SoC_2026_3\Hetero_SoC_2026\HCS_SOC\platform\\ps7_cortexa9_0\\standalone_ps7_cortexa9_0\\bsp\lib\libxil.a(xscutimer.c.obj)
 *fill*         0x00000000001114a2        0x2 
 .rodata.str1.4
                0x00000000001114a4       0x97 D:\FPGAhanjia\Hetero_SoC_2026_3\Hetero_SoC_2026\HCS_SOC\platform\\ps7_cortexa9_0\\standalone_ps7_cortexa9_0\\bsp\lib\libxil.a(xscutimer_selftest.c.obj)
 *fill*         0x000000000011153b        0x1 
 .rodata.str1.4
                0x000000000011153c       0x18 D:\FPGAhanjia\Hetero_SoC_2026_3\Hetero_SoC_2026\HCS_SOC\platform\\ps7_cortexa9_0\\standalone_ps7_cortexa9_0\\bsp\lib\libxil.a(xscutimer_g.c.obj)
 .rodata.str1.4
                0x0000000000111554       0x11 D:\FPGAhanjia\Hetero_SoC_2026_3\Hetero_SoC_2026\HCS_SOC\platform\\ps7_cortexa9_0\\standalone_ps7_cortexa9_0\\bsp\lib\libxilstandalone.a(xil_printf.c.obj)
 *(.gnu.linkonce.r.*)
                0x0000000000111565                __rodata_end = .

.rodata1        0x0000000000111565        0x0
                0x0000000000111565                __rodata1_start = .
 *(.rodata1)
 *(.rodata1.*)
                0x0000000000111565                __rodata1_end = .

.sdata2         0x0000000000111565        0x0
                0x0000000000111565                __sdata2_start = .
 *(.sdata2)
 *(.sdata2.*)
 *(.gnu.linkonce.s2.*)
                0x0000000000111565                __sdata2_end = .

.sbss2          0x0000000000111565        0x0
                0x0000000000111565                __sbss2_start = .
 *(.sbss2)
 *(.sbss2.*)
 *(.gnu.linkonce.sb2.*)
                0x0000000000111565                __sbss2_end = .

.data           0x0000000000111568      0x49c
                0x0000000000111568                __data_start = .
 *(.data)
 .data          0x0000000000111568        0x4 D:\FPGAhanjia\Hetero_SoC_2026_3\Hetero_SoC_2026\HCS_SOC\platform\\ps7_cortexa9_0\\standalone_ps7_cortexa9_0\\bsp\lib\libxilstandalone.a(xil_assert.c.obj)
                0x0000000000111568                Xil_AssertWait
 .data          0x000000000011156c       0x38 D:\FPGAhanjia\Hetero_SoC_2026_3\Hetero_SoC_2026\HCS_SOC\platform\\ps7_cortexa9_0\\standalone_ps7_cortexa9_0\\bsp\lib\libxilstandalone.a(xil_exception.c.obj)
                0x000000000011156c                XExc_VectorTable
 *fill*         0x00000000001115a4        0x4 
 .data          0x00000000001115a8      0x430 D:/Xilinx/Vitis/2024.1/gnu/aarch32/nt/gcc-arm-none-eabi/bin//../aarch32-xilinx-eabi/usr/lib/thumb/v7-a+fp/hard\libc.a(lib_a-impure.o)
                0x00000000001115a8                _impure_ptr
 *(.data.*)
 .data.odd.0    0x00000000001119d8        0x4 D:\FPGAhanjia\Hetero_SoC_2026_3\Hetero_SoC_2026\HCS_SOC\ax7020_official_net_test_app\\manual_build\obj\platform_zynq_1443476899.o
 .data.iss.0    0x00000000001119dc        0x4 D:\FPGAhanjia\Hetero_SoC_2026_3\Hetero_SoC_2026\HCS_SOC\ax7020_official_net_test_app\\manual_build\obj\tcp_1137622813.o
 .data.tcp_port
                0x00000000001119e0        0x2 D:\FPGAhanjia\Hetero_SoC_2026_3\Hetero_SoC_2026\HCS_SOC\ax7020_official_net_test_app\\manual_build\obj\tcp_1137622813.o
 .data.udp_port
                0x00000000001119e2        0x2 D:\FPGAhanjia\Hetero_SoC_2026_3\Hetero_SoC_2026\HCS_SOC\ax7020_official_net_test_app\\manual_build\obj\udp_1853383593.o
 .data.xtopology_n_emacs
                0x00000000001119e4        0x4 D:\FPGAhanjia\Hetero_SoC_2026_3\Hetero_SoC_2026\HCS_SOC\ax7020_official_net_test_app\\manual_build\obj\xtopology_g_591209585.o
                0x00000000001119e4                xtopology_n_emacs
 .data.xtopology
                0x00000000001119e8       0x18 D:\FPGAhanjia\Hetero_SoC_2026_3\Hetero_SoC_2026\HCS_SOC\ax7020_official_net_test_app\\manual_build\obj\xtopology_g_591209585.o
                0x00000000001119e8                xtopology
 .data.link_speed
                0x0000000000111a00        0x4 D:\FPGAhanjia\Hetero_SoC_2026_3\Hetero_SoC_2026\HCS_SOC\ax7020_official_net_test_app\\manual_build\obj\xemacpsif_hw_1097686856.o
                0x0000000000111a00                link_speed
 *(.gnu.linkonce.d.*)
 *(.jcr)
 *(.got)
 *(.got.plt)
                0x0000000000111a04                __data_end = .

.tm_clone_table
                0x0000000000111a04        0x0
 .tm_clone_table
                0x0000000000111a04        0x0 D:/Xilinx/Vitis/2024.1/gnu/aarch32/nt/gcc-arm-none-eabi/bin//../aarch32-xilinx-eabi/usr/lib/thumb/v7-a+fp/hard/crtbegin.o
 .tm_clone_table
                0x0000000000111a04        0x0 D:/Xilinx/Vitis/2024.1/gnu/aarch32/nt/gcc-arm-none-eabi/bin//../aarch32-xilinx-eabi/usr/lib/thumb/v7-a+fp/hard/crtend.o

.igot.plt       0x0000000000111a04        0x0
 .igot.plt      0x0000000000111a04        0x0 D:/Xilinx/Vitis/2024.1/gnu/aarch32/nt/gcc-arm-none-eabi/bin//../aarch32-xilinx-eabi/usr/lib/thumb/v7-a+fp/hard/crtbegin.o

.data1          0x0000000000111a04        0x0
                0x0000000000111a04                __data1_start = .
 *(.data1)
 *(.data1.*)
                0x0000000000111a04                __data1_end = .

.got
 *(.got)

.ctors          0x0000000000111a04        0x0
                0x0000000000111a04                __CTOR_LIST__ = .
                0x0000000000111a04                ___CTORS_LIST___ = .
 *crtbegin.o(.ctors)
 *(EXCLUDE_FILE(*crtend.o) .ctors)
 *(SORT_BY_NAME(.ctors.*))
 *(.ctors)
                0x0000000000111a04                __CTOR_END__ = .
                0x0000000000111a04                ___CTORS_END___ = .

.dtors          0x0000000000111a04        0x0
                0x0000000000111a04                __DTOR_LIST__ = .
                0x0000000000111a04                ___DTORS_LIST___ = .
 *crtbegin.o(.dtors)
 *(EXCLUDE_FILE(*crtend.o) .dtors)
 *(SORT_BY_NAME(.dtors.*))
 *(.dtors)
                0x0000000000111a04                __DTOR_END__ = .
                0x0000000000111a04                ___DTORS_END___ = .

.fixup          0x0000000000111a04        0x0
                0x0000000000111a04                __fixup_start = .
 *(.fixup)
                0x0000000000111a04                __fixup_end = .

.eh_frame       0x0000000000111a04        0x0
 *(.eh_frame)
 .eh_frame      0x0000000000111a04        0x0 D:/Xilinx/Vitis/2024.1/gnu/aarch32/nt/gcc-arm-none-eabi/bin//../aarch32-xilinx-eabi/usr/lib/thumb/v7-a+fp/hard/crtbegin.o

.eh_framehdr    0x0000000000111a04        0x0
                0x0000000000111a04                __eh_framehdr_start = .
 *(.eh_framehdr)
                0x0000000000111a04                __eh_framehdr_end = .

.gcc_except_table
 *(.gcc_except_table)

.mmu_tbl        0x0000000000114000     0x4000
                0x0000000000114000                __mmu_tbl_start = .
 *(.mmu_tbl)
 .mmu_tbl       0x0000000000114000     0x4000 D:\FPGAhanjia\Hetero_SoC_2026_3\Hetero_SoC_2026\HCS_SOC\platform\\ps7_cortexa9_0\\standalone_ps7_cortexa9_0\\bsp\lib\libxilstandalone.a(translation_table.S.obj)
                0x0000000000114000                MMUTable
                0x0000000000118000                __mmu_tbl_end = .

.ARM.exidx      0x0000000000118000        0x8
                0x0000000000118000                __exidx_start = .
 *(.ARM.exidx*)
 .ARM.exidx     0x0000000000118000        0x8 D:/Xilinx/Vitis/2024.1/gnu/aarch32/nt/gcc-arm-none-eabi/bin//../aarch32-xilinx-eabi/usr/lib/thumb/v7-a+fp/hard\libgcc.a(_udivmoddi4.o)
 *(.gnu.linkonce.armexidix.*.*)
                0x0000000000118008                __exidx_end = .

.rel.dyn        0x0000000000118008        0x0
 .rel.iplt      0x0000000000118008        0x0 D:/Xilinx/Vitis/2024.1/gnu/aarch32/nt/gcc-arm-none-eabi/bin//../aarch32-xilinx-eabi/usr/lib/thumb/v7-a+fp/hard/crtbegin.o

.preinit_array  0x0000000000118008        0x0
                0x0000000000118008                __preinit_array_start = .
 *(SORT_BY_NAME(.preinit_array.*))
 *(.preinit_array)
                0x0000000000118008                __preinit_array_end = .

.init_array     0x0000000000118008        0x8
                0x0000000000118008                __init_array_start = .
 *(SORT_BY_NAME(.init_array.*))
 *(.init_array)
 .init_array    0x0000000000118008        0x4 D:/Xilinx/Vitis/2024.1/gnu/aarch32/nt/gcc-arm-none-eabi/bin//../aarch32-xilinx-eabi/usr/lib/thumb/v7-a+fp/hard/crtbegin.o
 .init_array    0x000000000011800c        0x4 D:\FPGAhanjia\Hetero_SoC_2026_3\Hetero_SoC_2026\HCS_SOC\platform\\ps7_cortexa9_0\\standalone_ps7_cortexa9_0\\bsp\lib\libxiltimer.a(xiltimer.c.obj)
                0x0000000000118010                __init_array_end = .

.fini_array     0x0000000000118010        0x4
                0x0000000000118010                __fini_array_start = .
 *(SORT_BY_NAME(.fini_array.*))
 *(.fini_array)
 .fini_array    0x0000000000118010        0x4 D:/Xilinx/Vitis/2024.1/gnu/aarch32/nt/gcc-arm-none-eabi/bin//../aarch32-xilinx-eabi/usr/lib/thumb/v7-a+fp/hard/crtbegin.o
                0x0000000000118014                __fini_array_end = .

.drvcfg_sec     0x0000000000118014      0x674
                0x0000000000118018                . = ALIGN (0x8)
 *fill*         0x0000000000118014        0x4 
                0x0000000000118018                __drvcfgsecdata_start = .
 *(.drvcfg_sec)
 .drvcfg_sec    0x0000000000118018       0x48 D:\FPGAhanjia\Hetero_SoC_2026_3\Hetero_SoC_2026\HCS_SOC\platform\\ps7_cortexa9_0\\standalone_ps7_cortexa9_0\\bsp\lib\libxil.a(xemacps_g.c.obj)
                0x0000000000118018                XEmacPs_ConfigTable
 .drvcfg_sec    0x0000000000118060      0x608 D:\FPGAhanjia\Hetero_SoC_2026_3\Hetero_SoC_2026\HCS_SOC\platform\\ps7_cortexa9_0\\standalone_ps7_cortexa9_0\\bsp\lib\libxil.a(xscugic_g.c.obj)
                0x0000000000118060                XScuGic_ConfigTable
 .drvcfg_sec    0x0000000000118668       0x20 D:\FPGAhanjia\Hetero_SoC_2026_3\Hetero_SoC_2026\HCS_SOC\platform\\ps7_cortexa9_0\\standalone_ps7_cortexa9_0\\bsp\lib\libxil.a(xscutimer_g.c.obj)
                0x0000000000118668                XScuTimer_ConfigTable
                0x0000000000118688                __drvcfgsecdata_end = .
                0x0000000000118684                __drvcfgsecdata_size = (__drvcfgsecdata_end - __drvcfgsecdata_start)

.ARM.attributes
                0x0000000000118688       0x33
                0x0000000000118688                __ARM.attributes_start = .
 *(.ARM.attributes)
 .ARM.attributes
                0x0000000000118688       0x21 D:/Xilinx/Vitis/2024.1/gnu/aarch32/nt/gcc-arm-none-eabi/bin//../aarch32-xilinx-eabi/usr/lib/thumb/v7-a+fp/hard/crti.o
 .ARM.attributes