Copyright 1986-2022 Xilinx, Inc. All Rights Reserved. Copyright 2022-2024 Advanced Micro Devices, Inc. All Rights Reserved.
----------------------------------------------------------------------------------------------------------------------------------------------------------------------------------------------------------------------------------------------------
| Tool Version : Vivado v.2024.1 (win64) Build 5076996 Wed May 22 18:37:14 MDT 2024
| Date         : Thu Apr  2 07:46:03 2026
| Host         : LAPTOP-96UDD738 running 64-bit major release  (build 9200)
| Command      : report_utilization -hierarchical -file D:/FPGAhanjia/Hetero_SoC_2026_3/Hetero_SoC_2026/doc/reports/engineering_evidence/shadow_mirror_20260402_074522/fresh_reports/udp_gateway_shadow_mirror_wrapper_utilization_hierarchical.rpt
| Design       : udp_gateway_shadow_mirror_wrapper
| Device       : xc7z020clg400-1
| Speed File   : -1
| Design State : Physopt postRoute
----------------------------------------------------------------------------------------------------------------------------------------------------------------------------------------------------------------------------------------------------

Utilization Design Information

Table of Contents
-----------------
1. Utilization by Hierarchy

1. Utilization by Hierarchy
---------------------------

+-----------------------------------------------------------------------------------+----------------------------------------------------------------------------------------------------+------------+------------+---------+------+-------+--------+--------+------------+
|                                      Instance                                     |                                               Module                                               | Total LUTs | Logic LUTs | LUTRAMs | SRLs |  FFs  | RAMB36 | RAMB18 | DSP Blocks |
+-----------------------------------------------------------------------------------+----------------------------------------------------------------------------------------------------+------------+------------+---------+------+-------+--------+--------+------------+
| udp_gateway_shadow_mirror_wrapper                                                 |                                                                                              (top) |      35967 |      26000 |    9824 |  143 | 44573 |     24 |      1 |          0 |
|   udp_gateway_shadow_mirror_i                                                     |                                                                          udp_gateway_shadow_mirror |      35967 |      26000 |    9824 |  143 | 44573 |     24 |      1 |          0 |
|     (udp_gateway_shadow_mirror_i)                                                 |                                                                          udp_gateway_shadow_mirror |          0 |          0 |       0 |    0 |     0 |      0 |      0 |          0 |
|     axi_mem_intercon                                                              |                                                       udp_gateway_shadow_mirror_axi_mem_intercon_0 |       1425 |       1334 |      10 |   81 |  1519 |      0 |      0 |          0 |
|       m00_couplers                                                                |                                                                            m00_couplers_imp_J9O9SB |        340 |        330 |      10 |    0 |   395 |      0 |      0 |          0 |
|         auto_pc                                                                   |                                                                udp_gateway_shadow_mirror_auto_pc_1 |        340 |        330 |      10 |    0 |   395 |      0 |      0 |          0 |
|           (auto_pc)                                                               |                                                                udp_gateway_shadow_mirror_auto_pc_1 |          0 |          0 |       0 |    0 |     0 |      0 |      0 |          0 |
|           inst                                                                    |          udp_gateway_shadow_mirror_auto_pc_1_axi_protocol_converter_v2_1_31_axi_protocol_converter |        340 |        330 |      10 |    0 |   395 |      0 |      0 |          0 |
|             gen_axi4_axi3.axi3_conv_inst                                          |                       udp_gateway_shadow_mirror_auto_pc_1_axi_protocol_converter_v2_1_31_axi3_conv |        340 |        330 |      10 |    0 |   395 |      0 |      0 |          0 |
|               USE_READ.USE_SPLIT_R.read_addr_inst                                 |     udp_gateway_shadow_mirror_auto_pc_1_axi_protocol_converter_v2_1_31_a_axi3_conv__parameterized0 |        137 |        135 |       2 |    0 |   157 |      0 |      0 |          0 |
|                 (USE_READ.USE_SPLIT_R.read_addr_inst)                             |     udp_gateway_shadow_mirror_auto_pc_1_axi_protocol_converter_v2_1_31_a_axi3_conv__parameterized0 |         88 |         88 |       0 |    0 |   119 |      0 |      0 |          0 |
|                 USE_R_CHANNEL.cmd_queue                                           |                udp_gateway_shadow_mirror_auto_pc_1_axi_data_fifo_v2_1_30_axic_fifo__parameterized1 |         51 |         49 |       2 |    0 |    38 |      0 |      0 |          0 |
|                   inst                                                            |                 udp_gateway_shadow_mirror_auto_pc_1_axi_data_fifo_v2_1_30_fifo_gen__parameterized1 |         51 |         49 |       2 |    0 |    38 |      0 |      0 |          0 |
|                     (inst)                                                        |                 udp_gateway_shadow_mirror_auto_pc_1_axi_data_fifo_v2_1_30_fifo_gen__parameterized1 |         23 |         23 |       0 |    0 |     0 |      0 |      0 |          0 |
|                     fifo_gen_inst                                                 |                        udp_gateway_shadow_mirror_auto_pc_1_fifo_generator_v13_2_10__parameterized1 |         28 |         26 |       2 |    0 |    38 |      0 |      0 |          0 |
|                       inst_fifo_gen                                               |                  udp_gateway_shadow_mirror_auto_pc_1_fifo_generator_v13_2_10_synth__parameterized1 |         28 |         26 |       2 |    0 |    38 |      0 |      0 |          0 |
|                         gconvfifo.rf                                              |                             udp_gateway_shadow_mirror_auto_pc_1_fifo_generator_top__parameterized1 |         28 |         26 |       2 |    0 |    38 |      0 |      0 |          0 |
|                           grf.rf                                                  |                         udp_gateway_shadow_mirror_auto_pc_1_fifo_generator_ramfifo__parameterized1 |         28 |         26 |       2 |    0 |    38 |      0 |      0 |          0 |
|                             gntv_or_sync_fifo.gl0.rd                              |                                                     udp_gateway_shadow_mirror_auto_pc_1_rd_logic_7 |          9 |          9 |       0 |    0 |    20 |      0 |      0 |          0 |
|                               gr1.gr1_int.rfwft                                   |                                                     udp_gateway_shadow_mirror_auto_pc_1_rd_fwft_11 |          6 |          6 |       0 |    0 |     8 |      0 |      0 |          0 |
|                               grss.rsts                                           |                                          udp_gateway_shadow_mirror_auto_pc_1_rd_status_flags_ss_12 |          0 |          0 |       0 |    0 |     2 |      0 |      0 |          0 |
|                               rpntr                                               |                                                 udp_gateway_shadow_mirror_auto_pc_1_rd_bin_cntr_13 |          3 |          3 |       0 |    0 |    10 |      0 |      0 |          0 |
|                             gntv_or_sync_fifo.gl0.wr                              |                                                     udp_gateway_shadow_mirror_auto_pc_1_wr_logic_8 |         12 |         12 |       0 |    0 |    12 |      0 |      0 |          0 |
|                               gwss.wsts                                           |                                           udp_gateway_shadow_mirror_auto_pc_1_wr_status_flags_ss_9 |          2 |          2 |       0 |    0 |     2 |      0 |      0 |          0 |
|                               wpntr                                               |                                                 udp_gateway_shadow_mirror_auto_pc_1_wr_bin_cntr_10 |         11 |         11 |       0 |    0 |    10 |      0 |      0 |          0 |
|                             gntv_or_sync_fifo.mem                                 |                                         udp_gateway_shadow_mirror_auto_pc_1_memory__parameterized1 |          3 |          1 |       2 |    0 |     2 |      0 |      0 |          0 |
|                               (gntv_or_sync_fifo.mem)                             |                                         udp_gateway_shadow_mirror_auto_pc_1_memory__parameterized1 |          0 |          0 |       0 |    0 |     1 |      0 |      0 |          0 |
|                               gdm.dm_gen.dm                                       |                                           udp_gateway_shadow_mirror_auto_pc_1_dmem__parameterized1 |          3 |          1 |       2 |    0 |     1 |      0 |      0 |          0 |
|                             rstblk                                                |                                              udp_gateway_shadow_mirror_auto_pc_1_reset_blk_ramfifo |          4 |          4 |       0 |    0 |     4 |      0 |      0 |          0 |
|                               (rstblk)                                            |                                              udp_gateway_shadow_mirror_auto_pc_1_reset_blk_ramfifo |          4 |          4 |       0 |    0 |     2 |      0 |      0 |          0 |
|                               ngwrdrst.grst.g7serrst.gnsckt_wrst.rst_wr_reg2_inst |                                              udp_gateway_shadow_mirror_auto_pc_1_xpm_cdc_async_rst |          0 |          0 |       0 |    0 |     2 |      0 |      0 |          0 |
|               USE_WRITE.USE_SPLIT_W.write_resp_inst                               |                     udp_gateway_shadow_mirror_auto_pc_1_axi_protocol_converter_v2_1_31_b_downsizer |          8 |          8 |       0 |    0 |     7 |      0 |      0 |          0 |
|               USE_WRITE.write_addr_inst                                           |                     udp_gateway_shadow_mirror_auto_pc_1_axi_protocol_converter_v2_1_31_a_axi3_conv |        181 |        173 |       8 |    0 |   222 |      0 |      0 |          0 |
|                 (USE_WRITE.write_addr_inst)                                       |                     udp_gateway_shadow_mirror_auto_pc_1_axi_protocol_converter_v2_1_31_a_axi3_conv |         87 |         87 |       0 |    0 |   128 |      0 |      0 |          0 |
|                 USE_BURSTS.cmd_queue                                              |                                udp_gateway_shadow_mirror_auto_pc_1_axi_data_fifo_v2_1_30_axic_fifo |         57 |         53 |       4 |    0 |    48 |      0 |      0 |          0 |
|                   inst                                                            |                                 udp_gateway_shadow_mirror_auto_pc_1_axi_data_fifo_v2_1_30_fifo_gen |         57 |         53 |       4 |    0 |    48 |      0 |      0 |          0 |
|                     (inst)                                                        |                                 udp_gateway_shadow_mirror_auto_pc_1_axi_data_fifo_v2_1_30_fifo_gen |         28 |         28 |       0 |    0 |     0 |      0 |      0 |          0 |
|                     fifo_gen_inst                                                 |                                        udp_gateway_shadow_mirror_auto_pc_1_fifo_generator_v13_2_10 |         29 |         25 |       4 |    0 |    48 |      0 |      0 |          0 |
|                       inst_fifo_gen                                               |                                  udp_gateway_shadow_mirror_auto_pc_1_fifo_generator_v13_2_10_synth |         29 |         25 |       4 |    0 |    48 |      0 |      0 |          0 |
|                         gconvfifo.rf                                              |                                             udp_gateway_shadow_mirror_auto_pc_1_fifo_generator_top |         29 |         25 |       4 |    0 |    48 |      0 |      0 |          0 |
|                           grf.rf                                                  |                                         udp_gateway_shadow_mirror_auto_pc_1_fifo_generator_ramfifo |         29 |         25 |       4 |    0 |    48 |      0 |      0 |          0 |
|                             gntv_or_sync_fifo.gl0.rd                              |                                                     udp_gateway_shadow_mirror_auto_pc_1_rd_logic_0 |          8 |          8 |       0 |    0 |    20 |      0 |      0 |          0 |
|                               gr1.gr1_int.rfwft                                   |                                                      udp_gateway_shadow_mirror_auto_pc_1_rd_fwft_4 |          5 |          5 |       0 |    0 |     8 |      0 |      0 |          0 |
|                               grss.rsts                                           |                                           udp_gateway_shadow_mirror_auto_pc_1_rd_status_flags_ss_5 |          0 |          0 |       0 |    0 |     2 |      0 |      0 |          0 |
|                               rpntr                                               |                                                  udp_gateway_shadow_mirror_auto_pc_1_rd_bin_cntr_6 |          3 |          3 |       0 |    0 |    10 |      0 |      0 |          0 |
|                             gntv_or_sync_fifo.gl0.wr                              |                                                     udp_gateway_shadow_mirror_auto_pc_1_wr_logic_1 |         12 |         12 |       0 |    0 |    12 |      0 |      0 |          0 |
|                               gwss.wsts                                           |                                           udp_gateway_shadow_mirror_auto_pc_1_wr_status_flags_ss_2 |          2 |          2 |       0 |    0 |     2 |      0 |      0 |          0 |
|                               wpntr                                               |                                                  udp_gateway_shadow_mirror_auto_pc_1_wr_bin_cntr_3 |         11 |         11 |       0 |    0 |    10 |      0 |      0 |          0 |
|                             gntv_or_sync_fifo.mem                                 |                                                         udp_gateway_shadow_mirror_auto_pc_1_memory |          4 |          0 |       4 |    0 |    12 |      0 |      0 |          0 |
|                               (gntv_or_sync_fifo.mem)                             |                                                         udp_gateway_shadow_mirror_auto_pc_1_memory |          0 |          0 |       0 |    0 |     6 |      0 |      0 |          0 |
|                               gdm.dm_gen.dm                                       |                                                           udp_gateway_shadow_mirror_auto_pc_1_dmem |          4 |          0 |       4 |    0 |     6 |      0 |      0 |          0 |
|                             rstblk                                                |                                   udp_gateway_shadow_mirror_auto_pc_1_reset_blk_ramfifo__xdcDup__1 |          5 |          5 |       0 |    0 |     4 |      0 |      0 |          0 |
|                               (rstblk)                                            |                                   udp_gateway_shadow_mirror_auto_pc_1_reset_blk_ramfifo__xdcDup__1 |          5 |          5 |       0 |    0 |     2 |      0 |      0 |          0 |
|                               ngwrdrst.grst.g7serrst.gnsckt_wrst.rst_wr_reg2_inst |                                           udp_gateway_shadow_mirror_auto_pc_1_xpm_cdc_async_rst__3 |          0 |          0 |       0 |    0 |     2 |      0 |      0 |          0 |
|                 USE_B_CHANNEL.cmd_b_queue                                         |                udp_gateway_shadow_mirror_auto_pc_1_axi_data_fifo_v2_1_30_axic_fifo__parameterized0 |         38 |         34 |       4 |    0 |    46 |      0 |      0 |          0 |
|                   inst                                                            |                 udp_gateway_shadow_mirror_auto_pc_1_axi_data_fifo_v2_1_30_fifo_gen__parameterized0 |         38 |         34 |       4 |    0 |    46 |      0 |      0 |          0 |
|                     (inst)                                                        |                 udp_gateway_shadow_mirror_auto_pc_1_axi_data_fifo_v2_1_30_fifo_gen__parameterized0 |          8 |          8 |       0 |    0 |     0 |      0 |      0 |          0 |
|                     fifo_gen_inst                                                 |                        udp_gateway_shadow_mirror_auto_pc_1_fifo_generator_v13_2_10__parameterized0 |         30 |         26 |       4 |    0 |    46 |      0 |      0 |          0 |
|                       inst_fifo_gen                                               |                  udp_gateway_shadow_mirror_auto_pc_1_fifo_generator_v13_2_10_synth__parameterized0 |         30 |         26 |       4 |    0 |    46 |      0 |      0 |          0 |
|                         gconvfifo.rf                                              |                             udp_gateway_shadow_mirror_auto_pc_1_fifo_generator_top__parameterized0 |         30 |         26 |       4 |    0 |    46 |      0 |      0 |          0 |
|                           grf.rf                                                  |                         udp_gateway_shadow_mirror_auto_pc_1_fifo_generator_ramfifo__parameterized0 |         30 |         26 |       4 |    0 |    46 |      0 |      0 |          0 |
|                             gntv_or_sync_fifo.gl0.rd                              |                                                       udp_gateway_shadow_mirror_auto_pc_1_rd_logic |          9 |          9 |       0 |    0 |    20 |      0 |      0 |          0 |
|                               gr1.gr1_int.rfwft                                   |                                                        udp_gateway_shadow_mirror_auto_pc_1_rd_fwft |          6 |          6 |       0 |    0 |     8 |      0 |      0 |          0 |
|                               grss.rsts                                           |                                             udp_gateway_shadow_mirror_auto_pc_1_rd_status_flags_ss |          0 |          0 |       0 |    0 |     2 |      0 |      0 |          0 |
|                               rpntr                                               |                                                    udp_gateway_shadow_mirror_auto_pc_1_rd_bin_cntr |          3 |          3 |       0 |    0 |    10 |      0 |      0 |          0 |
|                             gntv_or_sync_fifo.gl0.wr                              |                                                       udp_gateway_shadow_mirror_auto_pc_1_wr_logic |         12 |         12 |       0 |    0 |    12 |      0 |      0 |          0 |
|                               gwss.wsts                                           |                                             udp_gateway_shadow_mirror_auto_pc_1_wr_status_flags_ss |          2 |          2 |       0 |    0 |     2 |      0 |      0 |          0 |
|                               wpntr                                               |                                                    udp_gateway_shadow_mirror_auto_pc_1_wr_bin_cntr |         11 |         11 |       0 |    0 |    10 |      0 |      0 |          0 |
|                             gntv_or_sync_fifo.mem                                 |                                         udp_gateway_shadow_mirror_auto_pc_1_memory__parameterized0 |          4 |          0 |       4 |    0 |    10 |      0 |      0 |          0 |
|                               (gntv_or_sync_fifo.mem)                             |                                         udp_gateway_shadow_mirror_auto_pc_1_memory__parameterized0 |          0 |          0 |       0 |    0 |     5 |      0 |      0 |          0 |
|                               gdm.dm_gen.dm                                       |                                           udp_gateway_shadow_mirror_auto_pc_1_dmem__parameterized0 |          4 |          0 |       4 |    0 |     5 |      0 |      0 |          0 |
|                             rstblk                                                |                                   udp_gateway_shadow_mirror_auto_pc_1_reset_blk_ramfifo__xdcDup__2 |          5 |          5 |       0 |    0 |     4 |      0 |      0 |          0 |
|                               (rstblk)                                            |                                   udp_gateway_shadow_mirror_auto_pc_1_reset_blk_ramfifo__xdcDup__2 |          5 |          5 |       0 |    0 |     2 |      0 |      0 |          0 |
|                               ngwrdrst.grst.g7serrst.gnsckt_wrst.rst_wr_reg2_inst |                                           udp_gateway_shadow_mirror_auto_pc_1_xpm_cdc_async_rst__4 |          0 |          0 |       0 |    0 |     2 |      0 |      0 |          0 |
|               USE_WRITE.write_data_inst                                           |                     udp_gateway_shadow_mirror_auto_pc_1_axi_protocol_converter_v2_1_31_w_axi3_conv |         15 |         15 |       0 |    0 |     9 |      0 |      0 |          0 |
|       s00_couplers                                                                |                                                                            s00_couplers_imp_LYRQ88 |        187 |        163 |       0 |   24 |   171 |      0 |      0 |          0 |
|         auto_us                                                                   |                                                                udp_gateway_shadow_mirror_auto_us_0 |        187 |        163 |       0 |   24 |   171 |      0 |      0 |          0 |
|           inst                                                                    |                               udp_gateway_shadow_mirror_auto_us_0_axi_dwidth_converter_v2_1_31_top |        187 |        163 |       0 |   24 |   171 |      0 |      0 |          0 |
|             gen_upsizer.gen_full_upsizer.axi_upsizer_inst                         |                       udp_gateway_shadow_mirror_auto_us_0_axi_dwidth_converter_v2_1_31_axi_upsizer |        187 |        163 |       0 |   24 |   171 |      0 |      0 |          0 |
|               USE_WRITE.gen_non_fifo_w_upsizer.write_data_inst                    |                         udp_gateway_shadow_mirror_auto_us_0_axi_dwidth_converter_v2_1_31_w_upsizer |         94 |         94 |       0 |    0 |    90 |      0 |      0 |          0 |
|               USE_WRITE.write_addr_inst                                           |                         udp_gateway_shadow_mirror_auto_us_0_axi_dwidth_converter_v2_1_31_a_upsizer |         57 |         33 |       0 |   24 |    33 |      0 |      0 |          0 |
|                 (USE_WRITE.write_addr_inst)                                       |                         udp_gateway_shadow_mirror_auto_us_0_axi_dwidth_converter_v2_1_31_a_upsizer |          0 |          0 |       0 |    0 |     1 |      0 |      0 |          0 |
|                 GEN_CMD_QUEUE.cmd_queue                                           |                         udp_gateway_shadow_mirror_auto_us_0_generic_baseblocks_v2_1_2_command_fifo |         57 |         33 |       0 |   24 |    32 |      0 |      0 |          0 |
|               si_register_slice_inst                                              |                  udp_gateway_shadow_mirror_auto_us_0_axi_register_slice_v2_1_31_axi_register_slice |         37 |         37 |       0 |    0 |    48 |      0 |      0 |          0 |
|                 aw.aw_pipe                                                        |                 udp_gateway_shadow_mirror_auto_us_0_axi_register_slice_v2_1_31_axic_register_slice |         37 |         37 |       0 |    0 |    48 |      0 |      0 |          0 |
|       s01_couplers                                                                |                                                                            s01_couplers_imp_ZPLLC0 |        145 |        126 |       0 |   19 |   219 |      0 |      0 |          0 |
|         (s01_couplers)                                                            |                                                                            s01_couplers_imp_ZPLLC0 |          0 |          0 |       0 |    0 |     0 |      0 |      0 |          0 |
|         auto_us                                                                   |                                                                udp_gateway_shadow_mirror_auto_us_1 |        145 |        126 |       0 |   19 |   219 |      0 |      0 |          0 |
|           inst                                                                    |                               udp_gateway_shadow_mirror_auto_us_1_axi_dwidth_converter_v2_1_31_top |        145 |        126 |       0 |   19 |   219 |      0 |      0 |          0 |
|             gen_upsizer.gen_full_upsizer.axi_upsizer_inst                         |                       udp_gateway_shadow_mirror_auto_us_1_axi_dwidth_converter_v2_1_31_axi_upsizer |        145 |        126 |       0 |   19 |   219 |      0 |      0 |          0 |
|               USE_READ.gen_non_fifo_r_upsizer.mi_register_slice_inst              |                  udp_gateway_shadow_mirror_auto_us_1_axi_register_slice_v2_1_31_axi_register_slice |         36 |         36 |       0 |    0 |   132 |      0 |      0 |          0 |
|                 r.r_pipe                                                          | udp_gateway_shadow_mirror_auto_us_1_axi_register_slice_v2_1_31_axic_register_slice__parameterized2 |         36 |         36 |       0 |    0 |   132 |      0 |      0 |          0 |
|               USE_READ.gen_non_fifo_r_upsizer.read_data_inst                      |                         udp_gateway_shadow_mirror_auto_us_1_axi_dwidth_converter_v2_1_31_r_upsizer |         54 |         54 |       0 |    0 |    18 |      0 |      0 |          0 |
|               USE_READ.read_addr_inst                                             |                         udp_gateway_shadow_mirror_auto_us_1_axi_dwidth_converter_v2_1_31_a_upsizer |         46 |         27 |       0 |   19 |    28 |      0 |      0 |          0 |
|                 (USE_READ.read_addr_inst)                                         |                         udp_gateway_shadow_mirror_auto_us_1_axi_dwidth_converter_v2_1_31_a_upsizer |          0 |          0 |       0 |    0 |     1 |      0 |      0 |          0 |
|                 GEN_CMD_QUEUE.cmd_queue                                           |                         udp_gateway_shadow_mirror_auto_us_1_generic_baseblocks_v2_1_2_command_fifo |         46 |         27 |       0 |   19 |    27 |      0 |      0 |          0 |
|               si_register_slice_inst                                              |  udp_gateway_shadow_mirror_auto_us_1_axi_register_slice_v2_1_31_axi_register_slice__parameterized0 |         14 |         14 |       0 |    0 |    41 |      0 |      0 |          0 |
|                 ar.ar_pipe                                                        |                 udp_gateway_shadow_mirror_auto_us_1_axi_register_slice_v2_1_31_axic_register_slice |         14 |         14 |       0 |    0 |    41 |      0 |      0 |          0 |
|       s02_couplers                                                                |                                                                            s02_couplers_imp_35X8IH |        301 |        267 |       0 |   34 |   369 |      0 |      0 |          0 |
|         (s02_couplers)                                                            |                                                                            s02_couplers_imp_35X8IH |          0 |          0 |       0 |    0 |     0 |      0 |      0 |          0 |
|         auto_us                                                                   |                                                                udp_gateway_shadow_mirror_auto_us_2 |        301 |        267 |       0 |   34 |   369 |      0 |      0 |          0 |
|           inst                                                                    |                               udp_gateway_shadow_mirror_auto_us_2_axi_dwidth_converter_v2_1_31_top |        301 |        267 |       0 |   34 |   369 |      0 |      0 |          0 |
|             gen_upsizer.gen_full_upsizer.axi_upsizer_inst                         |                       udp_gateway_shadow_mirror_auto_us_2_axi_dwidth_converter_v2_1_31_axi_upsizer |        301 |        267 |       0 |   34 |   369 |      0 |      0 |          0 |
|               USE_READ.gen_non_fifo_r_upsizer.mi_register_slice_inst              |                  udp_gateway_shadow_mirror_auto_us_2_axi_register_slice_v2_1_31_axi_register_slice |         36 |         36 |       0 |    0 |   136 |      0 |      0 |          0 |
|                 r.r_pipe                                                          | udp_gateway_shadow_mirror_auto_us_2_axi_register_slice_v2_1_31_axic_register_slice__parameterized2 |         36 |         36 |       0 |    0 |   136 |      0 |      0 |          0 |
|               USE_READ.gen_non_fifo_r_upsizer.read_data_inst                      |                         udp_gateway_shadow_mirror_auto_us_2_axi_dwidth_converter_v2_1_31_r_upsizer |         57 |         57 |       0 |    0 |    18 |      0 |      0 |          0 |
|               USE_READ.read_addr_inst                                             |         udp_gateway_shadow_mirror_auto_us_2_axi_dwidth_converter_v2_1_31_a_upsizer__parameterized0 |         50 |         26 |       0 |   24 |    33 |      0 |      0 |          0 |
|                 (USE_READ.read_addr_inst)                                         |         udp_gateway_shadow_mirror_auto_us_2_axi_dwidth_converter_v2_1_31_a_upsizer__parameterized0 |          0 |          0 |       0 |    0 |     1 |      0 |      0 |          0 |
|                 GEN_CMD_QUEUE.cmd_queue                                           |                       udp_gateway_shadow_mirror_auto_us_2_generic_baseblocks_v2_1_2_command_fifo_1 |         50 |         26 |       0 |   24 |    32 |      0 |      0 |          0 |
|               USE_WRITE.gen_non_fifo_w_upsizer.write_data_inst                    |                         udp_gateway_shadow_mirror_auto_us_2_axi_dwidth_converter_v2_1_31_w_upsizer |         13 |         13 |       0 |    0 |    79 |      0 |      0 |          0 |
|               USE_WRITE.write_addr_inst                                           |                         udp_gateway_shadow_mirror_auto_us_2_axi_dwidth_converter_v2_1_31_a_upsizer |        109 |         99 |       0 |   10 |    19 |      0 |      0 |          0 |
|                 (USE_WRITE.write_addr_inst)                                       |                         udp_gateway_shadow_mirror_auto_us_2_axi_dwidth_converter_v2_1_31_a_upsizer |          0 |          0 |       0 |    0 |     1 |      0 |      0 |          0 |
|                 GEN_CMD_QUEUE.cmd_queue                                           |                         udp_gateway_shadow_mirror_auto_us_2_generic_baseblocks_v2_1_2_command_fifo |        109 |         99 |       0 |   10 |    18 |      0 |      0 |          0 |
|               si_register_slice_inst                                              |  udp_gateway_shadow_mirror_auto_us_2_axi_register_slice_v2_1_31_axi_register_slice__parameterized0 |         42 |         42 |       0 |    0 |    84 |      0 |      0 |          0 |
|                 ar.ar_pipe                                                        |                 udp_gateway_shadow_mirror_auto_us_2_axi_register_slice_v2_1_31_axic_register_slice |         36 |         36 |       0 |    0 |    46 |      0 |      0 |          0 |
|                 aw.aw_pipe                                                        |               udp_gateway_shadow_mirror_auto_us_2_axi_register_slice_v2_1_31_axic_register_slice_0 |          6 |          6 |       0 |    0 |    38 |      0 |      0 |          0 |
|       xbar                                                                        |                                                                   udp_gateway_shadow_mirror_xbar_1 |        455 |        451 |       0 |    4 |   365 |      0 |      0 |          0 |
|         inst                                                                      |                                 udp_gateway_shadow_mirror_xbar_1_axi_crossbar_v2_1_32_axi_crossbar |        455 |        451 |       0 |    4 |   365 |      0 |      0 |          0 |
|           gen_samd.crossbar_samd                                                  |                                     udp_gateway_shadow_mirror_xbar_1_axi_crossbar_v2_1_32_crossbar |        455 |        451 |       0 |    4 |   365 |      0 |      0 |          0 |
|             (gen_samd.crossbar_samd)                                              |                                     udp_gateway_shadow_mirror_xbar_1_axi_crossbar_v2_1_32_crossbar |          2 |          2 |       0 |    0 |    11 |      0 |      0 |          0 |
|             addr_arbiter_ar                                                       |                                 udp_gateway_shadow_mirror_xbar_1_axi_crossbar_v2_1_32_addr_arbiter |         74 |         74 |       0 |    0 |    60 |      0 |      0 |          0 |
|             addr_arbiter_aw                                                       |                               udp_gateway_shadow_mirror_xbar_1_axi_crossbar_v2_1_32_addr_arbiter_0 |         44 |         44 |       0 |    0 |    59 |      0 |      0 |          0 |
|             gen_decerr_slave.decerr_slave_inst                                    |                                 udp_gateway_shadow_mirror_xbar_1_axi_crossbar_v2_1_32_decerr_slave |         22 |         22 |       0 |    0 |    20 |      0 |      0 |          0 |
|             gen_master_slots[0].gen_mi_write.wdata_mux_w                          |                                    udp_gateway_shadow_mirror_xbar_1_axi_crossbar_v2_1_32_wdata_mux |         90 |         89 |       0 |    1 |     9 |      0 |      0 |          0 |
|               gen_wmux.wmux_aw_fifo                                               |           udp_gateway_shadow_mirror_xbar_1_axi_data_fifo_v2_1_30_axic_reg_srl_fifo__parameterized0 |         90 |         89 |       0 |    1 |     9 |      0 |      0 |          0 |
|                 (gen_wmux.wmux_aw_fifo)                                           |           udp_gateway_shadow_mirror_xbar_1_axi_data_fifo_v2_1_30_axic_reg_srl_fifo__parameterized0 |         83 |         83 |       0 |    0 |     9 |      0 |      0 |          0 |
|                 gen_srls[0].gen_rep[0].srl_nx1                                    |                   udp_gateway_shadow_mirror_xbar_1_axi_data_fifo_v2_1_30_ndeep_srl__parameterized0 |          1 |          1 |       0 |    0 |     0 |      0 |      0 |          0 |
|                 gen_srls[0].gen_rep[1].srl_nx1                                    |                udp_gateway_shadow_mirror_xbar_1_axi_data_fifo_v2_1_30_ndeep_srl__parameterized0_13 |          6 |          5 |       0 |    1 |     0 |      0 |      0 |          0 |
|             gen_master_slots[0].reg_slice_mi                                      |                     udp_gateway_shadow_mirror_xbar_1_axi_register_slice_v2_1_31_axi_register_slice |         89 |         89 |       0 |    0 |   148 |      0 |      0 |          0 |
|               b.b_pipe                                                            | udp_gateway_shadow_mirror_xbar_1_axi_register_slice_v2_1_31_axic_register_slice__parameterized1_11 |         15 |         15 |       0 |    0 |     8 |      0 |      0 |          0 |
|               r.r_pipe                                                            | udp_gateway_shadow_mirror_xbar_1_axi_register_slice_v2_1_31_axic_register_slice__parameterized2_12 |         75 |         75 |       0 |    0 |   140 |      0 |      0 |          0 |
|             gen_master_slots[1].gen_mi_write.wdata_mux_w                          |                    udp_gateway_shadow_mirror_xbar_1_axi_crossbar_v2_1_32_wdata_mux__parameterized0 |         19 |         18 |       0 |    1 |     8 |      0 |      0 |          0 |
|               gen_wmux.wmux_aw_fifo                                               |           udp_gateway_shadow_mirror_xbar_1_axi_data_fifo_v2_1_30_axic_reg_srl_fifo__parameterized1 |         19 |         18 |       0 |    1 |     8 |      0 |      0 |          0 |
|                 (gen_wmux.wmux_aw_fifo)                                           |           udp_gateway_shadow_mirror_xbar_1_axi_data_fifo_v2_1_30_axic_reg_srl_fifo__parameterized1 |         12 |         12 |       0 |    0 |     8 |      0 |      0 |          0 |
|                 gen_srls[0].gen_rep[0].srl_nx1                                    |                                 udp_gateway_shadow_mirror_xbar_1_axi_data_fifo_v2_1_30_ndeep_srl_9 |          1 |          1 |       0 |    0 |     0 |      0 |      0 |          0 |
|                 gen_srls[0].gen_rep[1].srl_nx1                                    |                                udp_gateway_shadow_mirror_xbar_1_axi_data_fifo_v2_1_30_ndeep_srl_10 |          6 |          5 |       0 |    1 |     0 |      0 |      0 |          0 |
|             gen_master_slots[1].reg_slice_mi                                      |                   udp_gateway_shadow_mirror_xbar_1_axi_register_slice_v2_1_31_axi_register_slice_1 |         20 |         20 |       0 |    0 |    11 |      0 |      0 |          0 |
|               b.b_pipe                                                            |    udp_gateway_shadow_mirror_xbar_1_axi_register_slice_v2_1_31_axic_register_slice__parameterized1 |          5 |          5 |       0 |    0 |     3 |      0 |      0 |          0 |
|               r.r_pipe                                                            |    udp_gateway_shadow_mirror_xbar_1_axi_register_slice_v2_1_31_axic_register_slice__parameterized2 |         15 |         15 |       0 |    0 |     8 |      0 |      0 |          0 |
|             gen_slave_slots[0].gen_si_write.si_transactor_aw                      |                                udp_gateway_shadow_mirror_xbar_1_axi_crossbar_v2_1_32_si_transactor |          4 |          4 |       0 |    0 |     4 |      0 |      0 |          0 |
|             gen_slave_slots[0].gen_si_write.splitter_aw_si                        |                                     udp_gateway_shadow_mirror_xbar_1_axi_crossbar_v2_1_32_splitter |          5 |          5 |       0 |    0 |     2 |      0 |      0 |          0 |
|             gen_slave_slots[0].gen_si_write.wdata_router_w                        |                                 udp_gateway_shadow_mirror_xbar_1_axi_crossbar_v2_1_32_wdata_router |         14 |         13 |       0 |    1 |     8 |      0 |      0 |          0 |
|               wrouter_aw_fifo                                                     |                         udp_gateway_shadow_mirror_xbar_1_axi_data_fifo_v2_1_30_axic_reg_srl_fifo_7 |         14 |         13 |       0 |    1 |     8 |      0 |      0 |          0 |
|                 (wrouter_aw_fifo)                                                 |                         udp_gateway_shadow_mirror_xbar_1_axi_data_fifo_v2_1_30_axic_reg_srl_fifo_7 |         10 |         10 |       0 |    0 |     8 |      0 |      0 |          0 |
|                 gen_srls[0].gen_rep[0].srl_nx1                                    |                                 udp_gateway_shadow_mirror_xbar_1_axi_data_fifo_v2_1_30_ndeep_srl_8 |          5 |          4 |       0 |    1 |     0 |      0 |      0 |          0 |
|             gen_slave_slots[1].gen_si_read.si_transactor_ar                       |                udp_gateway_shadow_mirror_xbar_1_axi_crossbar_v2_1_32_si_transactor__parameterized0 |         22 |         22 |       0 |    0 |     4 |      0 |      0 |          0 |
|             gen_slave_slots[2].gen_si_read.si_transactor_ar                       |              udp_gateway_shadow_mirror_xbar_1_axi_crossbar_v2_1_32_si_transactor__parameterized0_2 |         23 |         23 |       0 |    0 |     4 |      0 |      0 |          0 |
|             gen_slave_slots[2].gen_si_write.si_transactor_aw                      |                              udp_gateway_shadow_mirror_xbar_1_axi_crossbar_v2_1_32_si_transactor_3 |          5 |          5 |       0 |    0 |     4 |      0 |      0 |          0 |
|             gen_slave_slots[2].gen_si_write.splitter_aw_si                        |                                   udp_gateway_shadow_mirror_xbar_1_axi_crossbar_v2_1_32_splitter_4 |          5 |          5 |       0 |    0 |     2 |      0 |      0 |          0 |
|             gen_slave_slots[2].gen_si_write.wdata_router_w                        |                               udp_gateway_shadow_mirror_xbar_1_axi_crossbar_v2_1_32_wdata_router_5 |         15 |         14 |       0 |    1 |     9 |      0 |      0 |          0 |
|               wrouter_aw_fifo                                                     |                           udp_gateway_shadow_mirror_xbar_1_axi_data_fifo_v2_1_30_axic_reg_srl_fifo |         15 |         14 |       0 |    1 |     9 |      0 |      0 |          0 |
|                 (wrouter_aw_fifo)                                                 |                           udp_gateway_shadow_mirror_xbar_1_axi_data_fifo_v2_1_30_axic_reg_srl_fifo |         10 |         10 |       0 |    0 |     9 |      0 |      0 |          0 |
|                 gen_srls[0].gen_rep[0].srl_nx1                                    |                                   udp_gateway_shadow_mirror_xbar_1_axi_data_fifo_v2_1_30_ndeep_srl |          5 |          4 |       0 |    1 |     0 |      0 |      0 |          0 |
|             splitter_aw_mi                                                        |                                   udp_gateway_shadow_mirror_xbar_1_axi_crossbar_v2_1_32_splitter_6 |          3 |          3 |       0 |    0 |     2 |      0 |      0 |          0 |
|     crypto_accel_axi_0                                                            |                                                     udp_gateway_shadow_mirror_crypto_accel_axi_0_0 |       7312 |       7290 |      22 |    0 | 12576 |      0 |      0 |          0 |
|       inst                                                                        |                        udp_gateway_shadow_mirror_crypto_accel_axi_0_0_crypto_accel_axi_design1_ref |       7312 |       7290 |      22 |    0 | 12576 |      0 |      0 |          0 |
|         u_design1_crypto_accel_axi                                                |                                    udp_gateway_shadow_mirror_crypto_accel_axi_0_0_crypto_accel_axi |       7312 |       7290 |      22 |    0 | 12576 |      0 |      0 |          0 |
|           (u_design1_crypto_accel_axi)                                            |                                    udp_gateway_shadow_mirror_crypto_accel_axi_0_0_crypto_accel_axi |          4 |          4 |       0 |    0 |     0 |      0 |      0 |          0 |
|           crypto_accel_axi_slave_lite_v1_0_S00_AXI_inst                           |            udp_gateway_shadow_mirror_crypto_accel_axi_0_0_crypto_accel_axi_slave_lite_v1_0_S00_AXI |       7308 |       7286 |      22 |    0 | 12576 |      0 |      0 |          0 |
|             (crypto_accel_axi_slave_lite_v1_0_S00_AXI_inst)                       |            udp_gateway_shadow_mirror_crypto_accel_axi_0_0_crypto_accel_axi_slave_lite_v1_0_S00_AXI |        190 |        168 |      22 |    0 |   586 |      0 |      0 |          0 |
|             u_crypto_bridge_top                                                   |                                   udp_gateway_shadow_mirror_crypto_accel_axi_0_0_crypto_bridge_top |       7120 |       7120 |       0 |    0 | 11990 |      0 |      0 |          0 |
|               (u_crypto_bridge_top)                                               |                                   udp_gateway_shadow_mirror_crypto_accel_axi_0_0_crypto_bridge_top |        417 |        417 |       0 |    0 |  5265 |      0 |      0 |          0 |
|               gen_crypto_cores[0].u_aes                                           |                                            udp_gateway_shadow_mirror_crypto_accel_axi_0_0_aes_core |       3401 |       3401 |       0 |    0 |  2471 |      0 |      0 |          0 |
|                 (gen_crypto_cores[0].u_aes)                                       |                                            udp_gateway_shadow_mirror_crypto_accel_axi_0_0_aes_core |         73 |         73 |       0 |    0 |     4 |      0 |      0 |          0 |
|                 dec_block                                                         |                                  udp_gateway_shadow_mirror_crypto_accel_axi_0_0_aes_decipher_block |        437 |        437 |       0 |    0 |   137 |      0 |      0 |          0 |
|                   (dec_block)                                                     |                                  udp_gateway_shadow_mirror_crypto_accel_axi_0_0_aes_decipher_block |        437 |        437 |       0 |    0 |   137 |      0 |      0 |          0 |
|                   inv_sbox_inst                                                   |                                        udp_gateway_shadow_mirror_crypto_accel_axi_0_0_aes_inv_sbox |          0 |          0 |       0 |    0 |     0 |      0 |      0 |          0 |
|                 enc_block                                                         |                                  udp_gateway_shadow_mirror_crypto_accel_axi_0_0_aes_encipher_block |        762 |        762 |       0 |    0 |   137 |      0 |      0 |          0 |
|                 keymem                                                            |                                         udp_gateway_shadow_mirror_crypto_accel_axi_0_0_aes_key_mem |       2141 |       2141 |       0 |    0 |  2193 |      0 |      0 |          0 |
|                 sbox_inst                                                         |                                            udp_gateway_shadow_mirror_crypto_accel_axi_0_0_aes_sbox |          0 |          0 |       0 |    0 |     0 |      0 |      0 |          0 |
|               gen_crypto_cores[0].u_sm4                                           |                                             udp_gateway_shadow_mirror_crypto_accel_axi_0_0_sm4_top |       1331 |       1331 |       0 |    0 |  1558 |      0 |      0 |          0 |
|                 u_encdec                                                          |                                          udp_gateway_shadow_mirror_crypto_accel_axi_0_0_sm4_encdec |        686 |        686 |       0 |    0 |   264 |      0 |      0 |          0 |
|                   (u_encdec)                                                      |                                          udp_gateway_shadow_mirror_crypto_accel_axi_0_0_sm4_encdec |        630 |        630 |       0 |    0 |   264 |      0 |      0 |          0 |
|                   u_iter_0                                                        |                                udp_gateway_shadow_mirror_crypto_accel_axi_0_0_one_round_for_encdec |         24 |         24 |       0 |    0 |     0 |      0 |      0 |          0 |
|                     u_transform                                                   |                              udp_gateway_shadow_mirror_crypto_accel_axi_0_0_transform_for_encdec_8 |         24 |         24 |       0 |    0 |     0 |      0 |      0 |          0 |
|                       u_0                                                         |                                      udp_gateway_shadow_mirror_crypto_accel_axi_0_0_sbox_replace_9 |          6 |          6 |       0 |    0 |     0 |      0 |      0 |          0 |
|                       u_1                                                         |                                     udp_gateway_shadow_mirror_crypto_accel_axi_0_0_sbox_replace_10 |          6 |          6 |       0 |    0 |     0 |      0 |      0 |          0 |
|                       u_2                                                         |                                     udp_gateway_shadow_mirror_crypto_accel_axi_0_0_sbox_replace_11 |          6 |          6 |       0 |    0 |     0 |      0 |      0 |          0 |
|                       u_3                                                         |                                     udp_gateway_shadow_mirror_crypto_accel_axi_0_0_sbox_replace_12 |          6 |          6 |       0 |    0 |     0 |      0 |      0 |          0 |
|                   u_iter_1                                                        |                              udp_gateway_shadow_mirror_crypto_accel_axi_0_0_one_round_for_encdec_3 |         32 |         32 |       0 |    0 |     0 |      0 |      0 |          0 |
|                     u_transform                                                   |                                udp_gateway_shadow_mirror_crypto_accel_axi_0_0_transform_for_encdec |         32 |         32 |       0 |    0 |     0 |      0 |      0 |          0 |
|                       u_0                                                         |                                      udp_gateway_shadow_mirror_crypto_accel_axi_0_0_sbox_replace_4 |          8 |          8 |       0 |    0 |     0 |      0 |      0 |          0 |
|                       u_1                                                         |                                      udp_gateway_shadow_mirror_crypto_accel_axi_0_0_sbox_replace_5 |          8 |          8 |       0 |    0 |     0 |      0 |      0 |          0 |
|                       u_2                                                         |                                      udp_gateway_shadow_mirror_crypto_accel_axi_0_0_sbox_replace_6 |          8 |          8 |       0 |    0 |     0 |      0 |      0 |          0 |
|                       u_3                                                         |                                      udp_gateway_shadow_mirror_crypto_accel_axi_0_0_sbox_replace_7 |          8 |          8 |       0 |    0 |     0 |      0 |      0 |          0 |
|                 u_key                                                             |                                       udp_gateway_shadow_mirror_crypto_accel_axi_0_0_key_expansion |        645 |        645 |       0 |    0 |  1294 |      0 |      0 |          0 |
|                   (u_key)                                                         |                                       udp_gateway_shadow_mirror_crypto_accel_axi_0_0_key_expansion |        643 |        643 |       0 |    0 |  1294 |      0 |      0 |          0 |
|                   u_get_cki                                                       |                                             udp_gateway_shadow_mirror_crypto_accel_axi_0_0_get_cki |          2 |          2 |       0 |    0 |     0 |      0 |      0 |          0 |
|                   u_one_round                                                     |                               udp_gateway_shadow_mirror_crypto_accel_axi_0_0_one_round_for_key_exp |          0 |          0 |       0 |    0 |     0 |      0 |      0 |          0 |
|                     u_transform_key                                               |                               udp_gateway_shadow_mirror_crypto_accel_axi_0_0_transform_for_key_exp |          0 |          0 |       0 |    0 |     0 |      0 |      0 |          0 |
|                       u_0                                                         |                                        udp_gateway_shadow_mirror_crypto_accel_axi_0_0_sbox_replace |          0 |          0 |       0 |    0 |     0 |      0 |      0 |          0 |
|                       u_1                                                         |                                      udp_gateway_shadow_mirror_crypto_accel_axi_0_0_sbox_replace_0 |          0 |          0 |       0 |    0 |     0 |      0 |      0 |          0 |
|                       u_2                                                         |                                      udp_gateway_shadow_mirror_crypto_accel_axi_0_0_sbox_replace_1 |          0 |          0 |       0 |    0 |     0 |      0 |      0 |          0 |
|                       u_3                                                         |                                      udp_gateway_shadow_mirror_crypto_accel_axi_0_0_sbox_replace_2 |          0 |          0 |       0 |    0 |     0 |      0 |      0 |          0 |
|               u_gearbox                                                           |                                   udp_gateway_shadow_mirror_crypto_accel_axi_0_0_gearbox_128_to_32 |         34 |         34 |       0 |    0 |    99 |      0 |      0 |          0 |
|               u_mid_fifo                                                          |                                           udp_gateway_shadow_mirror_crypto_accel_axi_0_0_sync_fifo |       1745 |       1745 |       0 |    0 |  2072 |      0 |      0 |          0 |
|               u_out_fifo                                                          |                           udp_gateway_shadow_mirror_crypto_accel_axi_0_0_sync_fifo__parameterized0 |        193 |        193 |       0 |    0 |   525 |      0 |      0 |          0 |
|     dma_gateway_hybrid_0                                                          |                                                   udp_gateway_shadow_mirror_dma_gateway_hybrid_0_0 |      26696 |      16904 |    9792 |    0 | 29811 |     24 |      1 |          0 |
|       (dma_gateway_hybrid_0)                                                      |                                                   udp_gateway_shadow_mirror_dma_gateway_hybrid_0_0 |          0 |          0 |       0 |    0 |     0 |      0 |      0 |          0 |
|       inst                                                                        |                  udp_gateway_shadow_mirror_dma_gateway_hybrid_0_0_dma_gateway_hybrid_board_wrapper |      26696 |      16904 |    9792 |    0 | 29811 |     24 |      1 |          0 |
|         (inst)                                                                    |                  udp_gateway_shadow_mirror_dma_gateway_hybrid_0_0_dma_gateway_hybrid_board_wrapper |       3586 |       3586 |       0 |    0 | 12857 |      0 |      0 |          0 |
|         gen_shadow_ctrl_csr.u_shadow_ctrl_csr                                     |                       udp_gateway_shadow_mirror_dma_gateway_hybrid_0_0_udp_gateway_shadow_ctrl_csr |        670 |        670 |       0 |    0 |   744 |      0 |      0 |          0 |
|         gen_shadow_inject_only.u_shadow_inject                                    |                    udp_gateway_shadow_mirror_dma_gateway_hybrid_0_0_udp_gateway_shadow_inject_path |         48 |         48 |       0 |    0 |    59 |      0 |      1 |          0 |
|           (gen_shadow_inject_only.u_shadow_inject)                                |                    udp_gateway_shadow_mirror_dma_gateway_hybrid_0_0_udp_gateway_shadow_inject_path |          9 |          9 |       0 |    0 |    18 |      0 |      0 |          0 |
|           u_inj_fifo                                                              |                                     udp_gateway_shadow_mirror_dma_gateway_hybrid_0_0_xpm_fifo_sync |         39 |         39 |       0 |    0 |    41 |      0 |      1 |          0 |
|             xpm_fifo_base_inst                                                    |                                     udp_gateway_shadow_mirror_dma_gateway_hybrid_0_0_xpm_fifo_base |         39 |         39 |       0 |    0 |    41 |      0 |      1 |          0 |
|               (xpm_fifo_base_inst)                                                |                                     udp_gateway_shadow_mirror_dma_gateway_hybrid_0_0_xpm_fifo_base |          3 |          3 |       0 |    0 |    11 |      0 |      0 |          0 |
|               gen_fwft.rdpp1_inst                                                 |                                  udp_gateway_shadow_mirror_dma_gateway_hybrid_0_0_xpm_counter_updn |          5 |          5 |       0 |    0 |     2 |      0 |      0 |          0 |
|               gen_sdpram.xpm_memory_base_inst                                     |                                   udp_gateway_shadow_mirror_dma_gateway_hybrid_0_0_xpm_memory_base |          0 |          0 |       0 |    0 |     0 |      0 |      1 |          0 |
|               rdp_inst                                                            |                  udp_gateway_shadow_mirror_dma_gateway_hybrid_0_0_xpm_counter_updn__parameterized0 |         15 |         15 |       0 |    0 |     6 |      0 |      0 |          0 |
|               rdpp1_inst                                                          |                  udp_gateway_shadow_mirror_dma_gateway_hybrid_0_0_xpm_counter_updn__parameterized1 |          4 |          4 |       0 |    0 |     5 |      0 |      0 |          0 |
|               rst_d1_inst                                                         |                                  udp_gateway_shadow_mirror_dma_gateway_hybrid_0_0_xpm_fifo_reg_bit |          0 |          0 |       0 |    0 |     1 |      0 |      0 |          0 |
|               wrp_inst                                                            |                udp_gateway_shadow_mirror_dma_gateway_hybrid_0_0_xpm_counter_updn__parameterized0_0 |         11 |         11 |       0 |    0 |     6 |      0 |      0 |          0 |
|               wrpp1_inst                                                          |                udp_gateway_shadow_mirror_dma_gateway_hybrid_0_0_xpm_counter_updn__parameterized1_1 |          3 |          3 |       0 |    0 |     5 |      0 |      0 |          0 |
|               xpm_fifo_rst_inst                                                   |                                      udp_gateway_shadow_mirror_dma_gateway_hybrid_0_0_xpm_fifo_rst |          2 |          2 |       0 |    0 |     5 |      0 |      0 |          0 |
|         i_hybrid_dma                                                              |                              udp_gateway_shadow_mirror_dma_gateway_hybrid_0_0_crypto_dma_subsystem |      16154 |      10522 |    5632 |    0 | 15104 |      0 |      0 |          0 |
|           (i_hybrid_dma)                                                          |                              udp_gateway_shadow_mirror_dma_gateway_hybrid_0_0_crypto_dma_subsystem |        352 |        352 |       0 |    0 |    75 |      0 |      0 |          0 |
|           u_crypto_bridge                                                         |                                 udp_gateway_shadow_mirror_dma_gateway_hybrid_0_0_crypto_bridge_top |       7024 |       7024 |       0 |    0 | 12131 |      0 |      0 |          0 |
|             (u_crypto_bridge)                                                     |                                 udp_gateway_shadow_mirror_dma_gateway_hybrid_0_0_crypto_bridge_top |        407 |        407 |       0 |    0 |  5393 |      0 |      0 |          0 |
|             gen_crypto_cores[0].u_aes                                             |                                          udp_gateway_shadow_mirror_dma_gateway_hybrid_0_0_aes_core |       3411 |       3411 |       0 |    0 |  2471 |      0 |      0 |          0 |
|               (gen_crypto_cores[0].u_aes)                                         |                                          udp_gateway_shadow_mirror_dma_gateway_hybrid_0_0_aes_core |         81 |         81 |       0 |    0 |     4 |      0 |      0 |          0 |
|               dec_block                                                           |                                udp_gateway_shadow_mirror_dma_gateway_hybrid_0_0_aes_decipher_block |        437 |        437 |       0 |    0 |   137 |      0 |      0 |          0 |
|                 (dec_block)                                                       |                                udp_gateway_shadow_mirror_dma_gateway_hybrid_0_0_aes_decipher_block |        437 |        437 |       0 |    0 |   137 |      0 |      0 |          0 |
|                 inv_sbox_inst                                                     |                                      udp_gateway_shadow_mirror_dma_gateway_hybrid_0_0_aes_inv_sbox |          0 |          0 |       0 |    0 |     0 |      0 |      0 |          0 |
|               enc_block                                                           |                                udp_gateway_shadow_mirror_dma_gateway_hybrid_0_0_aes_encipher_block |        777 |        777 |       0 |    0 |   137 |      0 |      0 |          0 |
|               keymem                                                              |                                       udp_gateway_shadow_mirror_dma_gateway_hybrid_0_0_aes_key_mem |       2129 |       2129 |       0 |    0 |  2193 |      0 |      0 |          0 |
|               sbox_inst                                                           |                                          udp_gateway_shadow_mirror_dma_gateway_hybrid_0_0_aes_sbox |          0 |          0 |       0 |    0 |     0 |      0 |      0 |          0 |
|             gen_crypto_cores[0].u_sm4                                             |                                           udp_gateway_shadow_mirror_dma_gateway_hybrid_0_0_sm4_top |       1373 |       1373 |       0 |    0 |  1558 |      0 |      0 |          0 |
|               u_encdec                                                            |                                        udp_gateway_shadow_mirror_dma_gateway_hybrid_0_0_sm4_encdec |        695 |        695 |       0 |    0 |   264 |      0 |      0 |          0 |
|                 (u_encdec)                                                        |                                        udp_gateway_shadow_mirror_dma_gateway_hybrid_0_0_sm4_encdec |        639 |        639 |       0 |    0 |   264 |      0 |      0 |          0 |
|                 u_iter_0                                                          |                              udp_gateway_shadow_mirror_dma_gateway_hybrid_0_0_one_round_for_encdec |         24 |         24 |       0 |    0 |     0 |      0 |      0 |          0 |
|                   u_transform                                                     |                           udp_gateway_shadow_mirror_dma_gateway_hybrid_0_0_transform_for_encdec_10 |         24 |         24 |       0 |    0 |     0 |      0 |      0 |          0 |
|                     u_0                                                           |                                   udp_gateway_shadow_mirror_dma_gateway_hybrid_0_0_sbox_replace_11 |          6 |          6 |       0 |    0 |     0 |      0 |      0 |          0 |
|                     u_1                                                           |                                   udp_gateway_shadow_mirror_dma_gateway_hybrid_0_0_sbox_replace_12 |          6 |          6 |       0 |    0 |     0 |      0 |      0 |          0 |
|                     u_2                                                           |                                   udp_gateway_shadow_mirror_dma_gateway_hybrid_0_0_sbox_replace_13 |          6 |          6 |       0 |    0 |     0 |      0 |      0 |          0 |
|                     u_3                                                           |                                   udp_gateway_shadow_mirror_dma_gateway_hybrid_0_0_sbox_replace_14 |          6 |          6 |       0 |    0 |     0 |      0 |      0 |          0 |
|                 u_iter_1                                                          |                            udp_gateway_shadow_mirror_dma_gateway_hybrid_0_0_one_round_for_encdec_5 |         32 |         32 |       0 |    0 |     0 |      0 |      0 |          0 |
|                   u_transform                                                     |                              udp_gateway_shadow_mirror_dma_gateway_hybrid_0_0_transform_for_encdec |         32 |         32 |       0 |    0 |     0 |      0 |      0 |          0 |
|                     u_0                                                           |                                    udp_gateway_shadow_mirror_dma_gateway_hybrid_0_0_sbox_replace_6 |          8 |          8 |       0 |    0 |     0 |      0 |      0 |          0 |
|                     u_1                                                           |                                    udp_gateway_shadow_mirror_dma_gateway_hybrid_0_0_sbox_replace_7 |          8 |          8 |       0 |    0 |     0 |      0 |      0 |          0 |
|                     u_2                                                           |                                    udp_gateway_shadow_mirror_dma_gateway_hybrid_0_0_sbox_replace_8 |          8 |          8 |       0 |    0 |     0 |      0 |      0 |          0 |
|                     u_3                                                           |                                    udp_gateway_shadow_mirror_dma_gateway_hybrid_0_0_sbox_replace_9 |          8 |          8 |       0 |    0 |     0 |      0 |      0 |          0 |
|               u_key                                                               |                                     udp_gateway_shadow_mirror_dma_gateway_hybrid_0_0_key_expansion |        678 |        678 |       0 |    0 |  1294 |      0 |      0 |          0 |
|                 (u_key)                                                           |                                     udp_gateway_shadow_mirror_dma_gateway_hybrid_0_0_key_expansion |        677 |        677 |       0 |    0 |  1294 |      0 |      0 |          0 |
|                 u_get_cki                                                         |                                           udp_gateway_shadow_mirror_dma_gateway_hybrid_0_0_get_cki |          1 |          1 |       0 |    0 |     0 |      0 |      0 |          0 |
|                 u_one_round                                                       |                             udp_gateway_shadow_mirror_dma_gateway_hybrid_0_0_one_round_for_key_exp |          0 |          0 |       0 |    0 |     0 |      0 |      0 |          0 |
|                   u_transform_key                                                 |                             udp_gateway_shadow_mirror_dma_gateway_hybrid_0_0_transform_for_key_exp |          0 |          0 |       0 |    0 |     0 |      0 |      0 |          0 |
|                     u_0                                                           |                                      udp_gateway_shadow_mirror_dma_gateway_hybrid_0_0_sbox_replace |          0 |          0 |       0 |    0 |     0 |      0 |      0 |          0 |
|                     u_1                                                           |                                    udp_gateway_shadow_mirror_dma_gateway_hybrid_0_0_sbox_replace_2 |          0 |          0 |       0 |    0 |     0 |      0 |      0 |          0 |
|                     u_2                                                           |                                    udp_gateway_shadow_mirror_dma_gateway_hybrid_0_0_sbox_replace_3 |          0 |          0 |       0 |    0 |     0 |      0 |      0 |          0 |
|                     u_3                                                           |                                    udp_gateway_shadow_mirror_dma_gateway_hybrid_0_0_sbox_replace_4 |          0 |          0 |       0 |    0 |     0 |      0 |      0 |          0 |
|             u_gearbox                                                             |                                 udp_gateway_shadow_mirror_dma_gateway_hybrid_0_0_gearbox_128_to_32 |         35 |         35 |       0 |    0 |    99 |      0 |      0 |          0 |
|             u_mid_fifo                                                            |                                         udp_gateway_shadow_mirror_dma_gateway_hybrid_0_0_sync_fifo |       1739 |       1739 |       0 |    0 |  2069 |      0 |      0 |          0 |
|             u_out_fifo                                                            |                         udp_gateway_shadow_mirror_dma_gateway_hybrid_0_0_sync_fifo__parameterized0 |        165 |        165 |       0 |    0 |   541 |      0 |      0 |          0 |
|           u_csr                                                                   |                                          udp_gateway_shadow_mirror_dma_gateway_hybrid_0_0_axil_csr |        605 |        605 |       0 |    0 |  1011 |      0 |      0 |          0 |
|           u_dma_crypto_source_reader                                              |                          udp_gateway_shadow_mirror_dma_gateway_hybrid_0_0_dma_crypto_source_reader |        627 |        627 |       0 |    0 |  1248 |      0 |      0 |          0 |
|             (u_dma_crypto_source_reader)                                          |                          udp_gateway_shadow_mirror_dma_gateway_hybrid_0_0_dma_crypto_source_reader |         58 |         58 |       0 |    0 |   205 |      0 |      0 |          0 |
|             u_axis_fifo                                                           |                             udp_gateway_shadow_mirror_dma_gateway_hybrid_0_0_dma_axis_fifo_wrapper |        569 |        569 |       0 |    0 |  1043 |      0 |      0 |          0 |
|               u_fifo                                                              |                             udp_gateway_shadow_mirror_dma_gateway_hybrid_0_0_axis_packet_fifo_bram |        569 |        569 |       0 |    0 |  1043 |      0 |      0 |          0 |
|           u_dma_engine                                                            |                                 udp_gateway_shadow_mirror_dma_gateway_hybrid_0_0_dma_master_engine |        281 |        281 |       0 |    0 |   124 |      0 |      0 |          0 |
|           u_fetcher                                                               |                                  udp_gateway_shadow_mirror_dma_gateway_hybrid_0_0_dma_desc_fetcher |        191 |        191 |       0 |    0 |   184 |      0 |      0 |          0 |
|           u_pbm                                                                   |                                    udp_gateway_shadow_mirror_dma_gateway_hybrid_0_0_pbm_controller |       7002 |       1370 |    5632 |    0 |   260 |      0 |      0 |          0 |
|           u_s2mm_mm2s                                                             |                              udp_gateway_shadow_mirror_dma_gateway_hybrid_0_0_dma_s2mm_mm2s_engine |         82 |         82 |       0 |    0 |    71 |      0 |      0 |          0 |
|         u_classifier                                                              |                        udp_gateway_shadow_mirror_dma_gateway_hybrid_0_0_udp_dma_ingress_classifier |        541 |        541 |       0 |    0 |   101 |      0 |      0 |          0 |
|         u_device_dna_reader                                                       |                                 udp_gateway_shadow_mirror_dma_gateway_hybrid_0_0_device_dna_reader |         70 |         70 |       0 |    0 |   133 |      0 |      0 |          0 |
|         u_shadow_acl_filter                                                       |                                 udp_gateway_shadow_mirror_dma_gateway_hybrid_0_0_acl_packet_filter |       5634 |       1474 |    4160 |    0 |   813 |     24 |      0 |          0 |
|           (u_shadow_acl_filter)                                                   |                                 udp_gateway_shadow_mirror_dma_gateway_hybrid_0_0_acl_packet_filter |        470 |        470 |       0 |    0 |   343 |      0 |      0 |          0 |
|           u_acl                                                                   |                                  udp_gateway_shadow_mirror_dma_gateway_hybrid_0_0_acl_match_engine |       5165 |       1005 |    4160 |    0 |   470 |     24 |      0 |          0 |
|     processing_system7_0                                                          |                                                   udp_gateway_shadow_mirror_processing_system7_0_0 |          0 |          0 |       0 |    0 |     0 |      0 |      0 |          0 |
|       inst                                                                        |        udp_gateway_shadow_mirror_processing_system7_0_0_processing_system7_v5_5_processing_system7 |          0 |          0 |       0 |    0 |     0 |      0 |      0 |          0 |
|     ps7_0_axi_periph                                                              |                                                       udp_gateway_shadow_mirror_ps7_0_axi_periph_0 |        520 |        459 |       0 |   61 |   634 |      0 |      0 |          0 |
|       s00_couplers                                                                |                                                                           s00_couplers_imp_1SGLF7O |        389 |        328 |       0 |   61 |   510 |      0 |      0 |          0 |
|         auto_pc                                                                   |                                                                udp_gateway_shadow_mirror_auto_pc_0 |        389 |        328 |       0 |   61 |   510 |      0 |      0 |          0 |
|           inst                                                                    |          udp_gateway_shadow_mirror_auto_pc_0_axi_protocol_converter_v2_1_31_axi_protocol_converter |        389 |        328 |       0 |   61 |   510 |      0 |      0 |          0 |
|             gen_axilite.gen_b2s_conv.axilite_b2s                                  |                             udp_gateway_shadow_mirror_auto_pc_0_axi_protocol_converter_v2_1_31_b2s |        389 |        328 |       0 |   61 |   510 |      0 |      0 |          0 |
|               (gen_axilite.gen_b2s_conv.axilite_b2s)                              |                             udp_gateway_shadow_mirror_auto_pc_0_axi_protocol_converter_v2_1_31_b2s |          1 |          1 |       0 |    0 |     1 |      0 |      0 |          0 |
|               RD.ar_channel_0                                                     |                  udp_gateway_shadow_mirror_auto_pc_0_axi_protocol_converter_v2_1_31_b2s_ar_channel |         62 |         62 |       0 |    0 |    70 |      0 |      0 |          0 |
|                 (RD.ar_channel_0)                                                 |                  udp_gateway_shadow_mirror_auto_pc_0_axi_protocol_converter_v2_1_31_b2s_ar_channel |          0 |          0 |       0 |    0 |    12 |      0 |      0 |          0 |
|                 ar_cmd_fsm_0                                                      |                  udp_gateway_shadow_mirror_auto_pc_0_axi_protocol_converter_v2_1_31_b2s_rd_cmd_fsm |         32 |         32 |       0 |    0 |     2 |      0 |      0 |          0 |
|                 cmd_translator_0                                                  |            udp_gateway_shadow_mirror_auto_pc_0_axi_protocol_converter_v2_1_31_b2s_cmd_translator_1 |         30 |         30 |       0 |    0 |    56 |      0 |      0 |          0 |
|                   (cmd_translator_0)                                              |            udp_gateway_shadow_mirror_auto_pc_0_axi_protocol_converter_v2_1_31_b2s_cmd_translator_1 |          1 |          1 |       0 |    0 |     3 |      0 |      0 |          0 |
|                   incr_cmd_0                                                      |                  udp_gateway_shadow_mirror_auto_pc_0_axi_protocol_converter_v2_1_31_b2s_incr_cmd_2 |         19 |         19 |       0 |    0 |    18 |      0 |      0 |          0 |
|                   wrap_cmd_0                                                      |                  udp_gateway_shadow_mirror_auto_pc_0_axi_protocol_converter_v2_1_31_b2s_wrap_cmd_3 |         10 |         10 |       0 |    0 |    35 |      0 |      0 |          0 |
|               RD.r_channel_0                                                      |                   udp_gateway_shadow_mirror_auto_pc_0_axi_protocol_converter_v2_1_31_b2s_r_channel |         61 |         14 |       0 |   47 |    24 |      0 |      0 |          0 |
|                 (RD.r_channel_0)                                                  |                   udp_gateway_shadow_mirror_auto_pc_0_axi_protocol_converter_v2_1_31_b2s_r_channel |          0 |          0 |       0 |    0 |    14 |      0 |      0 |          0 |
|                 rd_data_fifo_0                                                    | udp_gateway_shadow_mirror_auto_pc_0_axi_protocol_converter_v2_1_31_b2s_simple_fifo__parameterized1 |         43 |          9 |       0 |   34 |     5 |      0 |      0 |          0 |
|                 transaction_fifo_0                                                | udp_gateway_shadow_mirror_auto_pc_0_axi_protocol_converter_v2_1_31_b2s_simple_fifo__parameterized2 |         19 |          6 |       0 |   13 |     5 |      0 |      0 |          0 |
|               SI_REG                                                              |                  udp_gateway_shadow_mirror_auto_pc_0_axi_register_slice_v2_1_31_axi_register_slice |        163 |        163 |       0 |    0 |   324 |      0 |      0 |          0 |
|                 ar.ar_pipe                                                        |                 udp_gateway_shadow_mirror_auto_pc_0_axi_register_slice_v2_1_31_axic_register_slice |         60 |         60 |       0 |    0 |    98 |      0 |      0 |          0 |
|                 aw.aw_pipe                                                        |               udp_gateway_shadow_mirror_auto_pc_0_axi_register_slice_v2_1_31_axic_register_slice_0 |         66 |         66 |       0 |    0 |   100 |      0 |      0 |          0 |
|                 b.b_pipe                                                          | udp_gateway_shadow_mirror_auto_pc_0_axi_register_slice_v2_1_31_axic_register_slice__parameterized1 |         10 |         10 |       0 |    0 |    30 |      0 |      0 |          0 |
|                 r.r_pipe                                                          | udp_gateway_shadow_mirror_auto_pc_0_axi_register_slice_v2_1_31_axic_register_slice__parameterized2 |         27 |         27 |       0 |    0 |    96 |      0 |      0 |          0 |
|               WR.aw_channel_0                                                     |                  udp_gateway_shadow_mirror_auto_pc_0_axi_protocol_converter_v2_1_31_b2s_aw_channel |         71 |         71 |       0 |    0 |    74 |      0 |      0 |          0 |
|                 (WR.aw_channel_0)                                                 |                  udp_gateway_shadow_mirror_auto_pc_0_axi_protocol_converter_v2_1_31_b2s_aw_channel |          0 |          0 |       0 |    0 |    16 |      0 |      0 |          0 |
|                 aw_cmd_fsm_0                                                      |                  udp_gateway_shadow_mirror_auto_pc_0_axi_protocol_converter_v2_1_31_b2s_wr_cmd_fsm |         40 |         40 |       0 |    0 |     2 |      0 |      0 |          0 |
|                 cmd_translator_0                                                  |              udp_gateway_shadow_mirror_auto_pc_0_axi_protocol_converter_v2_1_31_b2s_cmd_translator |         31 |         31 |       0 |    0 |    56 |      0 |      0 |          0 |
|                   (cmd_translator_0)                                              |              udp_gateway_shadow_mirror_auto_pc_0_axi_protocol_converter_v2_1_31_b2s_cmd_translator |          1 |          1 |       0 |    0 |     3 |      0 |      0 |          0 |
|                   incr_cmd_0                                                      |                    udp_gateway_shadow_mirror_auto_pc_0_axi_protocol_converter_v2_1_31_b2s_incr_cmd |         20 |         20 |       0 |    0 |    18 |      0 |      0 |          0 |
|                   wrap_cmd_0                                                      |                    udp_gateway_shadow_mirror_auto_pc_0_axi_protocol_converter_v2_1_31_b2s_wrap_cmd |         10 |         10 |       0 |    0 |    35 |      0 |      0 |          0 |
|               WR.b_channel_0                                                      |                   udp_gateway_shadow_mirror_auto_pc_0_axi_protocol_converter_v2_1_31_b2s_b_channel |         35 |         21 |       0 |   14 |    17 |      0 |      0 |          0 |
|                 (WR.b_channel_0)                                                  |                   udp_gateway_shadow_mirror_auto_pc_0_axi_protocol_converter_v2_1_31_b2s_b_channel |          8 |          8 |       0 |    0 |    13 |      0 |      0 |          0 |
|                 bid_fifo_0                                                        |                 udp_gateway_shadow_mirror_auto_pc_0_axi_protocol_converter_v2_1_31_b2s_simple_fifo |         21 |          9 |       0 |   12 |     2 |      0 |      0 |          0 |
|                 bresp_fifo_0                                                      | udp_gateway_shadow_mirror_auto_pc_0_axi_protocol_converter_v2_1_31_b2s_simple_fifo__parameterized0 |          6 |          4 |       0 |    2 |     2 |      0 |      0 |          0 |
|       xbar                                                                        |                                                                   udp_gateway_shadow_mirror_xbar_0 |        131 |        131 |       0 |    0 |   124 |      0 |      0 |          0 |
|         inst                                                                      |                                 udp_gateway_shadow_mirror_xbar_0_axi_crossbar_v2_1_32_axi_crossbar |        131 |        131 |       0 |    0 |   124 |      0 |      0 |          0 |
|           gen_sasd.crossbar_sasd_0                                                |                                udp_gateway_shadow_mirror_xbar_0_axi_crossbar_v2_1_32_crossbar_sasd |        131 |        131 |       0 |    0 |   124 |      0 |      0 |          0 |
|             (gen_sasd.crossbar_sasd_0)                                            |                                udp_gateway_shadow_mirror_xbar_0_axi_crossbar_v2_1_32_crossbar_sasd |          2 |          2 |       0 |    0 |     7 |      0 |      0 |          0 |
|             addr_arbiter_inst                                                     |                            udp_gateway_shadow_mirror_xbar_0_axi_crossbar_v2_1_32_addr_arbiter_sasd |         63 |         63 |       0 |    0 |    34 |      0 |      0 |          0 |
|             gen_decerr.decerr_slave_inst                                          |                                 udp_gateway_shadow_mirror_xbar_0_axi_crossbar_v2_1_32_decerr_slave |          8 |          8 |       0 |    0 |     4 |      0 |      0 |          0 |
|             reg_slice_r                                                           |                    udp_gateway_shadow_mirror_xbar_0_axi_register_slice_v2_1_31_axic_register_slice |         53 |         53 |       0 |    0 |    74 |      0 |      0 |          0 |
|             splitter_ar                                                           |                     udp_gateway_shadow_mirror_xbar_0_axi_crossbar_v2_1_32_splitter__parameterized0 |          2 |          2 |       0 |    0 |     2 |      0 |      0 |          0 |
|             splitter_aw                                                           |                                     udp_gateway_shadow_mirror_xbar_0_axi_crossbar_v2_1_32_splitter |          5 |          5 |       0 |    0 |     3 |      0 |      0 |          0 |
|     rst_ps7_0_100M                                                                |                                                         udp_gateway_shadow_mirror_rst_ps7_0_100M_0 |         16 |         15 |       0 |    1 |    33 |      0 |      0 |          0 |
|       U0                                                                          |                                          udp_gateway_shadow_mirror_rst_ps7_0_100M_0_proc_sys_reset |         16 |         15 |       0 |    1 |    33 |      0 |      0 |          0 |
|         (U0)                                                                      |                                          udp_gateway_shadow_mirror_rst_ps7_0_100M_0_proc_sys_reset |          0 |          0 |       0 |    0 |     1 |      0 |      0 |          0 |
|         EXT_LPF                                                                   |                                                     udp_gateway_shadow_mirror_rst_ps7_0_100M_0_lpf |          5 |          4 |       0 |    1 |    17 |      0 |      0 |          0 |
|           (EXT_LPF)                                                               |                                                     udp_gateway_shadow_mirror_rst_ps7_0_100M_0_lpf |          2 |          1 |       0 |    1 |     9 |      0 |      0 |          0 |
|           ACTIVE_LOW_AUX.ACT_LO_AUX                                               |                                                udp_gateway_shadow_mirror_rst_ps7_0_100M_0_cdc_sync |          1 |          1 |       0 |    0 |     4 |      0 |      0 |          0 |
|           ACTIVE_LOW_EXT.ACT_LO_EXT                                               |                                              udp_gateway_shadow_mirror_rst_ps7_0_100M_0_cdc_sync_0 |          2 |          2 |       0 |    0 |     4 |      0 |      0 |          0 |
|         SEQ                                                                       |                                            udp_gateway_shadow_mirror_rst_ps7_0_100M_0_sequence_psr |         11 |         11 |       0 |    0 |    15 |      0 |      0 |          0 |
|           (SEQ)                                                                   |                                            udp_gateway_shadow_mirror_rst_ps7_0_100M_0_sequence_psr |          7 |          7 |       0 |    0 |     9 |      0 |      0 |          0 |
|           SEQ_COUNTER                                                             |                                                 udp_gateway_shadow_mirror_rst_ps7_0_100M_0_upcnt_n |          4 |          4 |       0 |    0 |     6 |      0 |      0 |          0 |
+-----------------------------------------------------------------------------------+----------------------------------------------------------------------------------------------------+------------+------------+---------+------+-------+--------+--------+------------+
* Note: The sum of lower-level cells may be larger than their parent cells total, due to cross-hierarchy LUT combining


