Copyright 1986-2022 Xilinx, Inc. All Rights Reserved. Copyright 2022-2024 Advanced Micro Devices, Inc. All Rights Reserved.
----------------------------------------------------------------------------------------------------------------------------------------------------------------------------------------------------------------
| Tool Version : Vivado v.2024.1 (win64) Build 5076996 Wed May 22 18:37:14 MDT 2024
| Date         : Thu Apr  2 09:52:00 2026
| Host         : LAPTOP-96UDD738 running 64-bit major release  (build 9200)
| Command      : report_drc -file D:/FPGAhanjia/Hetero_SoC_2026_3/Hetero_SoC_2026/doc/reports/engineering_evidence/shadow_mirror_20260402_095104/fresh_reports/udp_gateway_shadow_mirror_wrapper_drc_routed.rpt
| Design       : udp_gateway_shadow_mirror_wrapper
| Device       : xc7z020clg400-1
| Speed File   : -1
| Design State : Fully Routed
----------------------------------------------------------------------------------------------------------------------------------------------------------------------------------------------------------------

Report DRC

Table of Contents
-----------------
1. REPORT SUMMARY
2. REPORT DETAILS

1. REPORT SUMMARY
-----------------
            Netlist: netlist
          Floorplan: checkpoint_udp_gateway_shadow_mirror_wrapper_postroute_physopt
      Design limits: <entire design considered>
           Ruledeck: default
             Max violations: <unlimited>
             Violations found: 2
+-----------+----------+-------------------+------------+
| Rule      | Severity | Description       | Violations |
+-----------+----------+-------------------+------------+
| RTSTAT-10 | Warning  | No routable loads | 1          |
| REQP-165  | Advisory | writefirst        | 1          |
+-----------+----------+-------------------+------------+

2. REPORT DETAILS
-----------------
RTSTAT-10#1 Warning
No routable loads  
34 net(s) have no routable loads. The problem bus(es) and/or net(s) are udp_gateway_shadow_mirror_i/dma_gateway_hybrid_0/inst/i_hybrid_dma/tx_data_from_crypto[31:0],
udp_gateway_shadow_mirror_i/dma_gateway_hybrid_0/inst/i_hybrid_dma/tx_last_from_crypto
udp_gateway_shadow_mirror_i/dma_gateway_hybrid_0/inst/i_hybrid_dma/tx_valid_from_crypto.
Related violations: <none>

REQP-165#1 Advisory
writefirst  
Synchronous clocking is detected for BRAM (udp_gateway_shadow_mirror_i/dma_gateway_hybrid_0/inst/gen_shadow_inject_only.u_shadow_inject/u_inj_fifo/xpm_fifo_base_inst/gen_sdpram.xpm_memory_base_inst/gen_wr_a.gen_word_narrow.mem_reg) in SDP mode with WRITE_FIRST write-mode. This is the preferred mode for best power characteristics, however it may exhibit address collisions if the same address appears on both read and write ports resulting in unknown or corrupted read data. It is suggested to confirm via simulation that an address collision never occurs and if so it is suggested to try and avoid this situation. If address collisions cannot be avoided, the write-mode may be set to READ_FIRST which guarantees that the read data is the prior contents of the memory at the cost of additional power in the design. See the FPGA Memory Resources User Guide for additional information.
Related violations: <none>


