Copyright 1986-2022 Xilinx, Inc. All Rights Reserved. Copyright 2022-2024 Advanced Micro Devices, Inc. All Rights Reserved.
-----------------------------------------------------------------------------------------------------------------------------------------------------------------------------------------------------
| Tool Version : Vivado v.2024.1 (win64) Build 5076996 Wed May 22 18:37:14 MDT 2024
| Date         : Fri Apr  3 17:04:14 2026
| Host         : LAPTOP-96UDD738 running 64-bit major release  (build 9200)
| Command      : report_utilization -hierarchical -hierarchical_depth 8 -file D:/FPGAhanjia/Hetero_SoC_2026_3/Hetero_SoC_2026/HCS_SOC/analysis_utilization_dma_gateway_hybrid_after_acl_xpm_hier.rpt
| Design       : udp_gateway_shadow_mirror_dma_gateway_hybrid_0_0
| Device       : xc7z020clg400-1
| Speed File   : -1
| Design State : Synthesized
-----------------------------------------------------------------------------------------------------------------------------------------------------------------------------------------------------

Utilization Design Information

Table of Contents
-----------------
1. Utilization by Hierarchy

1. Utilization by Hierarchy
---------------------------

+------------------------------------------------------+-------------------------------------------------------------------------------------+------------+------------+---------+------+-------+--------+--------+------------+
|                       Instance                       |                                        Module                                       | Total LUTs | Logic LUTs | LUTRAMs | SRLs |  FFs  | RAMB36 | RAMB18 | DSP Blocks |
+------------------------------------------------------+-------------------------------------------------------------------------------------+------------+------------+---------+------+-------+--------+--------+------------+
| udp_gateway_shadow_mirror_dma_gateway_hybrid_0_0     |                                                                               (top) |      11580 |      11252 |     328 |    0 | 17363 |     32 |      1 |          0 |
|   (udp_gateway_shadow_mirror_dma_gateway_hybrid_0_0) |                                                                               (top) |          0 |          0 |       0 |    0 |     0 |      0 |      0 |          0 |
|   inst                                               |   udp_gateway_shadow_mirror_dma_gateway_hybrid_0_0_dma_gateway_hybrid_board_wrapper |      11580 |      11252 |     328 |    0 | 17363 |     32 |      1 |          0 |
|     (inst)                                           |   udp_gateway_shadow_mirror_dma_gateway_hybrid_0_0_dma_gateway_hybrid_board_wrapper |        493 |        229 |     264 |    0 |   862 |      0 |      0 |          0 |
|     gen_shadow_ctrl_csr.u_shadow_ctrl_csr            |        udp_gateway_shadow_mirror_dma_gateway_hybrid_0_0_udp_gateway_shadow_ctrl_csr |        455 |        455 |       0 |    0 |   501 |      0 |      0 |          0 |
|     gen_shadow_inject_only.u_shadow_inject           |     udp_gateway_shadow_mirror_dma_gateway_hybrid_0_0_udp_gateway_shadow_inject_path |         54 |         54 |       0 |    0 |    59 |      0 |      1 |          0 |
|       (gen_shadow_inject_only.u_shadow_inject)       |     udp_gateway_shadow_mirror_dma_gateway_hybrid_0_0_udp_gateway_shadow_inject_path |         14 |         14 |       0 |    0 |    18 |      0 |      0 |          0 |
|       u_inj_fifo                                     |                      udp_gateway_shadow_mirror_dma_gateway_hybrid_0_0_xpm_fifo_sync |         40 |         40 |       0 |    0 |    41 |      0 |      1 |          0 |
|         (u_inj_fifo)                                 |                      udp_gateway_shadow_mirror_dma_gateway_hybrid_0_0_xpm_fifo_sync |          0 |          0 |       0 |    0 |     0 |      0 |      0 |          0 |
|         xpm_fifo_base_inst                           |                      udp_gateway_shadow_mirror_dma_gateway_hybrid_0_0_xpm_fifo_base |         40 |         40 |       0 |    0 |    41 |      0 |      1 |          0 |
|           (xpm_fifo_base_inst)                       |                      udp_gateway_shadow_mirror_dma_gateway_hybrid_0_0_xpm_fifo_base |          3 |          3 |       0 |    0 |    11 |      0 |      0 |          0 |
|           gen_fwft.rdpp1_inst                        |                   udp_gateway_shadow_mirror_dma_gateway_hybrid_0_0_xpm_counter_updn |          5 |          5 |       0 |    0 |     2 |      0 |      0 |          0 |
|           gen_sdpram.xpm_memory_base_inst            |                    udp_gateway_shadow_mirror_dma_gateway_hybrid_0_0_xpm_memory_base |          0 |          0 |       0 |    0 |     0 |      0 |      1 |          0 |
|           rdp_inst                                   |   udp_gateway_shadow_mirror_dma_gateway_hybrid_0_0_xpm_counter_updn__parameterized0 |         15 |         15 |       0 |    0 |     6 |      0 |      0 |          0 |
|           rdpp1_inst                                 |   udp_gateway_shadow_mirror_dma_gateway_hybrid_0_0_xpm_counter_updn__parameterized1 |          4 |          4 |       0 |    0 |     5 |      0 |      0 |          0 |
|           rst_d1_inst                                |                   udp_gateway_shadow_mirror_dma_gateway_hybrid_0_0_xpm_fifo_reg_bit |          0 |          0 |       0 |    0 |     1 |      0 |      0 |          0 |
|           wrp_inst                                   | udp_gateway_shadow_mirror_dma_gateway_hybrid_0_0_xpm_counter_updn__parameterized0_0 |         11 |         11 |       0 |    0 |     6 |      0 |      0 |          0 |
|           wrpp1_inst                                 | udp_gateway_shadow_mirror_dma_gateway_hybrid_0_0_xpm_counter_updn__parameterized1_1 |          3 |          3 |       0 |    0 |     5 |      0 |      0 |          0 |
|           xpm_fifo_rst_inst                          |                       udp_gateway_shadow_mirror_dma_gateway_hybrid_0_0_xpm_fifo_rst |          2 |          2 |       0 |    0 |     5 |      0 |      0 |          0 |
|     i_hybrid_dma                                     |               udp_gateway_shadow_mirror_dma_gateway_hybrid_0_0_crypto_dma_subsystem |       9528 |       9528 |       0 |    0 | 14915 |      4 |      0 |          0 |
|       (i_hybrid_dma)                                 |               udp_gateway_shadow_mirror_dma_gateway_hybrid_0_0_crypto_dma_subsystem |        389 |        389 |       0 |    0 |    75 |      0 |      0 |          0 |
|       u_crypto_bridge                                |                  udp_gateway_shadow_mirror_dma_gateway_hybrid_0_0_crypto_bridge_top |       7236 |       7236 |       0 |    0 | 12131 |      0 |      0 |          0 |
|         (u_crypto_bridge)                            |                  udp_gateway_shadow_mirror_dma_gateway_hybrid_0_0_crypto_bridge_top |        408 |        408 |       0 |    0 |  5393 |      0 |      0 |          0 |
|         gen_crypto_cores[0].u_aes                    |                           udp_gateway_shadow_mirror_dma_gateway_hybrid_0_0_aes_core |       3493 |       3493 |       0 |    0 |  2471 |      0 |      0 |          0 |
|           (gen_crypto_cores[0].u_aes)                |                           udp_gateway_shadow_mirror_dma_gateway_hybrid_0_0_aes_core |         81 |         81 |       0 |    0 |     4 |      0 |      0 |          0 |
|           dec_block                                  |                 udp_gateway_shadow_mirror_dma_gateway_hybrid_0_0_aes_decipher_block |        441 |        441 |       0 |    0 |   137 |      0 |      0 |          0 |
|             (dec_block)                              |                 udp_gateway_shadow_mirror_dma_gateway_hybrid_0_0_aes_decipher_block |        441 |        441 |       0 |    0 |   137 |      0 |      0 |          0 |
|             inv_sbox_inst                            |                       udp_gateway_shadow_mirror_dma_gateway_hybrid_0_0_aes_inv_sbox |          0 |          0 |       0 |    0 |     0 |      0 |      0 |          0 |
|           enc_block                                  |                 udp_gateway_shadow_mirror_dma_gateway_hybrid_0_0_aes_encipher_block |        785 |        785 |       0 |    0 |   137 |      0 |      0 |          0 |
|           keymem                                     |                        udp_gateway_shadow_mirror_dma_gateway_hybrid_0_0_aes_key_mem |       2186 |       2186 |       0 |    0 |  2193 |      0 |      0 |          0 |
|           sbox_inst                                  |                           udp_gateway_shadow_mirror_dma_gateway_hybrid_0_0_aes_sbox |          0 |          0 |       0 |    0 |     0 |      0 |      0 |          0 |
|         gen_crypto_cores[0].u_sm4                    |                            udp_gateway_shadow_mirror_dma_gateway_hybrid_0_0_sm4_top |       1393 |       1393 |       0 |    0 |  1558 |      0 |      0 |          0 |
|           u_encdec                                   |                         udp_gateway_shadow_mirror_dma_gateway_hybrid_0_0_sm4_encdec |        698 |        698 |       0 |    0 |   264 |      0 |      0 |          0 |
|             (u_encdec)                               |                         udp_gateway_shadow_mirror_dma_gateway_hybrid_0_0_sm4_encdec |        642 |        642 |       0 |    0 |   264 |      0 |      0 |          0 |
|             u_iter_0                                 |               udp_gateway_shadow_mirror_dma_gateway_hybrid_0_0_one_round_for_encdec |         24 |         24 |       0 |    0 |     0 |      0 |      0 |          0 |
|               u_transform                            |            udp_gateway_shadow_mirror_dma_gateway_hybrid_0_0_transform_for_encdec_10 |         24 |         24 |       0 |    0 |     0 |      0 |      0 |          0 |
|                 u_0                                  |                    udp_gateway_shadow_mirror_dma_gateway_hybrid_0_0_sbox_replace_11 |          6 |          6 |       0 |    0 |     0 |      0 |      0 |          0 |
|                 u_1                                  |                    udp_gateway_shadow_mirror_dma_gateway_hybrid_0_0_sbox_replace_12 |          6 |          6 |       0 |    0 |     0 |      0 |      0 |          0 |
|                 u_2                                  |                    udp_gateway_shadow_mirror_dma_gateway_hybrid_0_0_sbox_replace_13 |          6 |          6 |       0 |    0 |     0 |      0 |      0 |          0 |
|                 u_3                                  |                    udp_gateway_shadow_mirror_dma_gateway_hybrid_0_0_sbox_replace_14 |          6 |          6 |       0 |    0 |     0 |      0 |      0 |          0 |
|             u_iter_1                                 |             udp_gateway_shadow_mirror_dma_gateway_hybrid_0_0_one_round_for_encdec_5 |         32 |         32 |       0 |    0 |     0 |      0 |      0 |          0 |
|               u_transform                            |               udp_gateway_shadow_mirror_dma_gateway_hybrid_0_0_transform_for_encdec |         32 |         32 |       0 |    0 |     0 |      0 |      0 |          0 |
|                 u_0                                  |                     udp_gateway_shadow_mirror_dma_gateway_hybrid_0_0_sbox_replace_6 |          8 |          8 |       0 |    0 |     0 |      0 |      0 |          0 |
|                 u_1                                  |                     udp_gateway_shadow_mirror_dma_gateway_hybrid_0_0_sbox_replace_7 |          8 |          8 |       0 |    0 |     0 |      0 |      0 |          0 |
|                 u_2                                  |                     udp_gateway_shadow_mirror_dma_gateway_hybrid_0_0_sbox_replace_8 |          8 |          8 |       0 |    0 |     0 |      0 |      0 |          0 |
|                 u_3                                  |                     udp_gateway_shadow_mirror_dma_gateway_hybrid_0_0_sbox_replace_9 |          8 |          8 |       0 |    0 |     0 |      0 |      0 |          0 |
|           u_key                                      |                      udp_gateway_shadow_mirror_dma_gateway_hybrid_0_0_key_expansion |        695 |        695 |       0 |    0 |  1294 |      0 |      0 |          0 |
|             (u_key)                                  |                      udp_gateway_shadow_mirror_dma_gateway_hybrid_0_0_key_expansion |        694 |        694 |       0 |    0 |  1294 |      0 |      0 |          0 |
|             u_get_cki                                |                            udp_gateway_shadow_mirror_dma_gateway_hybrid_0_0_get_cki |          1 |          1 |       0 |    0 |     0 |      0 |      0 |          0 |
|             u_one_round                              |              udp_gateway_shadow_mirror_dma_gateway_hybrid_0_0_one_round_for_key_exp |          0 |          0 |       0 |    0 |     0 |      0 |      0 |          0 |
|               u_transform_key                        |              udp_gateway_shadow_mirror_dma_gateway_hybrid_0_0_transform_for_key_exp |          0 |          0 |       0 |    0 |     0 |      0 |      0 |          0 |
|                 u_0                                  |                       udp_gateway_shadow_mirror_dma_gateway_hybrid_0_0_sbox_replace |          0 |          0 |       0 |    0 |     0 |      0 |      0 |          0 |
|                 u_1                                  |                     udp_gateway_shadow_mirror_dma_gateway_hybrid_0_0_sbox_replace_2 |          0 |          0 |       0 |    0 |     0 |      0 |      0 |          0 |
|                 u_2                                  |                     udp_gateway_shadow_mirror_dma_gateway_hybrid_0_0_sbox_replace_3 |          0 |          0 |       0 |    0 |     0 |      0 |      0 |          0 |
|                 u_3                                  |                     udp_gateway_shadow_mirror_dma_gateway_hybrid_0_0_sbox_replace_4 |          0 |          0 |       0 |    0 |     0 |      0 |      0 |          0 |
|         u_gearbox                                    |                  udp_gateway_shadow_mirror_dma_gateway_hybrid_0_0_gearbox_128_to_32 |         35 |         35 |       0 |    0 |    99 |      0 |      0 |          0 |
|         u_mid_fifo                                   |                          udp_gateway_shadow_mirror_dma_gateway_hybrid_0_0_sync_fifo |       1742 |       1742 |       0 |    0 |  2069 |      0 |      0 |          0 |
|         u_out_fifo                                   |          udp_gateway_shadow_mirror_dma_gateway_hybrid_0_0_sync_fifo__parameterized0 |        165 |        165 |       0 |    0 |   541 |      0 |      0 |          0 |
|       u_csr                                          |                           udp_gateway_shadow_mirror_dma_gateway_hybrid_0_0_axil_csr |        653 |        653 |       0 |    0 |  1011 |      0 |      0 |          0 |
|       u_dma_crypto_source_reader                     |           udp_gateway_shadow_mirror_dma_gateway_hybrid_0_0_dma_crypto_source_reader |        654 |        654 |       0 |    0 |  1248 |      0 |      0 |          0 |
|         (u_dma_crypto_source_reader)                 |           udp_gateway_shadow_mirror_dma_gateway_hybrid_0_0_dma_crypto_source_reader |         63 |         63 |       0 |    0 |   205 |      0 |      0 |          0 |
|         u_axis_fifo                                  |              udp_gateway_shadow_mirror_dma_gateway_hybrid_0_0_dma_axis_fifo_wrapper |        591 |        591 |       0 |    0 |  1043 |      0 |      0 |          0 |
|           u_fifo                                     |              udp_gateway_shadow_mirror_dma_gateway_hybrid_0_0_axis_packet_fifo_bram |        591 |        591 |       0 |    0 |  1043 |      0 |      0 |          0 |
|       u_dma_engine                                   |                  udp_gateway_shadow_mirror_dma_gateway_hybrid_0_0_dma_master_engine |        267 |        267 |       0 |    0 |   123 |      0 |      0 |          0 |
|       u_fetcher                                      |                   udp_gateway_shadow_mirror_dma_gateway_hybrid_0_0_dma_desc_fetcher |        193 |        193 |       0 |    0 |   184 |      0 |      0 |          0 |
|       u_pbm                                          |                     udp_gateway_shadow_mirror_dma_gateway_hybrid_0_0_pbm_controller |         53 |         53 |       0 |    0 |    72 |      4 |      0 |          0 |
|         (u_pbm)                                      |                     udp_gateway_shadow_mirror_dma_gateway_hybrid_0_0_pbm_controller |         52 |         52 |       0 |    0 |    72 |      0 |      0 |          0 |
|         u_pbm_mem                                    |                  udp_gateway_shadow_mirror_dma_gateway_hybrid_0_0_xpm_memory_sdpram |          1 |          1 |       0 |    0 |     0 |      4 |      0 |          0 |
|           (u_pbm_mem)                                |                  udp_gateway_shadow_mirror_dma_gateway_hybrid_0_0_xpm_memory_sdpram |          0 |          0 |       0 |    0 |     0 |      0 |      0 |          0 |
|           xpm_memory_base_inst                       |    udp_gateway_shadow_mirror_dma_gateway_hybrid_0_0_xpm_memory_base__parameterized1 |          1 |          1 |       0 |    0 |     0 |      4 |      0 |          0 |
|       u_s2mm_mm2s                                    |               udp_gateway_shadow_mirror_dma_gateway_hybrid_0_0_dma_s2mm_mm2s_engine |         83 |         83 |       0 |    0 |    71 |      0 |      0 |          0 |
|     u_classifier                                     |         udp_gateway_shadow_mirror_dma_gateway_hybrid_0_0_udp_dma_ingress_classifier |        248 |        248 |       0 |    0 |   118 |      0 |      0 |          0 |
|     u_device_dna_reader                              |                  udp_gateway_shadow_mirror_dma_gateway_hybrid_0_0_device_dna_reader |         70 |         70 |       0 |    0 |   133 |      0 |      0 |          0 |
|     u_shadow_acl_filter                              |                  udp_gateway_shadow_mirror_dma_gateway_hybrid_0_0_acl_packet_filter |        732 |        668 |      64 |    0 |   775 |     28 |      0 |          0 |
|       (u_shadow_acl_filter)                          |                  udp_gateway_shadow_mirror_dma_gateway_hybrid_0_0_acl_packet_filter |        352 |        352 |       0 |    0 |   343 |      0 |      0 |          0 |
|       u_acl                                          |                   udp_gateway_shadow_mirror_dma_gateway_hybrid_0_0_acl_match_engine |        380 |        316 |      64 |    0 |   432 |     28 |      0 |          0 |
|         (u_acl)                                      |                   udp_gateway_shadow_mirror_dma_gateway_hybrid_0_0_acl_match_engine |        374 |        310 |      64 |    0 |   432 |     24 |      0 |          0 |
|         u_gen_way0_mem                               |               udp_gateway_shadow_mirror_dma_gateway_hybrid_0_0_xpm_memory_tdpram__1 |          3 |          3 |       0 |    0 |     0 |      2 |      0 |          0 |
|           (u_gen_way0_mem)                           |               udp_gateway_shadow_mirror_dma_gateway_hybrid_0_0_xpm_memory_tdpram__1 |          0 |          0 |       0 |    0 |     0 |      0 |      0 |          0 |
|           xpm_memory_base_inst                       | udp_gateway_shadow_mirror_dma_gateway_hybrid_0_0_xpm_memory_base__parameterized0__1 |          3 |          3 |       0 |    0 |     0 |      2 |      0 |          0 |
|         u_gen_way1_mem                               |                  udp_gateway_shadow_mirror_dma_gateway_hybrid_0_0_xpm_memory_tdpram |          3 |          3 |       0 |    0 |     0 |      2 |      0 |          0 |
|           (u_gen_way1_mem)                           |                  udp_gateway_shadow_mirror_dma_gateway_hybrid_0_0_xpm_memory_tdpram |          0 |          0 |       0 |    0 |     0 |      0 |      0 |          0 |
|           xpm_memory_base_inst                       |    udp_gateway_shadow_mirror_dma_gateway_hybrid_0_0_xpm_memory_base__parameterized0 |          3 |          3 |       0 |    0 |     0 |      2 |      0 |          0 |
+------------------------------------------------------+-------------------------------------------------------------------------------------+------------+------------+---------+------+-------+--------+--------+------------+


