Copyright 1986-2022 Xilinx, Inc. All Rights Reserved. Copyright 2022-2024 Advanced Micro Devices, Inc. All Rights Reserved.
------------------------------------------------------------------------------------------------------------------------------------------------------------------------------------------
| Tool Version : Vivado v.2024.1 (win64) Build 5076996 Wed May 22 18:37:14 MDT 2024
| Date         : Fri Apr  3 16:43:44 2026
| Host         : LAPTOP-96UDD738 running 64-bit major release  (build 9200)
| Command      : report_utilization -hierarchical -hierarchical_depth 8 -file D:/FPGAhanjia/Hetero_SoC_2026_3/Hetero_SoC_2026/HCS_SOC/analysis_utilization_hier_after_bram_attr_synth.rpt
| Design       : udp_gateway_shadow_mirror_wrapper
| Device       : xc7z020clg400-1
| Speed File   : -1
| Design State : Synthesized
------------------------------------------------------------------------------------------------------------------------------------------------------------------------------------------

Utilization Design Information

Table of Contents
-----------------
1. Utilization by Hierarchy

1. Utilization by Hierarchy
---------------------------

+----------------------------------------------------------------------+------------------------------------------------------------------------------------------------------+------------+------------+---------+------+-------+--------+--------+------------+
|                               Instance                               |                                                Module                                                | Total LUTs | Logic LUTs | LUTRAMs | SRLs |  FFs  | RAMB36 | RAMB18 | DSP Blocks |
+----------------------------------------------------------------------+------------------------------------------------------------------------------------------------------+------------+------------+---------+------+-------+--------+--------+------------+
| udp_gateway_shadow_mirror_wrapper                                    |                                                                                                (top) |      32674 |      22424 |   10080 |  170 | 32648 |     24 |      1 |          0 |
|   udp_gateway_shadow_mirror_i                                        |                                                                            udp_gateway_shadow_mirror |      32674 |      22424 |   10080 |  170 | 32648 |     24 |      1 |          0 |
|     (udp_gateway_shadow_mirror_i)                                    |                                                                            udp_gateway_shadow_mirror |          0 |          0 |       0 |    0 |     0 |      0 |      0 |          0 |
|     axi_mem_intercon                                                 |                                                         udp_gateway_shadow_mirror_axi_mem_intercon_0 |       1302 |       1198 |       0 |  104 |  1507 |      0 |      0 |          0 |
|       (axi_mem_intercon)                                             |                                                         udp_gateway_shadow_mirror_axi_mem_intercon_0 |          0 |          0 |       0 |    0 |     0 |      0 |      0 |          0 |
|       s00_couplers                                                   |                                                                              s00_couplers_imp_LYRQ88 |        223 |        198 |       0 |   25 |   255 |      0 |      0 |          0 |
|         (s00_couplers)                                               |                                                                              s00_couplers_imp_LYRQ88 |          0 |          0 |       0 |    0 |     0 |      0 |      0 |          0 |
|         auto_us                                                      |                                                                  udp_gateway_shadow_mirror_auto_us_0 |        223 |        198 |       0 |   25 |   255 |      0 |      0 |          0 |
|           (auto_us)                                                  |                                                                  udp_gateway_shadow_mirror_auto_us_0 |          0 |          0 |       0 |    0 |     0 |      0 |      0 |          0 |
|           inst                                                       |                                 udp_gateway_shadow_mirror_auto_us_0_axi_dwidth_converter_v2_1_31_top |        223 |        198 |       0 |   25 |   255 |      0 |      0 |          0 |
|             (inst)                                                   |                                 udp_gateway_shadow_mirror_auto_us_0_axi_dwidth_converter_v2_1_31_top |          0 |          0 |       0 |    0 |     0 |      0 |      0 |          0 |
|             gen_upsizer.gen_full_upsizer.axi_upsizer_inst            |                         udp_gateway_shadow_mirror_auto_us_0_axi_dwidth_converter_v2_1_31_axi_upsizer |        223 |        198 |       0 |   25 |   255 |      0 |      0 |          0 |
|               USE_WRITE.gen_non_fifo_w_upsizer.write_data_inst       |                           udp_gateway_shadow_mirror_auto_us_0_axi_dwidth_converter_v2_1_31_w_upsizer |        101 |        101 |       0 |    0 |   163 |      0 |      0 |          0 |
|               USE_WRITE.write_addr_inst                              |                           udp_gateway_shadow_mirror_auto_us_0_axi_dwidth_converter_v2_1_31_a_upsizer |         73 |         48 |       0 |   25 |    34 |      0 |      0 |          0 |
|                 (USE_WRITE.write_addr_inst)                          |                           udp_gateway_shadow_mirror_auto_us_0_axi_dwidth_converter_v2_1_31_a_upsizer |          0 |          0 |       0 |    0 |     1 |      0 |      0 |          0 |
|                 GEN_CMD_QUEUE.cmd_queue                              |                           udp_gateway_shadow_mirror_auto_us_0_generic_baseblocks_v2_1_2_command_fifo |         73 |         48 |       0 |   25 |    33 |      0 |      0 |          0 |
|               si_register_slice_inst                                 |                    udp_gateway_shadow_mirror_auto_us_0_axi_register_slice_v2_1_31_axi_register_slice |         49 |         49 |       0 |    0 |    58 |      0 |      0 |          0 |
|                 aw.aw_pipe                                           |                   udp_gateway_shadow_mirror_auto_us_0_axi_register_slice_v2_1_31_axic_register_slice |         49 |         49 |       0 |    0 |    58 |      0 |      0 |          0 |
|       s01_couplers                                                   |                                                                              s01_couplers_imp_ZPLLC0 |        192 |        168 |       0 |   24 |   311 |      0 |      0 |          0 |
|         (s01_couplers)                                               |                                                                              s01_couplers_imp_ZPLLC0 |          0 |          0 |       0 |    0 |     0 |      0 |      0 |          0 |
|         auto_us                                                      |                                                                  udp_gateway_shadow_mirror_auto_us_1 |        192 |        168 |       0 |   24 |   311 |      0 |      0 |          0 |
|           (auto_us)                                                  |                                                                  udp_gateway_shadow_mirror_auto_us_1 |          0 |          0 |       0 |    0 |     0 |      0 |      0 |          0 |
|           inst                                                       |                                 udp_gateway_shadow_mirror_auto_us_1_axi_dwidth_converter_v2_1_31_top |        192 |        168 |       0 |   24 |   311 |      0 |      0 |          0 |
|             (inst)                                                   |                                 udp_gateway_shadow_mirror_auto_us_1_axi_dwidth_converter_v2_1_31_top |          0 |          0 |       0 |    0 |     0 |      0 |      0 |          0 |
|             gen_upsizer.gen_full_upsizer.axi_upsizer_inst            |                         udp_gateway_shadow_mirror_auto_us_1_axi_dwidth_converter_v2_1_31_axi_upsizer |        192 |        168 |       0 |   24 |   311 |      0 |      0 |          0 |
|               USE_READ.gen_non_fifo_r_upsizer.mi_register_slice_inst |                    udp_gateway_shadow_mirror_auto_us_1_axi_register_slice_v2_1_31_axi_register_slice |         36 |         36 |       0 |    0 |   136 |      0 |      0 |          0 |
|                 r.r_pipe                                             |   udp_gateway_shadow_mirror_auto_us_1_axi_register_slice_v2_1_31_axic_register_slice__parameterized2 |         36 |         36 |       0 |    0 |   136 |      0 |      0 |          0 |
|               USE_READ.gen_non_fifo_r_upsizer.read_data_inst         |                           udp_gateway_shadow_mirror_auto_us_1_axi_dwidth_converter_v2_1_31_r_upsizer |         51 |         51 |       0 |    0 |    84 |      0 |      0 |          0 |
|               USE_READ.read_addr_inst                                |                           udp_gateway_shadow_mirror_auto_us_1_axi_dwidth_converter_v2_1_31_a_upsizer |         56 |         32 |       0 |   24 |    33 |      0 |      0 |          0 |
|                 (USE_READ.read_addr_inst)                            |                           udp_gateway_shadow_mirror_auto_us_1_axi_dwidth_converter_v2_1_31_a_upsizer |          0 |          0 |       0 |    0 |     1 |      0 |      0 |          0 |
|                 GEN_CMD_QUEUE.cmd_queue                              |                           udp_gateway_shadow_mirror_auto_us_1_generic_baseblocks_v2_1_2_command_fifo |         56 |         32 |       0 |   24 |    32 |      0 |      0 |          0 |
|               si_register_slice_inst                                 |    udp_gateway_shadow_mirror_auto_us_1_axi_register_slice_v2_1_31_axi_register_slice__parameterized0 |         49 |         49 |       0 |    0 |    58 |      0 |      0 |          0 |
|                 ar.ar_pipe                                           |   udp_gateway_shadow_mirror_auto_us_1_axi_register_slice_v2_1_31_axic_register_slice__parameterized5 |         49 |         49 |       0 |    0 |    58 |      0 |      0 |          0 |
|       s02_couplers                                                   |                                                                              s02_couplers_imp_35X8IH |        414 |        365 |       0 |   49 |   564 |      0 |      0 |          0 |
|         (s02_couplers)                                               |                                                                              s02_couplers_imp_35X8IH |          0 |          0 |       0 |    0 |     0 |      0 |      0 |          0 |
|         auto_us                                                      |                                                                  udp_gateway_shadow_mirror_auto_us_2 |        414 |        365 |       0 |   49 |   564 |      0 |      0 |          0 |
|           (auto_us)                                                  |                                                                  udp_gateway_shadow_mirror_auto_us_2 |          0 |          0 |       0 |    0 |     0 |      0 |      0 |          0 |
|           inst                                                       |                                 udp_gateway_shadow_mirror_auto_us_2_axi_dwidth_converter_v2_1_31_top |        414 |        365 |       0 |   49 |   564 |      0 |      0 |          0 |
|             (inst)                                                   |                                 udp_gateway_shadow_mirror_auto_us_2_axi_dwidth_converter_v2_1_31_top |          0 |          0 |       0 |    0 |     0 |      0 |      0 |          0 |
|             gen_upsizer.gen_full_upsizer.axi_upsizer_inst            |                         udp_gateway_shadow_mirror_auto_us_2_axi_dwidth_converter_v2_1_31_axi_upsizer |        414 |        365 |       0 |   49 |   564 |      0 |      0 |          0 |
|               USE_READ.gen_non_fifo_r_upsizer.mi_register_slice_inst |                    udp_gateway_shadow_mirror_auto_us_2_axi_register_slice_v2_1_31_axi_register_slice |         38 |         38 |       0 |    0 |   136 |      0 |      0 |          0 |
|                 r.r_pipe                                             |   udp_gateway_shadow_mirror_auto_us_2_axi_register_slice_v2_1_31_axic_register_slice__parameterized2 |         38 |         38 |       0 |    0 |   136 |      0 |      0 |          0 |
|               USE_READ.gen_non_fifo_r_upsizer.read_data_inst         |                           udp_gateway_shadow_mirror_auto_us_2_axi_dwidth_converter_v2_1_31_r_upsizer |         53 |         53 |       0 |    0 |    84 |      0 |      0 |          0 |
|               USE_READ.read_addr_inst                                |           udp_gateway_shadow_mirror_auto_us_2_axi_dwidth_converter_v2_1_31_a_upsizer__parameterized0 |         57 |         33 |       0 |   24 |    33 |      0 |      0 |          0 |
|                 (USE_READ.read_addr_inst)                            |           udp_gateway_shadow_mirror_auto_us_2_axi_dwidth_converter_v2_1_31_a_upsizer__parameterized0 |          0 |          0 |       0 |    0 |     1 |      0 |      0 |          0 |
|                 GEN_CMD_QUEUE.cmd_queue                              |                         udp_gateway_shadow_mirror_auto_us_2_generic_baseblocks_v2_1_2_command_fifo_1 |         57 |         33 |       0 |   24 |    32 |      0 |      0 |          0 |
|               USE_WRITE.gen_non_fifo_w_upsizer.write_data_inst       |                           udp_gateway_shadow_mirror_auto_us_2_axi_dwidth_converter_v2_1_31_w_upsizer |        101 |        101 |       0 |    0 |   163 |      0 |      0 |          0 |
|               USE_WRITE.write_addr_inst                              |                           udp_gateway_shadow_mirror_auto_us_2_axi_dwidth_converter_v2_1_31_a_upsizer |         73 |         48 |       0 |   25 |    34 |      0 |      0 |          0 |
|                 (USE_WRITE.write_addr_inst)                          |                           udp_gateway_shadow_mirror_auto_us_2_axi_dwidth_converter_v2_1_31_a_upsizer |          0 |          0 |       0 |    0 |     1 |      0 |      0 |          0 |
|                 GEN_CMD_QUEUE.cmd_queue                              |                           udp_gateway_shadow_mirror_auto_us_2_generic_baseblocks_v2_1_2_command_fifo |         73 |         48 |       0 |   25 |    33 |      0 |      0 |          0 |
|               si_register_slice_inst                                 |    udp_gateway_shadow_mirror_auto_us_2_axi_register_slice_v2_1_31_axi_register_slice__parameterized0 |         92 |         92 |       0 |    0 |   114 |      0 |      0 |          0 |
|                 ar.ar_pipe                                           |   udp_gateway_shadow_mirror_auto_us_2_axi_register_slice_v2_1_31_axic_register_slice__parameterized3 |         43 |         43 |       0 |    0 |    56 |      0 |      0 |          0 |
|                 aw.aw_pipe                                           | udp_gateway_shadow_mirror_auto_us_2_axi_register_slice_v2_1_31_axic_register_slice__parameterized3_0 |         49 |         49 |       0 |    0 |    58 |      0 |      0 |          0 |
|       xbar                                                           |                                                                     udp_gateway_shadow_mirror_xbar_1 |        473 |        467 |       0 |    6 |   377 |      0 |      0 |          0 |
|         (xbar)                                                       |                                                                     udp_gateway_shadow_mirror_xbar_1 |          0 |          0 |       0 |    0 |     0 |      0 |      0 |          0 |
|         inst                                                         |                                   udp_gateway_shadow_mirror_xbar_1_axi_crossbar_v2_1_32_axi_crossbar |        473 |        467 |       0 |    6 |   377 |      0 |      0 |          0 |
|           (inst)                                                     |                                   udp_gateway_shadow_mirror_xbar_1_axi_crossbar_v2_1_32_axi_crossbar |          0 |          0 |       0 |    0 |     0 |      0 |      0 |          0 |
|           gen_samd.crossbar_samd                                     |                                       udp_gateway_shadow_mirror_xbar_1_axi_crossbar_v2_1_32_crossbar |        473 |        467 |       0 |    6 |   377 |      0 |      0 |          0 |
|             (gen_samd.crossbar_samd)                                 |                                       udp_gateway_shadow_mirror_xbar_1_axi_crossbar_v2_1_32_crossbar |          2 |          2 |       0 |    0 |    11 |      0 |      0 |          0 |
|             addr_arbiter_ar                                          |                                   udp_gateway_shadow_mirror_xbar_1_axi_crossbar_v2_1_32_addr_arbiter |         79 |         79 |       0 |    0 |    68 |      0 |      0 |          0 |
|             addr_arbiter_aw                                          |                                 udp_gateway_shadow_mirror_xbar_1_axi_crossbar_v2_1_32_addr_arbiter_0 |         52 |         52 |       0 |    0 |    67 |      0 |      0 |          0 |
|             gen_decerr_slave.decerr_slave_inst                       |                                   udp_gateway_shadow_mirror_xbar_1_axi_crossbar_v2_1_32_decerr_slave |         21 |         21 |       0 |    0 |    20 |      0 |      0 |          0 |
|             gen_master_slots[0].gen_mi_write.wdata_mux_w             |                                      udp_gateway_shadow_mirror_xbar_1_axi_crossbar_v2_1_32_wdata_mux |         95 |         93 |       0 |    2 |     9 |      0 |      0 |          0 |
|               gen_wmux.wmux_aw_fifo                                  |             udp_gateway_shadow_mirror_xbar_1_axi_data_fifo_v2_1_30_axic_reg_srl_fifo__parameterized0 |         95 |         93 |       0 |    2 |     9 |      0 |      0 |          0 |
|                 (gen_wmux.wmux_aw_fifo)                              |             udp_gateway_shadow_mirror_xbar_1_axi_data_fifo_v2_1_30_axic_reg_srl_fifo__parameterized0 |         87 |         87 |       0 |    0 |     9 |      0 |      0 |          0 |
|                 gen_srls[0].gen_rep[0].srl_nx1                       |                     udp_gateway_shadow_mirror_xbar_1_axi_data_fifo_v2_1_30_ndeep_srl__parameterized0 |          2 |          1 |       0 |    1 |     0 |      0 |      0 |          0 |
|                 gen_srls[0].gen_rep[1].srl_nx1                       |                  udp_gateway_shadow_mirror_xbar_1_axi_data_fifo_v2_1_30_ndeep_srl__parameterized0_13 |          6 |          5 |       0 |    1 |     0 |      0 |      0 |          0 |
|             gen_master_slots[0].reg_slice_mi                         |                       udp_gateway_shadow_mirror_xbar_1_axi_register_slice_v2_1_31_axi_register_slice |         93 |         93 |       0 |    0 |   148 |      0 |      0 |          0 |
|               b.b_pipe                                               |   udp_gateway_shadow_mirror_xbar_1_axi_register_slice_v2_1_31_axic_register_slice__parameterized1_11 |         14 |         14 |       0 |    0 |     8 |      0 |      0 |          0 |
|               r.r_pipe                                               |   udp_gateway_shadow_mirror_xbar_1_axi_register_slice_v2_1_31_axic_register_slice__parameterized2_12 |         79 |         79 |       0 |    0 |   140 |      0 |      0 |          0 |
|             gen_master_slots[1].gen_mi_write.wdata_mux_w             |                      udp_gateway_shadow_mirror_xbar_1_axi_crossbar_v2_1_32_wdata_mux__parameterized0 |         19 |         17 |       0 |    2 |     8 |      0 |      0 |          0 |
|               gen_wmux.wmux_aw_fifo                                  |             udp_gateway_shadow_mirror_xbar_1_axi_data_fifo_v2_1_30_axic_reg_srl_fifo__parameterized1 |         19 |         17 |       0 |    2 |     8 |      0 |      0 |          0 |
|                 (gen_wmux.wmux_aw_fifo)                              |             udp_gateway_shadow_mirror_xbar_1_axi_data_fifo_v2_1_30_axic_reg_srl_fifo__parameterized1 |         11 |         11 |       0 |    0 |     8 |      0 |      0 |          0 |
|                 gen_srls[0].gen_rep[0].srl_nx1                       |                                   udp_gateway_shadow_mirror_xbar_1_axi_data_fifo_v2_1_30_ndeep_srl_9 |          2 |          1 |       0 |    1 |     0 |      0 |      0 |          0 |
|                 gen_srls[0].gen_rep[1].srl_nx1                       |                                  udp_gateway_shadow_mirror_xbar_1_axi_data_fifo_v2_1_30_ndeep_srl_10 |          6 |          5 |       0 |    1 |     0 |      0 |      0 |          0 |
|             gen_master_slots[1].reg_slice_mi                         |                     udp_gateway_shadow_mirror_xbar_1_axi_register_slice_v2_1_31_axi_register_slice_1 |         31 |         31 |       0 |    0 |    11 |      0 |      0 |          0 |
|               b.b_pipe                                               |      udp_gateway_shadow_mirror_xbar_1_axi_register_slice_v2_1_31_axic_register_slice__parameterized1 |         11 |         11 |       0 |    0 |     3 |      0 |      0 |          0 |
|               r.r_pipe                                               |      udp_gateway_shadow_mirror_xbar_1_axi_register_slice_v2_1_31_axic_register_slice__parameterized2 |         20 |         20 |       0 |    0 |     8 |      0 |      0 |          0 |
|             gen_slave_slots[0].gen_si_write.si_transactor_aw         |                                  udp_gateway_shadow_mirror_xbar_1_axi_crossbar_v2_1_32_si_transactor |          0 |          0 |       0 |    0 |     3 |      0 |      0 |          0 |
|             gen_slave_slots[0].gen_si_write.splitter_aw_si           |                                       udp_gateway_shadow_mirror_xbar_1_axi_crossbar_v2_1_32_splitter |          6 |          6 |       0 |    0 |     2 |      0 |      0 |          0 |
|             gen_slave_slots[0].gen_si_write.wdata_router_w           |                                   udp_gateway_shadow_mirror_xbar_1_axi_crossbar_v2_1_32_wdata_router |         15 |         14 |       0 |    1 |     8 |      0 |      0 |          0 |
|               wrouter_aw_fifo                                        |                           udp_gateway_shadow_mirror_xbar_1_axi_data_fifo_v2_1_30_axic_reg_srl_fifo_7 |         15 |         14 |       0 |    1 |     8 |      0 |      0 |          0 |
|                 (wrouter_aw_fifo)                                    |                           udp_gateway_shadow_mirror_xbar_1_axi_data_fifo_v2_1_30_axic_reg_srl_fifo_7 |         10 |         10 |       0 |    0 |     8 |      0 |      0 |          0 |
|                 gen_srls[0].gen_rep[0].srl_nx1                       |                                   udp_gateway_shadow_mirror_xbar_1_axi_data_fifo_v2_1_30_ndeep_srl_8 |          5 |          4 |       0 |    1 |     0 |      0 |      0 |          0 |
|             gen_slave_slots[1].gen_si_read.si_transactor_ar          |                  udp_gateway_shadow_mirror_xbar_1_axi_crossbar_v2_1_32_si_transactor__parameterized0 |         18 |         18 |       0 |    0 |     3 |      0 |      0 |          0 |
|             gen_slave_slots[2].gen_si_read.si_transactor_ar          |                udp_gateway_shadow_mirror_xbar_1_axi_crossbar_v2_1_32_si_transactor__parameterized0_2 |         18 |         18 |       0 |    0 |     3 |      0 |      0 |          0 |
|             gen_slave_slots[2].gen_si_write.si_transactor_aw         |                                udp_gateway_shadow_mirror_xbar_1_axi_crossbar_v2_1_32_si_transactor_3 |          1 |          1 |       0 |    0 |     3 |      0 |      0 |          0 |
|             gen_slave_slots[2].gen_si_write.splitter_aw_si           |                                     udp_gateway_shadow_mirror_xbar_1_axi_crossbar_v2_1_32_splitter_4 |          6 |          6 |       0 |    0 |     2 |      0 |      0 |          0 |
|             gen_slave_slots[2].gen_si_write.wdata_router_w           |                                 udp_gateway_shadow_mirror_xbar_1_axi_crossbar_v2_1_32_wdata_router_5 |         15 |         14 |       0 |    1 |     9 |      0 |      0 |          0 |
|               wrouter_aw_fifo                                        |                             udp_gateway_shadow_mirror_xbar_1_axi_data_fifo_v2_1_30_axic_reg_srl_fifo |         15 |         14 |       0 |    1 |     9 |      0 |      0 |          0 |
|                 (wrouter_aw_fifo)                                    |                             udp_gateway_shadow_mirror_xbar_1_axi_data_fifo_v2_1_30_axic_reg_srl_fifo |         10 |         10 |       0 |    0 |     9 |      0 |      0 |          0 |
|                 gen_srls[0].gen_rep[0].srl_nx1                       |                                     udp_gateway_shadow_mirror_xbar_1_axi_data_fifo_v2_1_30_ndeep_srl |          5 |          4 |       0 |    1 |     0 |      0 |      0 |          0 |
|             splitter_aw_mi                                           |                                     udp_gateway_shadow_mirror_xbar_1_axi_crossbar_v2_1_32_splitter_6 |          2 |          2 |       0 |    0 |     2 |      0 |      0 |          0 |
|     crypto_accel_axi_0                                               |                                                       udp_gateway_shadow_mirror_crypto_accel_axi_0_0 |       7416 |       7392 |      24 |    0 | 12576 |      0 |      0 |          0 |
|       (crypto_accel_axi_0)                                           |                                                       udp_gateway_shadow_mirror_crypto_accel_axi_0_0 |          0 |          0 |       0 |    0 |     0 |      0 |      0 |          0 |
|       inst                                                           |                          udp_gateway_shadow_mirror_crypto_accel_axi_0_0_crypto_accel_axi_design1_ref |       7416 |       7392 |      24 |    0 | 12576 |      0 |      0 |          0 |
|         u_design1_crypto_accel_axi                                   |                                      udp_gateway_shadow_mirror_crypto_accel_axi_0_0_crypto_accel_axi |       7416 |       7392 |      24 |    0 | 12576 |      0 |      0 |          0 |
|           (u_design1_crypto_accel_axi)                               |                                      udp_gateway_shadow_mirror_crypto_accel_axi_0_0_crypto_accel_axi |          4 |          4 |       0 |    0 |     0 |      0 |      0 |          0 |
|           crypto_accel_axi_slave_lite_v1_0_S00_AXI_inst              |              udp_gateway_shadow_mirror_crypto_accel_axi_0_0_crypto_accel_axi_slave_lite_v1_0_S00_AXI |       7412 |       7388 |      24 |    0 | 12576 |      0 |      0 |          0 |
|             (crypto_accel_axi_slave_lite_v1_0_S00_AXI_inst)          |              udp_gateway_shadow_mirror_crypto_accel_axi_0_0_crypto_accel_axi_slave_lite_v1_0_S00_AXI |        194 |        170 |      24 |    0 |   586 |      0 |      0 |          0 |
|             u_crypto_bridge_top                                      |                                     udp_gateway_shadow_mirror_crypto_accel_axi_0_0_crypto_bridge_top |       7218 |       7218 |       0 |    0 | 11990 |      0 |      0 |          0 |
|               (u_crypto_bridge_top)                                  |                                     udp_gateway_shadow_mirror_crypto_accel_axi_0_0_crypto_bridge_top |        418 |        418 |       0 |    0 |  5265 |      0 |      0 |          0 |
|               gen_crypto_cores[0].u_aes                              |                                              udp_gateway_shadow_mirror_crypto_accel_axi_0_0_aes_core |       3474 |       3474 |       0 |    0 |  2471 |      0 |      0 |          0 |
|                 (gen_crypto_cores[0].u_aes)                          |                                              udp_gateway_shadow_mirror_crypto_accel_axi_0_0_aes_core |         73 |         73 |       0 |    0 |     4 |      0 |      0 |          0 |
|                 dec_block                                            |                                    udp_gateway_shadow_mirror_crypto_accel_axi_0_0_aes_decipher_block |        441 |        441 |       0 |    0 |   137 |      0 |      0 |          0 |
|                 enc_block                                            |                                    udp_gateway_shadow_mirror_crypto_accel_axi_0_0_aes_encipher_block |        769 |        769 |       0 |    0 |   137 |      0 |      0 |          0 |
|                 keymem                                               |                                           udp_gateway_shadow_mirror_crypto_accel_axi_0_0_aes_key_mem |       2191 |       2191 |       0 |    0 |  2193 |      0 |      0 |          0 |
|                 sbox_inst                                            |                                              udp_gateway_shadow_mirror_crypto_accel_axi_0_0_aes_sbox |          0 |          0 |       0 |    0 |     0 |      0 |      0 |          0 |
|               gen_crypto_cores[0].u_sm4                              |                                               udp_gateway_shadow_mirror_crypto_accel_axi_0_0_sm4_top |       1353 |       1353 |       0 |    0 |  1558 |      0 |      0 |          0 |
|                 u_encdec                                             |                                            udp_gateway_shadow_mirror_crypto_accel_axi_0_0_sm4_encdec |        690 |        690 |       0 |    0 |   264 |      0 |      0 |          0 |
|                 u_key                                                |                                         udp_gateway_shadow_mirror_crypto_accel_axi_0_0_key_expansion |        663 |        663 |       0 |    0 |  1294 |      0 |      0 |          0 |
|               u_gearbox                                              |                                     udp_gateway_shadow_mirror_crypto_accel_axi_0_0_gearbox_128_to_32 |         34 |         34 |       0 |    0 |    99 |      0 |      0 |          0 |
|               u_mid_fifo                                             |                                             udp_gateway_shadow_mirror_crypto_accel_axi_0_0_sync_fifo |       1746 |       1746 |       0 |    0 |  2072 |      0 |      0 |          0 |
|               u_out_fifo                                             |                             udp_gateway_shadow_mirror_crypto_accel_axi_0_0_sync_fifo__parameterized0 |        193 |        193 |       0 |    0 |   525 |      0 |      0 |          0 |
|     dma_gateway_hybrid_0                                             |                                                     udp_gateway_shadow_mirror_dma_gateway_hybrid_0_0 |      23351 |      13295 |   10056 |    0 | 17832 |     24 |      1 |          0 |
|       (dma_gateway_hybrid_0)                                         |                                                     udp_gateway_shadow_mirror_dma_gateway_hybrid_0_0 |          0 |          0 |       0 |    0 |     0 |      0 |      0 |          0 |
|       inst                                                           |                    udp_gateway_shadow_mirror_dma_gateway_hybrid_0_0_dma_gateway_hybrid_board_wrapper |      23351 |      13295 |   10056 |    0 | 17832 |     24 |      1 |          0 |
|         (inst)                                                       |                    udp_gateway_shadow_mirror_dma_gateway_hybrid_0_0_dma_gateway_hybrid_board_wrapper |        493 |        229 |     264 |    0 |   862 |      0 |      0 |          0 |
|         gen_shadow_ctrl_csr.u_shadow_ctrl_csr                        |                         udp_gateway_shadow_mirror_dma_gateway_hybrid_0_0_udp_gateway_shadow_ctrl_csr |        540 |        540 |       0 |    0 |   744 |      0 |      0 |          0 |
|         gen_shadow_inject_only.u_shadow_inject                       |                      udp_gateway_shadow_mirror_dma_gateway_hybrid_0_0_udp_gateway_shadow_inject_path |         54 |         54 |       0 |    0 |    59 |      0 |      1 |          0 |
|           (gen_shadow_inject_only.u_shadow_inject)                   |                      udp_gateway_shadow_mirror_dma_gateway_hybrid_0_0_udp_gateway_shadow_inject_path |         14 |         14 |       0 |    0 |    18 |      0 |      0 |          0 |
|           u_inj_fifo                                                 |                                       udp_gateway_shadow_mirror_dma_gateway_hybrid_0_0_xpm_fifo_sync |         40 |         40 |       0 |    0 |    41 |      0 |      1 |          0 |
|             (u_inj_fifo)                                             |                                       udp_gateway_shadow_mirror_dma_gateway_hybrid_0_0_xpm_fifo_sync |          0 |          0 |       0 |    0 |     0 |      0 |      0 |          0 |
|             xpm_fifo_base_inst                                       |                                       udp_gateway_shadow_mirror_dma_gateway_hybrid_0_0_xpm_fifo_base |         40 |         40 |       0 |    0 |    41 |      0 |      1 |          0 |
|               (xpm_fifo_base_inst)                                   |                                       udp_gateway_shadow_mirror_dma_gateway_hybrid_0_0_xpm_fifo_base |          3 |          3 |       0 |    0 |    11 |      0 |      0 |          0 |
|               gen_fwft.rdpp1_inst                                    |                                    udp_gateway_shadow_mirror_dma_gateway_hybrid_0_0_xpm_counter_updn |          5 |          5 |       0 |    0 |     2 |      0 |      0 |          0 |
|               gen_sdpram.xpm_memory_base_inst                        |                                     udp_gateway_shadow_mirror_dma_gateway_hybrid_0_0_xpm_memory_base |          0 |          0 |       0 |    0 |     0 |      0 |      1 |          0 |
|               rdp_inst                                               |                    udp_gateway_shadow_mirror_dma_gateway_hybrid_0_0_xpm_counter_updn__parameterized0 |         15 |         15 |       0 |    0 |     6 |      0 |      0 |          0 |
|               rdpp1_inst                                             |                    udp_gateway_shadow_mirror_dma_gateway_hybrid_0_0_xpm_counter_updn__parameterized1 |          4 |          4 |       0 |    0 |     5 |      0 |      0 |          0 |
|               rst_d1_inst                                            |                                    udp_gateway_shadow_mirror_dma_gateway_hybrid_0_0_xpm_fifo_reg_bit |          0 |          0 |       0 |    0 |     1 |      0 |      0 |          0 |
|               wrp_inst                                               |                  udp_gateway_shadow_mirror_dma_gateway_hybrid_0_0_xpm_counter_updn__parameterized0_0 |         11 |         11 |       0 |    0 |     6 |      0 |      0 |          0 |
|               wrpp1_inst                                             |                  udp_gateway_shadow_mirror_dma_gateway_hybrid_0_0_xpm_counter_updn__parameterized1_1 |          3 |          3 |       0 |    0 |     5 |      0 |      0 |          0 |
|               xpm_fifo_rst_inst                                      |                                        udp_gateway_shadow_mirror_dma_gateway_hybrid_0_0_xpm_fifo_rst |          2 |          2 |       0 |    0 |     5 |      0 |      0 |          0 |
|         i_hybrid_dma                                                 |                                udp_gateway_shadow_mirror_dma_gateway_hybrid_0_0_crypto_dma_subsystem |      16412 |      10780 |    5632 |    0 | 15104 |      0 |      0 |          0 |
|           (i_hybrid_dma)                                             |                                udp_gateway_shadow_mirror_dma_gateway_hybrid_0_0_crypto_dma_subsystem |        389 |        389 |       0 |    0 |    75 |      0 |      0 |          0 |
|           u_crypto_bridge                                            |                                   udp_gateway_shadow_mirror_dma_gateway_hybrid_0_0_crypto_bridge_top |       7132 |       7132 |       0 |    0 | 12132 |      0 |      0 |          0 |
|             (u_crypto_bridge)                                        |                                   udp_gateway_shadow_mirror_dma_gateway_hybrid_0_0_crypto_bridge_top |        408 |        408 |       0 |    0 |  5391 |      0 |      0 |          0 |
|             gen_crypto_cores[0].u_aes                                |                                            udp_gateway_shadow_mirror_dma_gateway_hybrid_0_0_aes_core |       3386 |       3386 |       0 |    0 |  2471 |      0 |      0 |          0 |
|               (gen_crypto_cores[0].u_aes)                            |                                            udp_gateway_shadow_mirror_dma_gateway_hybrid_0_0_aes_core |         81 |         81 |       0 |    0 |     4 |      0 |      0 |          0 |
|               dec_block                                              |                                  udp_gateway_shadow_mirror_dma_gateway_hybrid_0_0_aes_decipher_block |        441 |        441 |       0 |    0 |   137 |      0 |      0 |          0 |
|                 (dec_block)                                          |                                  udp_gateway_shadow_mirror_dma_gateway_hybrid_0_0_aes_decipher_block |        441 |        441 |       0 |    0 |   137 |      0 |      0 |          0 |
|                 inv_sbox_inst                                        |                                        udp_gateway_shadow_mirror_dma_gateway_hybrid_0_0_aes_inv_sbox |          0 |          0 |       0 |    0 |     0 |      0 |      0 |          0 |
|               enc_block                                              |                                  udp_gateway_shadow_mirror_dma_gateway_hybrid_0_0_aes_encipher_block |        761 |        761 |       0 |    0 |   137 |      0 |      0 |          0 |
|               keymem                                                 |                                         udp_gateway_shadow_mirror_dma_gateway_hybrid_0_0_aes_key_mem |       2103 |       2103 |       0 |    0 |  2193 |      0 |      0 |          0 |
|               sbox_inst                                              |                                            udp_gateway_shadow_mirror_dma_gateway_hybrid_0_0_aes_sbox |          0 |          0 |       0 |    0 |     0 |      0 |      0 |          0 |
|             gen_crypto_cores[0].u_sm4                                |                                             udp_gateway_shadow_mirror_dma_gateway_hybrid_0_0_sm4_top |       1393 |       1393 |       0 |    0 |  1558 |      0 |      0 |          0 |
|               u_encdec                                               |                                          udp_gateway_shadow_mirror_dma_gateway_hybrid_0_0_sm4_encdec |        690 |        690 |       0 |    0 |   264 |      0 |      0 |          0 |
|                 (u_encdec)                                           |                                          udp_gateway_shadow_mirror_dma_gateway_hybrid_0_0_sm4_encdec |        634 |        634 |       0 |    0 |   264 |      0 |      0 |          0 |
|                 u_iter_0                                             |                                udp_gateway_shadow_mirror_dma_gateway_hybrid_0_0_one_round_for_encdec |         24 |         24 |       0 |    0 |     0 |      0 |      0 |          0 |
|                 u_iter_1                                             |                              udp_gateway_shadow_mirror_dma_gateway_hybrid_0_0_one_round_for_encdec_5 |         32 |         32 |       0 |    0 |     0 |      0 |      0 |          0 |
|               u_key                                                  |                                       udp_gateway_shadow_mirror_dma_gateway_hybrid_0_0_key_expansion |        703 |        703 |       0 |    0 |  1294 |      0 |      0 |          0 |
|                 (u_key)                                              |                                       udp_gateway_shadow_mirror_dma_gateway_hybrid_0_0_key_expansion |        701 |        701 |       0 |    0 |  1294 |      0 |      0 |          0 |
|                 u_get_cki                                            |                                             udp_gateway_shadow_mirror_dma_gateway_hybrid_0_0_get_cki |          2 |          2 |       0 |    0 |     0 |      0 |      0 |          0 |
|                 u_one_round                                          |                               udp_gateway_shadow_mirror_dma_gateway_hybrid_0_0_one_round_for_key_exp |          0 |          0 |       0 |    0 |     0 |      0 |      0 |          0 |
|             u_gearbox                                                |                                   udp_gateway_shadow_mirror_dma_gateway_hybrid_0_0_gearbox_128_to_32 |         35 |         35 |       0 |    0 |    99 |      0 |      0 |          0 |
|             u_mid_fifo                                               |                                           udp_gateway_shadow_mirror_dma_gateway_hybrid_0_0_sync_fifo |       1745 |       1745 |       0 |    0 |  2072 |      0 |      0 |          0 |
|             u_out_fifo                                               |                           udp_gateway_shadow_mirror_dma_gateway_hybrid_0_0_sync_fifo__parameterized0 |        165 |        165 |       0 |    0 |   541 |      0 |      0 |          0 |
|           u_csr                                                      |                                            udp_gateway_shadow_mirror_dma_gateway_hybrid_0_0_axil_csr |        655 |        655 |       0 |    0 |  1011 |      0 |      0 |          0 |
|           u_dma_crypto_source_reader                                 |                            udp_gateway_shadow_mirror_dma_gateway_hybrid_0_0_dma_crypto_source_reader |        637 |        637 |       0 |    0 |  1248 |      0 |      0 |          0 |
|             (u_dma_crypto_source_reader)                             |                            udp_gateway_shadow_mirror_dma_gateway_hybrid_0_0_dma_crypto_source_reader |         52 |         52 |       0 |    0 |   205 |      0 |      0 |          0 |
|             u_axis_fifo                                              |                               udp_gateway_shadow_mirror_dma_gateway_hybrid_0_0_dma_axis_fifo_wrapper |        585 |        585 |       0 |    0 |  1043 |      0 |      0 |          0 |
|               u_fifo                                                 |                               udp_gateway_shadow_mirror_dma_gateway_hybrid_0_0_axis_packet_fifo_bram |        585 |        585 |       0 |    0 |  1043 |      0 |      0 |          0 |
|           u_dma_engine                                               |                                   udp_gateway_shadow_mirror_dma_gateway_hybrid_0_0_dma_master_engine |        267 |        267 |       0 |    0 |   123 |      0 |      0 |          0 |
|           u_fetcher                                                  |                                    udp_gateway_shadow_mirror_dma_gateway_hybrid_0_0_dma_desc_fetcher |        193 |        193 |       0 |    0 |   184 |      0 |      0 |          0 |
|           u_pbm                                                      |                                      udp_gateway_shadow_mirror_dma_gateway_hybrid_0_0_pbm_controller |       7073 |       1441 |    5632 |    0 |   260 |      0 |      0 |          0 |
|           u_s2mm_mm2s                                                |                                udp_gateway_shadow_mirror_dma_gateway_hybrid_0_0_dma_s2mm_mm2s_engine |         66 |         66 |       0 |    0 |    71 |      0 |      0 |          0 |
|         u_classifier                                                 |                          udp_gateway_shadow_mirror_dma_gateway_hybrid_0_0_udp_dma_ingress_classifier |        248 |        248 |       0 |    0 |   118 |      0 |      0 |          0 |
|         u_device_dna_reader                                          |                                   udp_gateway_shadow_mirror_dma_gateway_hybrid_0_0_device_dna_reader |         70 |         70 |       0 |    0 |   133 |      0 |      0 |          0 |
|         u_shadow_acl_filter                                          |                                   udp_gateway_shadow_mirror_dma_gateway_hybrid_0_0_acl_packet_filter |       5534 |       1374 |    4160 |    0 |   812 |     24 |      0 |          0 |
|           (u_shadow_acl_filter)                                      |                                   udp_gateway_shadow_mirror_dma_gateway_hybrid_0_0_acl_packet_filter |        354 |        354 |       0 |    0 |   343 |      0 |      0 |          0 |
|           u_acl                                                      |                                    udp_gateway_shadow_mirror_dma_gateway_hybrid_0_0_acl_match_engine |       5180 |       1020 |    4160 |    0 |   469 |     24 |      0 |          0 |
|     processing_system7_0                                             |                                                     udp_gateway_shadow_mirror_processing_system7_0_0 |         24 |         24 |       0 |    0 |     0 |      0 |      0 |          0 |
|       (processing_system7_0)                                         |                                                     udp_gateway_shadow_mirror_processing_system7_0_0 |          0 |          0 |       0 |    0 |     0 |      0 |      0 |          0 |
|       inst                                                           |          udp_gateway_shadow_mirror_processing_system7_0_0_processing_system7_v5_5_processing_system7 |         24 |         24 |       0 |    0 |     0 |      0 |      0 |          0 |
|     ps7_0_axi_periph                                                 |                                                         udp_gateway_shadow_mirror_ps7_0_axi_periph_0 |        562 |        497 |       0 |   65 |   693 |      0 |      0 |          0 |
|       (ps7_0_axi_periph)                                             |                                                         udp_gateway_shadow_mirror_ps7_0_axi_periph_0 |          0 |          0 |       0 |    0 |     0 |      0 |      0 |          0 |
|       s00_couplers                                                   |                                                                             s00_couplers_imp_1SGLF7O |        421 |        356 |       0 |   65 |   562 |      0 |      0 |          0 |
|         auto_pc                                                      |                                                                  udp_gateway_shadow_mirror_auto_pc_0 |        421 |        356 |       0 |   65 |   562 |      0 |      0 |          0 |
|           (auto_pc)                                                  |                                                                  udp_gateway_shadow_mirror_auto_pc_0 |          0 |          0 |       0 |    0 |     0 |      0 |      0 |          0 |
|           inst                                                       |            udp_gateway_shadow_mirror_auto_pc_0_axi_protocol_converter_v2_1_31_axi_protocol_converter |        421 |        356 |       0 |   65 |   562 |      0 |      0 |          0 |
|             (inst)                                                   |            udp_gateway_shadow_mirror_auto_pc_0_axi_protocol_converter_v2_1_31_axi_protocol_converter |          0 |          0 |       0 |    0 |     0 |      0 |      0 |          0 |
|             gen_axilite.gen_b2s_conv.axilite_b2s                     |                               udp_gateway_shadow_mirror_auto_pc_0_axi_protocol_converter_v2_1_31_b2s |        421 |        356 |       0 |   65 |   562 |      0 |      0 |          0 |
|               (gen_axilite.gen_b2s_conv.axilite_b2s)                 |                               udp_gateway_shadow_mirror_auto_pc_0_axi_protocol_converter_v2_1_31_b2s |          1 |          1 |       0 |    0 |     1 |      0 |      0 |          0 |
|               RD.ar_channel_0                                        |                    udp_gateway_shadow_mirror_auto_pc_0_axi_protocol_converter_v2_1_31_b2s_ar_channel |         68 |         68 |       0 |    0 |    82 |      0 |      0 |          0 |
|                 (RD.ar_channel_0)                                    |                    udp_gateway_shadow_mirror_auto_pc_0_axi_protocol_converter_v2_1_31_b2s_ar_channel |          0 |          0 |       0 |    0 |    12 |      0 |      0 |          0 |
|                 ar_cmd_fsm_0                                         |                    udp_gateway_shadow_mirror_auto_pc_0_axi_protocol_converter_v2_1_31_b2s_rd_cmd_fsm |         36 |         36 |       0 |    0 |     2 |      0 |      0 |          0 |
|                 cmd_translator_0                                     |              udp_gateway_shadow_mirror_auto_pc_0_axi_protocol_converter_v2_1_31_b2s_cmd_translator_1 |         32 |         32 |       0 |    0 |    68 |      0 |      0 |          0 |
|               RD.r_channel_0                                         |                     udp_gateway_shadow_mirror_auto_pc_0_axi_protocol_converter_v2_1_31_b2s_r_channel |         62 |         15 |       0 |   47 |    24 |      0 |      0 |          0 |
|                 (RD.r_channel_0)                                     |                     udp_gateway_shadow_mirror_auto_pc_0_axi_protocol_converter_v2_1_31_b2s_r_channel |          0 |          0 |       0 |    0 |    14 |      0 |      0 |          0 |
|                 rd_data_fifo_0                                       |   udp_gateway_shadow_mirror_auto_pc_0_axi_protocol_converter_v2_1_31_b2s_simple_fifo__parameterized1 |         43 |          9 |       0 |   34 |     5 |      0 |      0 |          0 |
|                 transaction_fifo_0                                   |   udp_gateway_shadow_mirror_auto_pc_0_axi_protocol_converter_v2_1_31_b2s_simple_fifo__parameterized2 |         19 |          6 |       0 |   13 |     5 |      0 |      0 |          0 |
|               SI_REG                                                 |                    udp_gateway_shadow_mirror_auto_pc_0_axi_register_slice_v2_1_31_axi_register_slice |        177 |        177 |       0 |    0 |   352 |      0 |      0 |          0 |
|                 ar.ar_pipe                                           |                   udp_gateway_shadow_mirror_auto_pc_0_axi_register_slice_v2_1_31_axic_register_slice |         68 |         68 |       0 |    0 |   112 |      0 |      0 |          0 |
|                 aw.aw_pipe                                           |                 udp_gateway_shadow_mirror_auto_pc_0_axi_register_slice_v2_1_31_axic_register_slice_0 |         72 |         72 |       0 |    0 |   114 |      0 |      0 |          0 |
|                 b.b_pipe                                             |   udp_gateway_shadow_mirror_auto_pc_0_axi_register_slice_v2_1_31_axic_register_slice__parameterized1 |         10 |         10 |       0 |    0 |    30 |      0 |      0 |          0 |
|                 r.r_pipe                                             |   udp_gateway_shadow_mirror_auto_pc_0_axi_register_slice_v2_1_31_axic_register_slice__parameterized2 |         27 |         27 |       0 |    0 |    96 |      0 |      0 |          0 |
|               WR.aw_channel_0                                        |                    udp_gateway_shadow_mirror_auto_pc_0_axi_protocol_converter_v2_1_31_b2s_aw_channel |         77 |         77 |       0 |    0 |    86 |      0 |      0 |          0 |
|                 (WR.aw_channel_0)                                    |                    udp_gateway_shadow_mirror_auto_pc_0_axi_protocol_converter_v2_1_31_b2s_aw_channel |          0 |          0 |       0 |    0 |    16 |      0 |      0 |          0 |
|                 aw_cmd_fsm_0                                         |                    udp_gateway_shadow_mirror_auto_pc_0_axi_protocol_converter_v2_1_31_b2s_wr_cmd_fsm |         44 |         44 |       0 |    0 |     2 |      0 |      0 |          0 |
|                 cmd_translator_0                                     |                udp_gateway_shadow_mirror_auto_pc_0_axi_protocol_converter_v2_1_31_b2s_cmd_translator |         33 |         33 |       0 |    0 |    68 |      0 |      0 |          0 |
|               WR.b_channel_0                                         |                     udp_gateway_shadow_mirror_auto_pc_0_axi_protocol_converter_v2_1_31_b2s_b_channel |         39 |         21 |       0 |   18 |    17 |      0 |      0 |          0 |
|                 (WR.b_channel_0)                                     |                     udp_gateway_shadow_mirror_auto_pc_0_axi_protocol_converter_v2_1_31_b2s_b_channel |          8 |          8 |       0 |    0 |    13 |      0 |      0 |          0 |
|                 bid_fifo_0                                           |                   udp_gateway_shadow_mirror_auto_pc_0_axi_protocol_converter_v2_1_31_b2s_simple_fifo |         25 |          9 |       0 |   16 |     2 |      0 |      0 |          0 |
|                 bresp_fifo_0                                         |   udp_gateway_shadow_mirror_auto_pc_0_axi_protocol_converter_v2_1_31_b2s_simple_fifo__parameterized0 |          6 |          4 |       0 |    2 |     2 |      0 |      0 |          0 |
|       xbar                                                           |                                                                     udp_gateway_shadow_mirror_xbar_0 |        141 |        141 |       0 |    0 |   131 |      0 |      0 |          0 |
|         (xbar)                                                       |                                                                     udp_gateway_shadow_mirror_xbar_0 |          0 |          0 |       0 |    0 |     0 |      0 |      0 |          0 |
|         inst                                                         |                                   udp_gateway_shadow_mirror_xbar_0_axi_crossbar_v2_1_32_axi_crossbar |        141 |        141 |       0 |    0 |   131 |      0 |      0 |          0 |
|           (inst)                                                     |                                   udp_gateway_shadow_mirror_xbar_0_axi_crossbar_v2_1_32_axi_crossbar |          0 |          0 |       0 |    0 |     0 |      0 |      0 |          0 |
|           gen_sasd.crossbar_sasd_0                                   |                                  udp_gateway_shadow_mirror_xbar_0_axi_crossbar_v2_1_32_crossbar_sasd |        141 |        141 |       0 |    0 |   131 |      0 |      0 |          0 |
|             (gen_sasd.crossbar_sasd_0)                               |                                  udp_gateway_shadow_mirror_xbar_0_axi_crossbar_v2_1_32_crossbar_sasd |          2 |          2 |       0 |    0 |     7 |      0 |      0 |          0 |
|             addr_arbiter_inst                                        |                              udp_gateway_shadow_mirror_xbar_0_axi_crossbar_v2_1_32_addr_arbiter_sasd |         70 |         70 |       0 |    0 |    41 |      0 |      0 |          0 |
|             gen_decerr.decerr_slave_inst                             |                                   udp_gateway_shadow_mirror_xbar_0_axi_crossbar_v2_1_32_decerr_slave |          8 |          8 |       0 |    0 |     4 |      0 |      0 |          0 |
|             reg_slice_r                                              |                      udp_gateway_shadow_mirror_xbar_0_axi_register_slice_v2_1_31_axic_register_slice |         54 |         54 |       0 |    0 |    74 |      0 |      0 |          0 |
|             splitter_ar                                              |                       udp_gateway_shadow_mirror_xbar_0_axi_crossbar_v2_1_32_splitter__parameterized0 |          2 |          2 |       0 |    0 |     2 |      0 |      0 |          0 |
|             splitter_aw                                              |                                       udp_gateway_shadow_mirror_xbar_0_axi_crossbar_v2_1_32_splitter |          5 |          5 |       0 |    0 |     3 |      0 |      0 |          0 |
|     rst_ps7_0_100M                                                   |                                                           udp_gateway_shadow_mirror_rst_ps7_0_100M_0 |         19 |         18 |       0 |    1 |    40 |      0 |      0 |          0 |
|       U0                                                             |                                            udp_gateway_shadow_mirror_rst_ps7_0_100M_0_proc_sys_reset |         19 |         18 |       0 |    1 |    40 |      0 |      0 |          0 |
|         (U0)                                                         |                                            udp_gateway_shadow_mirror_rst_ps7_0_100M_0_proc_sys_reset |          0 |          0 |       0 |    0 |     5 |      0 |      0 |          0 |
|         EXT_LPF                                                      |                                                       udp_gateway_shadow_mirror_rst_ps7_0_100M_0_lpf |          6 |          5 |       0 |    1 |    17 |      0 |      0 |          0 |
|           (EXT_LPF)                                                  |                                                       udp_gateway_shadow_mirror_rst_ps7_0_100M_0_lpf |          2 |          1 |       0 |    1 |     9 |      0 |      0 |          0 |
|           ACTIVE_LOW_AUX.ACT_LO_AUX                                  |                                                  udp_gateway_shadow_mirror_rst_ps7_0_100M_0_cdc_sync |          2 |          2 |       0 |    0 |     4 |      0 |      0 |          0 |
|           ACTIVE_LOW_EXT.ACT_LO_EXT                                  |                                                udp_gateway_shadow_mirror_rst_ps7_0_100M_0_cdc_sync_0 |          2 |          2 |       0 |    0 |     4 |      0 |      0 |          0 |
|         SEQ                                                          |                                              udp_gateway_shadow_mirror_rst_ps7_0_100M_0_sequence_psr |         13 |         13 |       0 |    0 |    18 |      0 |      0 |          0 |
|           (SEQ)                                                      |                                              udp_gateway_shadow_mirror_rst_ps7_0_100M_0_sequence_psr |          8 |          8 |       0 |    0 |    12 |      0 |      0 |          0 |
|           SEQ_COUNTER                                                |                                                   udp_gateway_shadow_mirror_rst_ps7_0_100M_0_upcnt_n |          5 |          5 |       0 |    0 |     6 |      0 |      0 |          0 |
+----------------------------------------------------------------------+------------------------------------------------------------------------------------------------------+------------+------------+---------+------+-------+--------+--------+------------+


