Archive member included to satisfy reference by file (symbol)

D:\FPGAhanjia\Hetero_SoC_2026_3\Hetero_SoC_2026\HCS_SOC\platform\export\platform\sw\standalone_ps7_cortexa9_0\lib\libxilstandalone.a(xil_printf.c.obj)
                              D:\FPGAhanjia\Hetero_SoC_2026_3\Hetero_SoC_2026\HCS_SOC\ax7020_system_uart_smoke_app\build\obj\main.o (xil_printf)
D:\FPGAhanjia\Hetero_SoC_2026_3\Hetero_SoC_2026\HCS_SOC\platform\export\platform\sw\standalone_ps7_cortexa9_0\lib\libxilstandalone.a(asm_vectors.S.obj)
                              (_vector_table)
D:\FPGAhanjia\Hetero_SoC_2026_3\Hetero_SoC_2026\HCS_SOC\platform\export\platform\sw\standalone_ps7_cortexa9_0\lib\libxilstandalone.a(boot.S.obj)
                              D:\FPGAhanjia\Hetero_SoC_2026_3\Hetero_SoC_2026\HCS_SOC\platform\export\platform\sw\standalone_ps7_cortexa9_0\lib\libxilstandalone.a(asm_vectors.S.obj) (_boot)
D:\FPGAhanjia\Hetero_SoC_2026_3\Hetero_SoC_2026\HCS_SOC\platform\export\platform\sw\standalone_ps7_cortexa9_0\lib\libxilstandalone.a(xil-crt0.S.obj)
                              D:\FPGAhanjia\Hetero_SoC_2026_3\Hetero_SoC_2026\HCS_SOC\platform\export\platform\sw\standalone_ps7_cortexa9_0\lib\libxilstandalone.a(boot.S.obj) (_start)
D:\FPGAhanjia\Hetero_SoC_2026_3\Hetero_SoC_2026\HCS_SOC\platform\export\platform\sw\standalone_ps7_cortexa9_0\lib\libxilstandalone.a(vectors.c.obj)
                              D:\FPGAhanjia\Hetero_SoC_2026_3\Hetero_SoC_2026\HCS_SOC\platform\export\platform\sw\standalone_ps7_cortexa9_0\lib\libxilstandalone.a(asm_vectors.S.obj) (FIQInterrupt)
D:\FPGAhanjia\Hetero_SoC_2026_3\Hetero_SoC_2026\HCS_SOC\platform\export\platform\sw\standalone_ps7_cortexa9_0\lib\libxilstandalone.a(xil_exception.c.obj)
                              D:\FPGAhanjia\Hetero_SoC_2026_3\Hetero_SoC_2026\HCS_SOC\platform\export\platform\sw\standalone_ps7_cortexa9_0\lib\libxilstandalone.a(asm_vectors.S.obj) (UndefinedExceptionAddr)
D:\FPGAhanjia\Hetero_SoC_2026_3\Hetero_SoC_2026\HCS_SOC\platform\export\platform\sw\standalone_ps7_cortexa9_0\lib\libxilstandalone.a(translation_table.S.obj)
                              D:\FPGAhanjia\Hetero_SoC_2026_3\Hetero_SoC_2026\HCS_SOC\platform\export\platform\sw\standalone_ps7_cortexa9_0\lib\libxilstandalone.a(boot.S.obj) (MMUTable)
D:\FPGAhanjia\Hetero_SoC_2026_3\Hetero_SoC_2026\HCS_SOC\platform\export\platform\sw\standalone_ps7_cortexa9_0\lib\libxilstandalone.a(cpu_init.S.obj)
                              D:\FPGAhanjia\Hetero_SoC_2026_3\Hetero_SoC_2026\HCS_SOC\platform\export\platform\sw\standalone_ps7_cortexa9_0\lib\libxilstandalone.a(xil-crt0.S.obj) (__cpu_init)
D:\FPGAhanjia\Hetero_SoC_2026_3\Hetero_SoC_2026\HCS_SOC\platform\export\platform\sw\standalone_ps7_cortexa9_0\lib\libxil.a(xcoresightpsdcc.c.obj)
                              D:\FPGAhanjia\Hetero_SoC_2026_3\Hetero_SoC_2026\HCS_SOC\platform\export\platform\sw\standalone_ps7_cortexa9_0\lib\libxilstandalone.a(xil_printf.c.obj) (outbyte)
D:\FPGAhanjia\Hetero_SoC_2026_3\Hetero_SoC_2026\HCS_SOC\platform\export\platform\sw\standalone_ps7_cortexa9_0\lib\libxil.a(xuartps.c.obj)
                              D:\FPGAhanjia\Hetero_SoC_2026_3\Hetero_SoC_2026\HCS_SOC\ax7020_system_uart_smoke_app\build\obj\main.o (XUartPs_SetBaudRate)
D:\FPGAhanjia\Hetero_SoC_2026_3\Hetero_SoC_2026\HCS_SOC\platform\export\platform\sw\standalone_ps7_cortexa9_0\lib\libxil.a(xuartps_sinit.c.obj)
                              D:\FPGAhanjia\Hetero_SoC_2026_3\Hetero_SoC_2026\HCS_SOC\ax7020_system_uart_smoke_app\build\obj\main.o (XUartPs_LookupConfig)
D:\FPGAhanjia\Hetero_SoC_2026_3\Hetero_SoC_2026\HCS_SOC\platform\export\platform\sw\standalone_ps7_cortexa9_0\lib\libxil.a(xuartps_g.c.obj)
                              D:\FPGAhanjia\Hetero_SoC_2026_3\Hetero_SoC_2026\HCS_SOC\platform\export\platform\sw\standalone_ps7_cortexa9_0\lib\libxil.a(xuartps_sinit.c.obj) (XUartPs_ConfigTable)
D:/Xilinx/Vitis/2023.1/gnu/aarch32/nt/gcc-arm-none-eabi/bin//../aarch32-xilinx-eabi/usr/lib/thumb/v7-a+fp/hard\libc.a(lib_a-ctype_.o)
                              D:\FPGAhanjia\Hetero_SoC_2026_3\Hetero_SoC_2026\HCS_SOC\platform\export\platform\sw\standalone_ps7_cortexa9_0\lib\libxilstandalone.a(xil_printf.c.obj) (_ctype_)
D:/Xilinx/Vitis/2023.1/gnu/aarch32/nt/gcc-arm-none-eabi/bin//../aarch32-xilinx-eabi/usr/lib/thumb/v7-a+fp/hard\libc.a(lib_a-exit.o)
                              D:\FPGAhanjia\Hetero_SoC_2026_3\Hetero_SoC_2026\HCS_SOC\platform\export\platform\sw\standalone_ps7_cortexa9_0\lib\libxilstandalone.a(xil-crt0.S.obj) (exit)
D:/Xilinx/Vitis/2023.1/gnu/aarch32/nt/gcc-arm-none-eabi/bin//../aarch32-xilinx-eabi/usr/lib/thumb/v7-a+fp/hard\libc.a(lib_a-fini.o)
                              D:\FPGAhanjia\Hetero_SoC_2026_3\Hetero_SoC_2026\HCS_SOC\platform\export\platform\sw\standalone_ps7_cortexa9_0\lib\libxilstandalone.a(xil-crt0.S.obj) (__libc_fini_array)
D:/Xilinx/Vitis/2023.1/gnu/aarch32/nt/gcc-arm-none-eabi/bin//../aarch32-xilinx-eabi/usr/lib/thumb/v7-a+fp/hard\libc.a(lib_a-impure.o)
                              D:/Xilinx/Vitis/2023.1/gnu/aarch32/nt/gcc-arm-none-eabi/bin//../aarch32-xilinx-eabi/usr/lib/thumb/v7-a+fp/hard\libc.a(lib_a-exit.o) (_global_impure_ptr)
D:/Xilinx/Vitis/2023.1/gnu/aarch32/nt/gcc-arm-none-eabi/bin//../aarch32-xilinx-eabi/usr/lib/thumb/v7-a+fp/hard\libc.a(lib_a-init.o)
                              D:\FPGAhanjia\Hetero_SoC_2026_3\Hetero_SoC_2026\HCS_SOC\platform\export\platform\sw\standalone_ps7_cortexa9_0\lib\libxilstandalone.a(xil-crt0.S.obj) (__libc_init_array)
D:/Xilinx/Vitis/2023.1/gnu/aarch32/nt/gcc-arm-none-eabi/bin//../aarch32-xilinx-eabi/usr/lib/thumb/v7-a+fp/hard\libc.a(lib_a-strlen.o)
                              D:\FPGAhanjia\Hetero_SoC_2026_3\Hetero_SoC_2026\HCS_SOC\platform\export\platform\sw\standalone_ps7_cortexa9_0\lib\libxilstandalone.a(xil_printf.c.obj) (strlen)
D:/Xilinx/Vitis/2023.1/gnu/aarch32/nt/gcc-arm-none-eabi/bin//../aarch32-xilinx-eabi/usr/lib/thumb/v7-a+fp/hard\libc.a(lib_a-__call_atexit.o)
                              D:/Xilinx/Vitis/2023.1/gnu/aarch32/nt/gcc-arm-none-eabi/bin//../aarch32-xilinx-eabi/usr/lib/thumb/v7-a+fp/hard\libc.a(lib_a-exit.o) (__call_exitprocs)
D:/Xilinx/Vitis/2023.1/gnu/aarch32/nt/gcc-arm-none-eabi/bin//../aarch32-xilinx-eabi/usr/lib/thumb/v7-a+fp/hard\libgcc.a(_udivsi3.o)
                              D:\FPGAhanjia\Hetero_SoC_2026_3\Hetero_SoC_2026\HCS_SOC\platform\export\platform\sw\standalone_ps7_cortexa9_0\lib\libxil.a(xuartps.c.obj) (__aeabi_uidiv)
D:/Xilinx/Vitis/2023.1/gnu/aarch32/nt/gcc-arm-none-eabi/bin//../aarch32-xilinx-eabi/usr/lib/thumb/v7-a+fp/hard\libgcc.a(_dvmd_tls.o)
                              D:/Xilinx/Vitis/2023.1/gnu/aarch32/nt/gcc-arm-none-eabi/bin//../aarch32-xilinx-eabi/usr/lib/thumb/v7-a+fp/hard\libgcc.a(_udivsi3.o) (__aeabi_idiv0)
D:/Xilinx/Vitis/2023.1/gnu/aarch32/nt/gcc-arm-none-eabi/bin//../aarch32-xilinx-eabi/usr/lib/thumb/v7-a+fp/hard\libgcc.a(_aeabi_uldivmod.o)
                              D:\FPGAhanjia\Hetero_SoC_2026_3\Hetero_SoC_2026\HCS_SOC\platform\export\platform\sw\standalone_ps7_cortexa9_0\lib\libxilstandalone.a(xil_printf.c.obj) (__aeabi_uldivmod)
D:/Xilinx/Vitis/2023.1/gnu/aarch32/nt/gcc-arm-none-eabi/bin//../aarch32-xilinx-eabi/usr/lib/thumb/v7-a+fp/hard\libgcc.a(_udivmoddi4.o)
                              D:/Xilinx/Vitis/2023.1/gnu/aarch32/nt/gcc-arm-none-eabi/bin//../aarch32-xilinx-eabi/usr/lib/thumb/v7-a+fp/hard\libgcc.a(_aeabi_uldivmod.o) (__udivmoddi4)
D:\FPGAhanjia\Hetero_SoC_2026_3\Hetero_SoC_2026\HCS_SOC\platform\export\platform\sw\standalone_ps7_cortexa9_0\lib\libxilstandalone.a(xil_assert.c.obj)
                              D:\FPGAhanjia\Hetero_SoC_2026_3\Hetero_SoC_2026\HCS_SOC\platform\export\platform\sw\standalone_ps7_cortexa9_0\lib\libxil.a(xuartps.c.obj) (Xil_Assert)
D:\FPGAhanjia\Hetero_SoC_2026_3\Hetero_SoC_2026\HCS_SOC\platform\export\platform\sw\standalone_ps7_cortexa9_0\lib\libxilstandalone.a(xplatform_info.c.obj)
                              D:\FPGAhanjia\Hetero_SoC_2026_3\Hetero_SoC_2026\HCS_SOC\platform\export\platform\sw\standalone_ps7_cortexa9_0\lib\libxil.a(xuartps.c.obj) (XGetPlatform_Info)
D:\FPGAhanjia\Hetero_SoC_2026_3\Hetero_SoC_2026\HCS_SOC\platform\export\platform\sw\standalone_ps7_cortexa9_0\lib\libxilstandalone.a(_exit.c.obj)
                              D:/Xilinx/Vitis/2023.1/gnu/aarch32/nt/gcc-arm-none-eabi/bin//../aarch32-xilinx-eabi/usr/lib/thumb/v7-a+fp/hard\libc.a(lib_a-exit.o) (_exit)

Discarded input sections

 .text          0x0000000000000000        0x0 D:/Xilinx/Vitis/2023.1/gnu/aarch32/nt/gcc-arm-none-eabi/bin//../aarch32-xilinx-eabi/usr/lib/thumb/v7-a+fp/hard/crti.o
 .data          0x0000000000000000        0x0 D:/Xilinx/Vitis/2023.1/gnu/aarch32/nt/gcc-arm-none-eabi/bin//../aarch32-xilinx-eabi/usr/lib/thumb/v7-a+fp/hard/crti.o
 .bss           0x0000000000000000        0x0 D:/Xilinx/Vitis/2023.1/gnu/aarch32/nt/gcc-arm-none-eabi/bin//../aarch32-xilinx-eabi/usr/lib/thumb/v7-a+fp/hard/crti.o
 .data          0x0000000000000000        0x4 D:/Xilinx/Vitis/2023.1/gnu/aarch32/nt/gcc-arm-none-eabi/bin//../aarch32-xilinx-eabi/usr/lib/thumb/v7-a+fp/hard/crtbegin.o
 .rodata        0x0000000000000000       0x24 D:/Xilinx/Vitis/2023.1/gnu/aarch32/nt/gcc-arm-none-eabi/bin//../aarch32-xilinx-eabi/usr/lib/thumb/v7-a+fp/hard/crtbegin.o
 .text          0x0000000000000000        0x0 D:\FPGAhanjia\Hetero_SoC_2026_3\Hetero_SoC_2026\HCS_SOC\ax7020_system_uart_smoke_app\build\obj\main.o
 .data          0x0000000000000000        0x0 D:\FPGAhanjia\Hetero_SoC_2026_3\Hetero_SoC_2026\HCS_SOC\ax7020_system_uart_smoke_app\build\obj\main.o
 .bss           0x0000000000000000        0x0 D:\FPGAhanjia\Hetero_SoC_2026_3\Hetero_SoC_2026\HCS_SOC\ax7020_system_uart_smoke_app\build\obj\main.o
 .data          0x0000000000000000        0x0 D:\FPGAhanjia\Hetero_SoC_2026_3\Hetero_SoC_2026\HCS_SOC\platform\export\platform\sw\standalone_ps7_cortexa9_0\lib\libxilstandalone.a(xil_printf.c.obj)
 .bss           0x0000000000000000        0x0 D:\FPGAhanjia\Hetero_SoC_2026_3\Hetero_SoC_2026\HCS_SOC\platform\export\platform\sw\standalone_ps7_cortexa9_0\lib\libxilstandalone.a(xil_printf.c.obj)
 .text          0x0000000000000000        0x0 D:\FPGAhanjia\Hetero_SoC_2026_3\Hetero_SoC_2026\HCS_SOC\platform\export\platform\sw\standalone_ps7_cortexa9_0\lib\libxilstandalone.a(asm_vectors.S.obj)
 .data          0x0000000000000000        0x0 D:\FPGAhanjia\Hetero_SoC_2026_3\Hetero_SoC_2026\HCS_SOC\platform\export\platform\sw\standalone_ps7_cortexa9_0\lib\libxilstandalone.a(asm_vectors.S.obj)
 .bss           0x0000000000000000        0x0 D:\FPGAhanjia\Hetero_SoC_2026_3\Hetero_SoC_2026\HCS_SOC\platform\export\platform\sw\standalone_ps7_cortexa9_0\lib\libxilstandalone.a(asm_vectors.S.obj)
 .ARM.attributes
                0x0000000000000000       0x23 D:\FPGAhanjia\Hetero_SoC_2026_3\Hetero_SoC_2026\HCS_SOC\platform\export\platform\sw\standalone_ps7_cortexa9_0\lib\libxilstandalone.a(asm_vectors.S.obj)
 .text          0x0000000000000000        0x0 D:\FPGAhanjia\Hetero_SoC_2026_3\Hetero_SoC_2026\HCS_SOC\platform\export\platform\sw\standalone_ps7_cortexa9_0\lib\libxilstandalone.a(boot.S.obj)
 .data          0x0000000000000000        0x0 D:\FPGAhanjia\Hetero_SoC_2026_3\Hetero_SoC_2026\HCS_SOC\platform\export\platform\sw\standalone_ps7_cortexa9_0\lib\libxilstandalone.a(boot.S.obj)
 .bss           0x0000000000000000        0x0 D:\FPGAhanjia\Hetero_SoC_2026_3\Hetero_SoC_2026\HCS_SOC\platform\export\platform\sw\standalone_ps7_cortexa9_0\lib\libxilstandalone.a(boot.S.obj)
 .data          0x0000000000000000        0x0 D:\FPGAhanjia\Hetero_SoC_2026_3\Hetero_SoC_2026\HCS_SOC\platform\export\platform\sw\standalone_ps7_cortexa9_0\lib\libxilstandalone.a(xil-crt0.S.obj)
 .bss           0x0000000000000000        0x0 D:\FPGAhanjia\Hetero_SoC_2026_3\Hetero_SoC_2026\HCS_SOC\platform\export\platform\sw\standalone_ps7_cortexa9_0\lib\libxilstandalone.a(xil-crt0.S.obj)
 .got2          0x0000000000000000        0x0 D:\FPGAhanjia\Hetero_SoC_2026_3\Hetero_SoC_2026\HCS_SOC\platform\export\platform\sw\standalone_ps7_cortexa9_0\lib\libxilstandalone.a(xil-crt0.S.obj)
 .data          0x0000000000000000        0x0 D:\FPGAhanjia\Hetero_SoC_2026_3\Hetero_SoC_2026\HCS_SOC\platform\export\platform\sw\standalone_ps7_cortexa9_0\lib\libxilstandalone.a(vectors.c.obj)
 .bss           0x0000000000000000        0x0 D:\FPGAhanjia\Hetero_SoC_2026_3\Hetero_SoC_2026\HCS_SOC\platform\export\platform\sw\standalone_ps7_cortexa9_0\lib\libxilstandalone.a(vectors.c.obj)
 .text          0x0000000000000000        0x0 D:\FPGAhanjia\Hetero_SoC_2026_3\Hetero_SoC_2026\HCS_SOC\platform\export\platform\sw\standalone_ps7_cortexa9_0\lib\libxilstandalone.a(translation_table.S.obj)
 .data          0x0000000000000000        0x0 D:\FPGAhanjia\Hetero_SoC_2026_3\Hetero_SoC_2026\HCS_SOC\platform\export\platform\sw\standalone_ps7_cortexa9_0\lib\libxilstandalone.a(translation_table.S.obj)
 .bss           0x0000000000000000        0x0 D:\FPGAhanjia\Hetero_SoC_2026_3\Hetero_SoC_2026\HCS_SOC\platform\export\platform\sw\standalone_ps7_cortexa9_0\lib\libxilstandalone.a(translation_table.S.obj)
 .data          0x0000000000000000        0x0 D:\FPGAhanjia\Hetero_SoC_2026_3\Hetero_SoC_2026\HCS_SOC\platform\export\platform\sw\standalone_ps7_cortexa9_0\lib\libxilstandalone.a(cpu_init.S.obj)
 .bss           0x0000000000000000        0x0 D:\FPGAhanjia\Hetero_SoC_2026_3\Hetero_SoC_2026\HCS_SOC\platform\export\platform\sw\standalone_ps7_cortexa9_0\lib\libxilstandalone.a(cpu_init.S.obj)
 .data          0x0000000000000000        0x0 D:\FPGAhanjia\Hetero_SoC_2026_3\Hetero_SoC_2026\HCS_SOC\platform\export\platform\sw\standalone_ps7_cortexa9_0\lib\libxil.a(xcoresightpsdcc.c.obj)
 .bss           0x0000000000000000        0x0 D:\FPGAhanjia\Hetero_SoC_2026_3\Hetero_SoC_2026\HCS_SOC\platform\export\platform\sw\standalone_ps7_cortexa9_0\lib\libxil.a(xcoresightpsdcc.c.obj)
 .data          0x0000000000000000        0x0 D:\FPGAhanjia\Hetero_SoC_2026_3\Hetero_SoC_2026\HCS_SOC\platform\export\platform\sw\standalone_ps7_cortexa9_0\lib\libxil.a(xuartps.c.obj)
 .bss           0x0000000000000000        0x0 D:\FPGAhanjia\Hetero_SoC_2026_3\Hetero_SoC_2026\HCS_SOC\platform\export\platform\sw\standalone_ps7_cortexa9_0\lib\libxil.a(xuartps.c.obj)
 .data          0x0000000000000000        0x0 D:\FPGAhanjia\Hetero_SoC_2026_3\Hetero_SoC_2026\HCS_SOC\platform\export\platform\sw\standalone_ps7_cortexa9_0\lib\libxil.a(xuartps_sinit.c.obj)
 .bss           0x0000000000000000        0x0 D:\FPGAhanjia\Hetero_SoC_2026_3\Hetero_SoC_2026\HCS_SOC\platform\export\platform\sw\standalone_ps7_cortexa9_0\lib\libxil.a(xuartps_sinit.c.obj)
 .text          0x0000000000000000        0x0 D:\FPGAhanjia\Hetero_SoC_2026_3\Hetero_SoC_2026\HCS_SOC\platform\export\platform\sw\standalone_ps7_cortexa9_0\lib\libxil.a(xuartps_g.c.obj)
 .data          0x0000000000000000        0x0 D:\FPGAhanjia\Hetero_SoC_2026_3\Hetero_SoC_2026\HCS_SOC\platform\export\platform\sw\standalone_ps7_cortexa9_0\lib\libxil.a(xuartps_g.c.obj)
 .bss           0x0000000000000000        0x0 D:\FPGAhanjia\Hetero_SoC_2026_3\Hetero_SoC_2026\HCS_SOC\platform\export\platform\sw\standalone_ps7_cortexa9_0\lib\libxil.a(xuartps_g.c.obj)
 .text          0x0000000000000000        0x0 D:/Xilinx/Vitis/2023.1/gnu/aarch32/nt/gcc-arm-none-eabi/bin//../aarch32-xilinx-eabi/usr/lib/thumb/v7-a+fp/hard\libc.a(lib_a-ctype_.o)
 .data          0x0000000000000000        0x0 D:/Xilinx/Vitis/2023.1/gnu/aarch32/nt/gcc-arm-none-eabi/bin//../aarch32-xilinx-eabi/usr/lib/thumb/v7-a+fp/hard\libc.a(lib_a-ctype_.o)
 .bss           0x0000000000000000        0x0 D:/Xilinx/Vitis/2023.1/gnu/aarch32/nt/gcc-arm-none-eabi/bin//../aarch32-xilinx-eabi/usr/lib/thumb/v7-a+fp/hard\libc.a(lib_a-ctype_.o)
 .data          0x0000000000000000        0x0 D:/Xilinx/Vitis/2023.1/gnu/aarch32/nt/gcc-arm-none-eabi/bin//../aarch32-xilinx-eabi/usr/lib/thumb/v7-a+fp/hard\libc.a(lib_a-exit.o)
 .bss           0x0000000000000000        0x0 D:/Xilinx/Vitis/2023.1/gnu/aarch32/nt/gcc-arm-none-eabi/bin//../aarch32-xilinx-eabi/usr/lib/thumb/v7-a+fp/hard\libc.a(lib_a-exit.o)
 .data          0x0000000000000000        0x0 D:/Xilinx/Vitis/2023.1/gnu/aarch32/nt/gcc-arm-none-eabi/bin//../aarch32-xilinx-eabi/usr/lib/thumb/v7-a+fp/hard\libc.a(lib_a-fini.o)
 .bss           0x0000000000000000        0x0 D:/Xilinx/Vitis/2023.1/gnu/aarch32/nt/gcc-arm-none-eabi/bin//../aarch32-xilinx-eabi/usr/lib/thumb/v7-a+fp/hard\libc.a(lib_a-fini.o)
 .text          0x0000000000000000        0x0 D:/Xilinx/Vitis/2023.1/gnu/aarch32/nt/gcc-arm-none-eabi/bin//../aarch32-xilinx-eabi/usr/lib/thumb/v7-a+fp/hard\libc.a(lib_a-impure.o)
 .bss           0x0000000000000000        0x0 D:/Xilinx/Vitis/2023.1/gnu/aarch32/nt/gcc-arm-none-eabi/bin//../aarch32-xilinx-eabi/usr/lib/thumb/v7-a+fp/hard\libc.a(lib_a-impure.o)
 .data          0x0000000000000000        0x0 D:/Xilinx/Vitis/2023.1/gnu/aarch32/nt/gcc-arm-none-eabi/bin//../aarch32-xilinx-eabi/usr/lib/thumb/v7-a+fp/hard\libc.a(lib_a-init.o)
 .bss           0x0000000000000000        0x0 D:/Xilinx/Vitis/2023.1/gnu/aarch32/nt/gcc-arm-none-eabi/bin//../aarch32-xilinx-eabi/usr/lib/thumb/v7-a+fp/hard\libc.a(lib_a-init.o)
 .data          0x0000000000000000        0x0 D:/Xilinx/Vitis/2023.1/gnu/aarch32/nt/gcc-arm-none-eabi/bin//../aarch32-xilinx-eabi/usr/lib/thumb/v7-a+fp/hard\libc.a(lib_a-strlen.o)
 .bss           0x0000000000000000        0x0 D:/Xilinx/Vitis/2023.1/gnu/aarch32/nt/gcc-arm-none-eabi/bin//../aarch32-xilinx-eabi/usr/lib/thumb/v7-a+fp/hard\libc.a(lib_a-strlen.o)
 .data          0x0000000000000000        0x0 D:/Xilinx/Vitis/2023.1/gnu/aarch32/nt/gcc-arm-none-eabi/bin//../aarch32-xilinx-eabi/usr/lib/thumb/v7-a+fp/hard\libc.a(lib_a-__call_atexit.o)
 .bss           0x0000000000000000        0x0 D:/Xilinx/Vitis/2023.1/gnu/aarch32/nt/gcc-arm-none-eabi/bin//../aarch32-xilinx-eabi/usr/lib/thumb/v7-a+fp/hard\libc.a(lib_a-__call_atexit.o)
 .data          0x0000000000000000        0x0 D:/Xilinx/Vitis/2023.1/gnu/aarch32/nt/gcc-arm-none-eabi/bin//../aarch32-xilinx-eabi/usr/lib/thumb/v7-a+fp/hard\libgcc.a(_udivsi3.o)
 .bss           0x0000000000000000        0x0 D:/Xilinx/Vitis/2023.1/gnu/aarch32/nt/gcc-arm-none-eabi/bin//../aarch32-xilinx-eabi/usr/lib/thumb/v7-a+fp/hard\libgcc.a(_udivsi3.o)
 .data          0x0000000000000000        0x0 D:/Xilinx/Vitis/2023.1/gnu/aarch32/nt/gcc-arm-none-eabi/bin//../aarch32-xilinx-eabi/usr/lib/thumb/v7-a+fp/hard\libgcc.a(_dvmd_tls.o)
 .bss           0x0000000000000000        0x0 D:/Xilinx/Vitis/2023.1/gnu/aarch32/nt/gcc-arm-none-eabi/bin//../aarch32-xilinx-eabi/usr/lib/thumb/v7-a+fp/hard\libgcc.a(_dvmd_tls.o)
 .data          0x0000000000000000        0x0 D:/Xilinx/Vitis/2023.1/gnu/aarch32/nt/gcc-arm-none-eabi/bin//../aarch32-xilinx-eabi/usr/lib/thumb/v7-a+fp/hard\libgcc.a(_aeabi_uldivmod.o)
 .bss           0x0000000000000000        0x0 D:/Xilinx/Vitis/2023.1/gnu/aarch32/nt/gcc-arm-none-eabi/bin//../aarch32-xilinx-eabi/usr/lib/thumb/v7-a+fp/hard\libgcc.a(_aeabi_uldivmod.o)
 .data          0x0000000000000000        0x0 D:/Xilinx/Vitis/2023.1/gnu/aarch32/nt/gcc-arm-none-eabi/bin//../aarch32-xilinx-eabi/usr/lib/thumb/v7-a+fp/hard\libgcc.a(_udivmoddi4.o)
 .bss           0x0000000000000000        0x0 D:/Xilinx/Vitis/2023.1/gnu/aarch32/nt/gcc-arm-none-eabi/bin//../aarch32-xilinx-eabi/usr/lib/thumb/v7-a+fp/hard\libgcc.a(_udivmoddi4.o)
 .ARM.extab     0x0000000000000000        0x0 D:/Xilinx/Vitis/2023.1/gnu/aarch32/nt/gcc-arm-none-eabi/bin//../aarch32-xilinx-eabi/usr/lib/thumb/v7-a+fp/hard\libgcc.a(_udivmoddi4.o)
 .data          0x0000000000000000        0x0 D:\FPGAhanjia\Hetero_SoC_2026_3\Hetero_SoC_2026\HCS_SOC\platform\export\platform\sw\standalone_ps7_cortexa9_0\lib\libxilstandalone.a(xplatform_info.c.obj)
 .bss           0x0000000000000000        0x0 D:\FPGAhanjia\Hetero_SoC_2026_3\Hetero_SoC_2026\HCS_SOC\platform\export\platform\sw\standalone_ps7_cortexa9_0\lib\libxilstandalone.a(xplatform_info.c.obj)
 .data          0x0000000000000000        0x0 D:\FPGAhanjia\Hetero_SoC_2026_3\Hetero_SoC_2026\HCS_SOC\platform\export\platform\sw\standalone_ps7_cortexa9_0\lib\libxilstandalone.a(_exit.c.obj)
 .bss           0x0000000000000000        0x0 D:\FPGAhanjia\Hetero_SoC_2026_3\Hetero_SoC_2026\HCS_SOC\platform\export\platform\sw\standalone_ps7_cortexa9_0\lib\libxilstandalone.a(_exit.c.obj)
 .text          0x0000000000000000        0x0 D:/Xilinx/Vitis/2023.1/gnu/aarch32/nt/gcc-arm-none-eabi/bin//../aarch32-xilinx-eabi/usr/lib/thumb/v7-a+fp/hard/crtend.o
 .data          0x0000000000000000        0x0 D:/Xilinx/Vitis/2023.1/gnu/aarch32/nt/gcc-arm-none-eabi/bin//../aarch32-xilinx-eabi/usr/lib/thumb/v7-a+fp/hard/crtend.o
 .bss           0x0000000000000000        0x0 D:/Xilinx/Vitis/2023.1/gnu/aarch32/nt/gcc-arm-none-eabi/bin//../aarch32-xilinx-eabi/usr/lib/thumb/v7-a+fp/hard/crtend.o
 .rodata        0x0000000000000000       0x24 D:/Xilinx/Vitis/2023.1/gnu/aarch32/nt/gcc-arm-none-eabi/bin//../aarch32-xilinx-eabi/usr/lib/thumb/v7-a+fp/hard/crtend.o
 .eh_frame      0x0000000000000000        0x4 D:/Xilinx/Vitis/2023.1/gnu/aarch32/nt/gcc-arm-none-eabi/bin//../aarch32-xilinx-eabi/usr/lib/thumb/v7-a+fp/hard/crtend.o
 .text          0x0000000000000000        0x0 D:/Xilinx/Vitis/2023.1/gnu/aarch32/nt/gcc-arm-none-eabi/bin//../aarch32-xilinx-eabi/usr/lib/thumb/v7-a+fp/hard/crtn.o
 .data          0x0000000000000000        0x0 D:/Xilinx/Vitis/2023.1/gnu/aarch32/nt/gcc-arm-none-eabi/bin//../aarch32-xilinx-eabi/usr/lib/thumb/v7-a+fp/hard/crtn.o
 .bss           0x0000000000000000        0x0 D:/Xilinx/Vitis/2023.1/gnu/aarch32/nt/gcc-arm-none-eabi/bin//../aarch32-xilinx-eabi/usr/lib/thumb/v7-a+fp/hard/crtn.o

Memory Configuration

Name             Origin             Length             Attributes
ps7_ddr_0        0x0000000000100000 0x000000001ff00000
ps7_ram_0        0x0000000000000000 0x0000000000030000
ps7_ram_1        0x00000000ffff0000 0x000000000000fe00
*default*        0x0000000000000000 0xffffffffffffffff

Linker script and memory map

LOAD D:/Xilinx/Vitis/2023.1/gnu/aarch32/nt/gcc-arm-none-eabi/bin//../aarch32-xilinx-eabi/usr/lib/thumb/v7-a+fp/hard/crti.o
LOAD D:/Xilinx/Vitis/2023.1/gnu/aarch32/nt/gcc-arm-none-eabi/bin//../aarch32-xilinx-eabi/usr/lib/thumb/v7-a+fp/hard/crtbegin.o
LOAD D:\FPGAhanjia\Hetero_SoC_2026_3\Hetero_SoC_2026\HCS_SOC\ax7020_system_uart_smoke_app\build\obj\main.o
                0x0000000000002000                _STACK_SIZE = DEFINED (_STACK_SIZE)?_STACK_SIZE:0x2000
                0x0000000000002000                _HEAP_SIZE = DEFINED (_HEAP_SIZE)?_HEAP_SIZE:0x2000
                0x0000000000000400                _ABORT_STACK_SIZE = DEFINED (_ABORT_STACK_SIZE)?_ABORT_STACK_SIZE:0x400
                0x0000000000000800                _SUPERVISOR_STACK_SIZE = DEFINED (_SUPERVISOR_STACK_SIZE)?_SUPERVISOR_STACK_SIZE:0x800
                0x0000000000000400                _IRQ_STACK_SIZE = DEFINED (_IRQ_STACK_SIZE)?_IRQ_STACK_SIZE:0x400
                0x0000000000000400                _FIQ_STACK_SIZE = DEFINED (_FIQ_STACK_SIZE)?_FIQ_STACK_SIZE:0x400
                0x0000000000000400                _UNDEF_STACK_SIZE = DEFINED (_UNDEF_STACK_SIZE)?_UNDEF_STACK_SIZE:0x400

.text           0x0000000000100000     0x1e08
 *(.vectors)
 .vectors       0x0000000000100000       0xcc D:\FPGAhanjia\Hetero_SoC_2026_3\Hetero_SoC_2026\HCS_SOC\platform\export\platform\sw\standalone_ps7_cortexa9_0\lib\libxilstandalone.a(asm_vectors.S.obj)
                0x0000000000100000                _vector_table
 *(.boot)
 .boot          0x00000000001000cc      0x38c D:\FPGAhanjia\Hetero_SoC_2026_3\Hetero_SoC_2026\HCS_SOC\platform\export\platform\sw\standalone_ps7_cortexa9_0\lib\libxilstandalone.a(boot.S.obj)
                0x00000000001000cc                _prestart
                0x00000000001000cc                _boot
 *(.text)
 .text          0x0000000000100458       0xa8 D:/Xilinx/Vitis/2023.1/gnu/aarch32/nt/gcc-arm-none-eabi/bin//../aarch32-xilinx-eabi/usr/lib/thumb/v7-a+fp/hard/crtbegin.o
 .text          0x0000000000100500      0x9b0 D:\FPGAhanjia\Hetero_SoC_2026_3\Hetero_SoC_2026\HCS_SOC\platform\export\platform\sw\standalone_ps7_cortexa9_0\lib\libxilstandalone.a(xil_printf.c.obj)
                0x0000000000100884                xil_vprintf
                0x0000000000100e84                xil_printf
 .text          0x0000000000100eb0       0x74 D:\FPGAhanjia\Hetero_SoC_2026_3\Hetero_SoC_2026\HCS_SOC\platform\export\platform\sw\standalone_ps7_cortexa9_0\lib\libxilstandalone.a(xil-crt0.S.obj)
                0x0000000000100ec4                _start
 .text          0x0000000000100f24       0x78 D:\FPGAhanjia\Hetero_SoC_2026_3\Hetero_SoC_2026\HCS_SOC\platform\export\platform\sw\standalone_ps7_cortexa9_0\lib\libxilstandalone.a(vectors.c.obj)
                0x0000000000100f24                FIQInterrupt
                0x0000000000100f38                IRQInterrupt
                0x0000000000100f4c                UndefinedException
                0x0000000000100f60                SWInterrupt
                0x0000000000100f74                DataAbortInterrupt
                0x0000000000100f88                PrefetchAbortInterrupt
 .text          0x0000000000100f9c       0x70 D:\FPGAhanjia\Hetero_SoC_2026_3\Hetero_SoC_2026\HCS_SOC\platform\export\platform\sw\standalone_ps7_cortexa9_0\lib\libxilstandalone.a(xil_exception.c.obj)
                0x0000000000100fac                Xil_ExceptionInit
                0x0000000000100fb0                Xil_ExceptionRegisterHandler
                0x0000000000100fc8                Xil_GetExceptionRegisterHandler
                0x0000000000100fe8                Xil_ExceptionRemoveHandler
 .text          0x000000000010100c       0x3c D:\FPGAhanjia\Hetero_SoC_2026_3\Hetero_SoC_2026\HCS_SOC\platform\export\platform\sw\standalone_ps7_cortexa9_0\lib\libxilstandalone.a(cpu_init.S.obj)
                0x000000000010100c                __cpu_init
 .text          0x0000000000101048       0x88 D:\FPGAhanjia\Hetero_SoC_2026_3\Hetero_SoC_2026\HCS_SOC\platform\export\platform\sw\standalone_ps7_cortexa9_0\lib\libxil.a(xcoresightpsdcc.c.obj)
                0x0000000000101048                XCoresightPs_DccSendByte
                0x0000000000101068                XCoresightPs_DccRecvByte
                0x000000000010108c                outbyte
                0x00000000001010ac                inbyte
 .text          0x00000000001010d0      0x5b8 D:\FPGAhanjia\Hetero_SoC_2026_3\Hetero_SoC_2026\HCS_SOC\platform\export\platform\sw\standalone_ps7_cortexa9_0\lib\libxil.a(xuartps.c.obj)
                0x00000000001010f8                XUartPs_SendBuffer
                0x0000000000101188                XUartPs_Send
                0x0000000000101230                XUartPs_ReceiveBuffer
                0x00000000001012e0                XUartPs_Recv
                0x0000000000101394                XUartPs_SetBaudRate
                0x0000000000101564                XUartPs_CfgInitialize
 .text          0x0000000000101688       0x64 D:\FPGAhanjia\Hetero_SoC_2026_3\Hetero_SoC_2026\HCS_SOC\platform\export\platform\sw\standalone_ps7_cortexa9_0\lib\libxil.a(xuartps_sinit.c.obj)
                0x0000000000101688                XUartPs_LookupConfig
 .text          0x00000000001016ec       0x20 D:/Xilinx/Vitis/2023.1/gnu/aarch32/nt/gcc-arm-none-eabi/bin//../aarch32-xilinx-eabi/usr/lib/thumb/v7-a+fp/hard\libc.a(lib_a-exit.o)
                0x00000000001016ec                exit
 .text          0x000000000010170c       0x2c D:/Xilinx/Vitis/2023.1/gnu/aarch32/nt/gcc-arm-none-eabi/bin//../aarch32-xilinx-eabi/usr/lib/thumb/v7-a+fp/hard\libc.a(lib_a-fini.o)
                0x000000000010170c                __libc_fini_array
 .text          0x0000000000101738       0x58 D:/Xilinx/Vitis/2023.1/gnu/aarch32/nt/gcc-arm-none-eabi/bin//../aarch32-xilinx-eabi/usr/lib/thumb/v7-a+fp/hard\libc.a(lib_a-init.o)
                0x0000000000101738                __libc_init_array
 *fill*         0x0000000000101790       0x30 
 .text          0x00000000001017c0       0xdc D:/Xilinx/Vitis/2023.1/gnu/aarch32/nt/gcc-arm-none-eabi/bin//../aarch32-xilinx-eabi/usr/lib/thumb/v7-a+fp/hard\libc.a(lib_a-strlen.o)
                0x00000000001017c0                strlen
 .text          0x000000000010189c       0xa4 D:/Xilinx/Vitis/2023.1/gnu/aarch32/nt/gcc-arm-none-eabi/bin//../aarch32-xilinx-eabi/usr/lib/thumb/v7-a+fp/hard\libc.a(lib_a-__call_atexit.o)
                0x000000000010189c                __call_exitprocs
 .text          0x0000000000101940      0x278 D:/Xilinx/Vitis/2023.1/gnu/aarch32/nt/gcc-arm-none-eabi/bin//../aarch32-xilinx-eabi/usr/lib/thumb/v7-a+fp/hard\libgcc.a(_udivsi3.o)
                0x0000000000101940                __aeabi_uidiv
                0x0000000000101940                __udivsi3
                0x0000000000101b9c                __aeabi_uidivmod
 .text          0x0000000000101bb8        0x4 D:/Xilinx/Vitis/2023.1/gnu/aarch32/nt/gcc-arm-none-eabi/bin//../aarch32-xilinx-eabi/usr/lib/thumb/v7-a+fp/hard\libgcc.a(_dvmd_tls.o)
                0x0000000000101bb8                __aeabi_idiv0
                0x0000000000101bb8                __aeabi_ldiv0
 .text          0x0000000000101bbc       0x30 D:/Xilinx/Vitis/2023.1/gnu/aarch32/nt/gcc-arm-none-eabi/bin//../aarch32-xilinx-eabi/usr/lib/thumb/v7-a+fp/hard\libgcc.a(_aeabi_uldivmod.o)
                0x0000000000101bbc                __aeabi_uldivmod
 .text          0x0000000000101bec      0x108 D:/Xilinx/Vitis/2023.1/gnu/aarch32/nt/gcc-arm-none-eabi/bin//../aarch32-xilinx-eabi/usr/lib/thumb/v7-a+fp/hard\libgcc.a(_udivmoddi4.o)
                0x0000000000101bec                __udivmoddi4
 .text          0x0000000000101cf4       0x70 D:\FPGAhanjia\Hetero_SoC_2026_3\Hetero_SoC_2026\HCS_SOC\platform\export\platform\sw\standalone_ps7_cortexa9_0\lib\libxilstandalone.a(xil_assert.c.obj)
                0x0000000000101cf4                Xil_Assert
                0x0000000000101d50                Xil_AssertSetCallback
                0x0000000000101d60                XNullHandler
 .text          0x0000000000101d64       0x14 D:\FPGAhanjia\Hetero_SoC_2026_3\Hetero_SoC_2026\HCS_SOC\platform\export\platform\sw\standalone_ps7_cortexa9_0\lib\libxilstandalone.a(xplatform_info.c.obj)
                0x0000000000101d64                XGetPlatform_Info
                0x0000000000101d6c                XGetCoreId
 .text          0x0000000000101d78        0x4 D:\FPGAhanjia\Hetero_SoC_2026_3\Hetero_SoC_2026\HCS_SOC\platform\export\platform\sw\standalone_ps7_cortexa9_0\lib\libxilstandalone.a(_exit.c.obj)
                0x0000000000101d78                _exit
 *(.text.*)
 .text.startup.main
                0x0000000000101d7c       0x68 D:\FPGAhanjia\Hetero_SoC_2026_3\Hetero_SoC_2026\HCS_SOC\ax7020_system_uart_smoke_app\build\obj\main.o
                0x0000000000101d7c                main
 *(.gnu.linkonce.t.*)
 *(.plt)
 *(.gnu_warning)
 *(.gcc_execpt_table)
 *(.glue_7)
 .glue_7        0x0000000000101de4        0x0 linker stubs
 *(.glue_7t)
 .glue_7t       0x0000000000101de4        0x0 linker stubs
 *(.vfp11_veneer)
 .vfp11_veneer  0x0000000000101de4        0x0 linker stubs
 *(.ARM.extab)
 *(.gnu.linkonce.armextab.*)
 *(.note.gnu.build-id)
 .note.gnu.build-id
                0x0000000000101de4       0x24 linker stubs

.v4_bx          0x0000000000101e08        0x0
 .v4_bx         0x0000000000101e08        0x0 linker stubs

.iplt           0x0000000000101e08        0x0
 .iplt          0x0000000000101e08        0x0 D:/Xilinx/Vitis/2023.1/gnu/aarch32/nt/gcc-arm-none-eabi/bin//../aarch32-xilinx-eabi/usr/lib/thumb/v7-a+fp/hard/crtbegin.o

.init           0x0000000000101e08        0xc
 *(.init)
 .init          0x0000000000101e08        0x4 D:/Xilinx/Vitis/2023.1/gnu/aarch32/nt/gcc-arm-none-eabi/bin//../aarch32-xilinx-eabi/usr/lib/thumb/v7-a+fp/hard/crti.o
                0x0000000000101e08                _init
 .init          0x0000000000101e0c        0x8 D:/Xilinx/Vitis/2023.1/gnu/aarch32/nt/gcc-arm-none-eabi/bin//../aarch32-xilinx-eabi/usr/lib/thumb/v7-a+fp/hard/crtn.o

.fini           0x0000000000101e14        0xc
 *(.fini)
 .fini          0x0000000000101e14        0x4 D:/Xilinx/Vitis/2023.1/gnu/aarch32/nt/gcc-arm-none-eabi/bin//../aarch32-xilinx-eabi/usr/lib/thumb/v7-a+fp/hard/crti.o
                0x0000000000101e14                _fini
 .fini          0x0000000000101e18        0x8 D:/Xilinx/Vitis/2023.1/gnu/aarch32/nt/gcc-arm-none-eabi/bin//../aarch32-xilinx-eabi/usr/lib/thumb/v7-a+fp/hard/crtn.o

.rodata         0x0000000000101e20      0x1dd
                0x0000000000101e20                __rodata_start = .
 *(.rodata)
 .rodata        0x0000000000101e20      0x101 D:/Xilinx/Vitis/2023.1/gnu/aarch32/nt/gcc-arm-none-eabi/bin//../aarch32-xilinx-eabi/usr/lib/thumb/v7-a+fp/hard\libc.a(lib_a-ctype_.o)
                0x0000000000101e20                _ctype_
 *fill*         0x0000000000101f21        0x3 
 .rodata        0x0000000000101f24        0x4 D:/Xilinx/Vitis/2023.1/gnu/aarch32/nt/gcc-arm-none-eabi/bin//../aarch32-xilinx-eabi/usr/lib/thumb/v7-a+fp/hard\libc.a(lib_a-impure.o)
                0x0000000000101f24                _global_impure_ptr
 *(.rodata.*)
 .rodata.main.str1.4
                0x0000000000101f28       0x27 D:\FPGAhanjia\Hetero_SoC_2026_3\Hetero_SoC_2026\HCS_SOC\ax7020_system_uart_smoke_app\build\obj\main.o
 *fill*         0x0000000000101f4f        0x1 
 .rodata.str1.4
                0x0000000000101f50       0x11 D:\FPGAhanjia\Hetero_SoC_2026_3\Hetero_SoC_2026\HCS_SOC\platform\export\platform\sw\standalone_ps7_cortexa9_0\lib\libxilstandalone.a(xil_printf.c.obj)
 *fill*         0x0000000000101f61        0x3 
 .rodata.str1.4
                0x0000000000101f64       0x8a D:\FPGAhanjia\Hetero_SoC_2026_3\Hetero_SoC_2026\HCS_SOC\platform\export\platform\sw\standalone_ps7_cortexa9_0\lib\libxil.a(xuartps.c.obj)
 *fill*         0x0000000000101fee        0x2 
 .rodata.str1.4
                0x0000000000101ff0        0xd D:\FPGAhanjia\Hetero_SoC_2026_3\Hetero_SoC_2026\HCS_SOC\platform\export\platform\sw\standalone_ps7_cortexa9_0\lib\libxil.a(xuartps_g.c.obj)
 *(.gnu.linkonce.r.*)
                0x0000000000101ffd                __rodata_end = .

.rodata1        0x0000000000101ffd        0x0
                0x0000000000101ffd                __rodata1_start = .
 *(.rodata1)
 *(.rodata1.*)
                0x0000000000101ffd                __rodata1_end = .

.sdata2         0x0000000000101ffd        0x0
                0x0000000000101ffd                __sdata2_start = .
 *(.sdata2)
 *(.sdata2.*)
 *(.gnu.linkonce.s2.*)
                0x0000000000101ffd                __sdata2_end = .

.sbss2          0x0000000000101ffd        0x0
                0x0000000000101ffd                __sbss2_start = .
 *(.sbss2)
 *(.sbss2.*)
 *(.gnu.linkonce.sb2.*)
                0x0000000000101ffd                __sbss2_end = .

.data           0x0000000000102000      0x46c
                0x0000000000102000                __data_start = .
 *(.data)
 .data          0x0000000000102000       0x38 D:\FPGAhanjia\Hetero_SoC_2026_3\Hetero_SoC_2026\HCS_SOC\platform\export\platform\sw\standalone_ps7_cortexa9_0\lib\libxilstandalone.a(xil_exception.c.obj)
                0x0000000000102000                XExc_VectorTable
 .data          0x0000000000102038      0x430 D:/Xilinx/Vitis/2023.1/gnu/aarch32/nt/gcc-arm-none-eabi/bin//../aarch32-xilinx-eabi/usr/lib/thumb/v7-a+fp/hard\libc.a(lib_a-impure.o)
                0x0000000000102038                _impure_ptr
 .data          0x0000000000102468        0x4 D:\FPGAhanjia\Hetero_SoC_2026_3\Hetero_SoC_2026\HCS_SOC\platform\export\platform\sw\standalone_ps7_cortexa9_0\lib\libxilstandalone.a(xil_assert.c.obj)
                0x0000000000102468                Xil_AssertWait
 *(.data.*)
 *(.gnu.linkonce.d.*)
 *(.jcr)
 *(.got)
 *(.got.plt)
                0x000000000010246c                __data_end = .

.tm_clone_table
                0x000000000010246c        0x0
 .tm_clone_table
                0x000000000010246c        0x0 D:/Xilinx/Vitis/2023.1/gnu/aarch32/nt/gcc-arm-none-eabi/bin//../aarch32-xilinx-eabi/usr/lib/thumb/v7-a+fp/hard/crtbegin.o
 .tm_clone_table
                0x000000000010246c        0x0 D:/Xilinx/Vitis/2023.1/gnu/aarch32/nt/gcc-arm-none-eabi/bin//../aarch32-xilinx-eabi/usr/lib/thumb/v7-a+fp/hard/crtend.o

.igot.plt       0x000000000010246c        0x0
 .igot.plt      0x000000000010246c        0x0 D:/Xilinx/Vitis/2023.1/gnu/aarch32/nt/gcc-arm-none-eabi/bin//../aarch32-xilinx-eabi/usr/lib/thumb/v7-a+fp/hard/crtbegin.o

.data1          0x000000000010246c        0x0
                0x000000000010246c                __data1_start = .
 *(.data1)
 *(.data1.*)
                0x000000000010246c                __data1_end = .

.got
 *(.got)

.ctors          0x000000000010246c        0x0
                0x000000000010246c                __CTOR_LIST__ = .
                0x000000000010246c                ___CTORS_LIST___ = .
 *crtbegin.o(.ctors)
 *(EXCLUDE_FILE(*crtend.o) .ctors)
 *(SORT_BY_NAME(.ctors.*))
 *(.ctors)
                0x000000000010246c                __CTOR_END__ = .
                0x000000000010246c                ___CTORS_END___ = .

.dtors          0x000000000010246c        0x0
                0x000000000010246c                __DTOR_LIST__ = .
                0x000000000010246c                ___DTORS_LIST___ = .
 *crtbegin.o(.dtors)
 *(EXCLUDE_FILE(*crtend.o) .dtors)
 *(SORT_BY_NAME(.dtors.*))
 *(.dtors)
                0x000000000010246c                __DTOR_END__ = .
                0x000000000010246c                ___DTORS_END___ = .

.fixup          0x000000000010246c        0x0
                0x000000000010246c                __fixup_start = .
 *(.fixup)
                0x000000000010246c                __fixup_end = .

.eh_frame       0x000000000010246c        0x0
 *(.eh_frame)
 .eh_frame      0x000000000010246c        0x0 D:/Xilinx/Vitis/2023.1/gnu/aarch32/nt/gcc-arm-none-eabi/bin//../aarch32-xilinx-eabi/usr/lib/thumb/v7-a+fp/hard/crtbegin.o

.eh_framehdr    0x000000000010246c        0x0
                0x000000000010246c                __eh_framehdr_start = .
 *(.eh_framehdr)
                0x000000000010246c                __eh_framehdr_end = .

.gcc_except_table
 *(.gcc_except_table)

.mmu_tbl        0x0000000000104000     0x4000
                0x0000000000104000                __mmu_tbl_start = .
 *(.mmu_tbl)
 .mmu_tbl       0x0000000000104000     0x4000 D:\FPGAhanjia\Hetero_SoC_2026_3\Hetero_SoC_2026\HCS_SOC\platform\export\platform\sw\standalone_ps7_cortexa9_0\lib\libxilstandalone.a(translation_table.S.obj)
                0x0000000000104000                MMUTable
                0x0000000000108000                __mmu_tbl_end = .

.ARM.exidx      0x0000000000108000        0x8
                0x0000000000108000                __exidx_start = .
 *(.ARM.exidx*)
 .ARM.exidx     0x0000000000108000        0x8 D:/Xilinx/Vitis/2023.1/gnu/aarch32/nt/gcc-arm-none-eabi/bin//../aarch32-xilinx-eabi/usr/lib/thumb/v7-a+fp/hard\libgcc.a(_udivmoddi4.o)
 *(.gnu.linkonce.armexidix.*.*)
                0x0000000000108008                __exidx_end = .

.rel.dyn        0x0000000000108008        0x0
 .rel.iplt      0x0000000000108008        0x0 D:/Xilinx/Vitis/2023.1/gnu/aarch32/nt/gcc-arm-none-eabi/bin//../aarch32-xilinx-eabi/usr/lib/thumb/v7-a+fp/hard/crtbegin.o

.preinit_array  0x0000000000108008        0x0
                0x0000000000108008                __preinit_array_start = .
 *(SORT_BY_NAME(.preinit_array.*))
 *(.preinit_array)
                0x0000000000108008                __preinit_array_end = .

.init_array     0x0000000000108008        0x4
                0x0000000000108008                __init_array_start = .
 *(SORT_BY_NAME(.init_array.*))
 *(.init_array)
 .init_array    0x0000000000108008        0x4 D:/Xilinx/Vitis/2023.1/gnu/aarch32/nt/gcc-arm-none-eabi/bin//../aarch32-xilinx-eabi/usr/lib/thumb/v7-a+fp/hard/crtbegin.o
                0x000000000010800c                __init_array_end = .

.fini_array     0x000000000010800c        0x4
                0x000000000010800c                __fini_array_start = .
 *(SORT_BY_NAME(.fini_array.*))
 *(.fini_array)
 .fini_array    0x000000000010800c        0x4 D:/Xilinx/Vitis/2023.1/gnu/aarch32/nt/gcc-arm-none-eabi/bin//../aarch32-xilinx-eabi/usr/lib/thumb/v7-a+fp/hard/crtbegin.o
                0x0000000000108010                __fini_array_end = .

.drvcfg_sec     0x0000000000108010       0x38
                0x0000000000108010                . = ALIGN (0x8)
                0x0000000000108010                __drvcfgsecdata_start = .
 *(.drvcfg_sec)
 .drvcfg_sec    0x0000000000108010       0x38 D:\FPGAhanjia\Hetero_SoC_2026_3\Hetero_SoC_2026\HCS_SOC\platform\export\platform\sw\standalone_ps7_cortexa9_0\lib\libxil.a(xuartps_g.c.obj)
                0x0000000000108010                XUartPs_ConfigTable
                0x0000000000108048                __drvcfgsecdata_end = .
                0x0000000000108048                __drvcfgsecdata_size = (__drvcfgsecdata_end - __drvcfgsecdata_start)

.ARM.attributes
                0x0000000000108048       0x33
                0x0000000000108048                __ARM.attributes_start = .
 *(.ARM.attributes)
 .ARM.attributes
                0x0000000000108048       0x21 D:/Xilinx/Vitis/2023.1/gnu/aarch32/nt/gcc-arm-none-eabi/bin//../aarch32-xilinx-eabi/usr/lib/thumb/v7-a+fp/hard/crti.o
 .ARM.attributes
                0x0000000000108069       0x33 D:/Xilinx/Vitis/2023.1/gnu/aarch32/nt/gcc-arm-none-eabi/bin//../aarch32-xilinx-eabi/usr/lib/thumb/v7-a+fp/hard/crtbegin.o
 .ARM.attributes
                0x000000000010809c       0x37 D:\FPGAhanjia\Hetero_SoC_2026_3\Hetero_SoC_2026\HCS_SOC\ax7020_system_uart_smoke_app\build\obj\main.o
 .ARM.attributes
                0x00000000001080d3       0x37 D:\FPGAhanjia\Hetero_SoC_2026_3\Hetero_SoC_2026\HCS_SOC\platform\export\platform\sw\standalone_ps7_cortexa9_0\lib\libxilstandalone.a(xil_printf.c.obj)
 .ARM.attributes
                0x000000000010810a       0x23 D:\FPGAhanjia\Hetero_SoC_2026_3\Hetero_SoC_2026\HCS_SOC\platform\export\platform\sw\standalone_ps7_cortexa9_0\lib\libxilstandalone.a(boot.S.obj)
 .ARM.attributes
                0x000000000010812d       0x23 D:\FPGAhanjia\Hetero_SoC_2026_3\Hetero_SoC_2026\HCS_SOC\platform\export\platform\sw\standalone_ps7_cortexa9_0\lib\libxilstandalone.a(xil-crt0.S.obj)
 .ARM.attributes
                0x0000000000108150       0x37 D:\FPGAhanjia\Hetero_SoC_2026_3\Hetero_SoC_2026\HCS_SOC\platform\export\platform\sw\standalone_ps7_cortexa9_0\lib\libxilstandalone.a(vectors.c.obj)
 .ARM.attributes
                0x0000000000108187       0x37 D:\FPGAhanjia\Hetero_SoC_2026_3\Hetero_SoC_2026\HCS_SOC\platform\export\platform\sw\standalone_ps7_cortexa9_0\lib\libxilstandalone.a(xil_exception.c.obj)
 .ARM.attributes
                0x00000000001081be       0x23 D:\FPGAhanjia\Hetero_SoC_2026_3\Hetero_SoC_2026\HCS_SOC\platform\export\platform\sw\standalone_ps7_cortexa9_0\lib\libxilstandalone.a(translation_table.S.obj)
 .ARM.attributes
                0x00000000001081e1       0x23 D:\FPGAhanjia\Hetero_SoC_2026_3\Hetero_SoC_2026\HCS_SOC\platform\export\platform\sw\standalone_ps7_cortexa9_0\lib\libxilstandalone.a(cpu_init.S.obj)
 .ARM.attributes
                0x0000000000108204       0x37 D:\FPGAhanjia\Hetero_SoC_2026_3\Hetero_SoC_2026\HCS_SOC\platform\export\platform\sw\standalone_ps7_cortexa9_0\lib\libxil.a(xcoresightpsdcc.c.obj)
 .ARM.attributes
                0x000000000010823b       0x37 D:\FPGAhanjia\Hetero_SoC_2026_3\Hetero_SoC_2026\HCS_SOC\platform\export\platform\sw\standalone_ps7_cortexa9_0\lib\libxil.a(xuartps.c.obj)
 .ARM.attributes
                0x0000000000108272       0x37 D:\FPGAhanjia\Hetero_SoC_2026_3\Hetero_SoC_2026\HCS_SOC\platform\export\platform\sw\standalone_ps7_cortexa9_0\lib\libxil.a(xuartps_sinit.c.obj)
 .ARM.attributes
                0x00000000001082a9       0x37 D:\FPGAhanjia\Hetero_SoC_2026_3\Hetero_SoC_2026\HCS_SOC\platform\export\platform\sw\standalone_ps7_cortexa9_0\lib\libxil.a(xuartps_g.c.obj)
 .ARM.attributes
                0x00000000001082e0       0x33 D:/Xilinx/Vitis/2023.1/gnu/aarch32/nt/gcc-arm-none-eabi/bin//../aarch32-xilinx-eabi/usr/lib/thumb/v7-a+fp/hard\libc.a(lib_a-ctype_.o)
 .ARM.attributes
                0x0000000000108313       0x33 D:/Xilinx/Vitis/2023.1/gnu/aarch32/nt/gcc-arm-none-eabi/bin//../aarch32-xilinx-eabi/usr/lib/thumb/v7-a+fp/hard\libc.a(lib_a-exit.o)
 .ARM.attributes
                0x0000000000108346       0x33 D:/Xilinx/Vitis/2023.1/gnu/aarch32/nt/gcc-arm-none-eabi/bin//../aarch32-xilinx-eabi/usr/lib/thumb/v7-a+fp/hard\libc.a(lib_a-fini.o)
 .ARM.attributes
                0x0000000000108379       0x33 D:/Xilinx/Vitis/2023.1/gnu/aarch32/nt/gcc-arm-none-eabi/bin//../aarch32-xilinx-eabi/usr/lib/thumb/v7-a+fp/hard\libc.a(lib_a-impure.o)
 .ARM.attributes
                0x00000000001083ac       0x33 D:/Xilinx/Vitis/2023.1/gnu/aarch32/nt/gcc-arm-none-eabi/bin//../aarch32-xilinx-eabi/usr/lib/thumb/v7-a+fp/hard\libc.a(lib_a-init.o)
 .ARM.attributes
                0x00000000001083df       0x19 D:/Xilinx/Vitis/2023.1/gnu/aarch32/nt/gcc-arm-none-eabi/bin//../aarch32-xilinx-eabi/usr/lib/thumb/v7-a+fp/hard\libc.a(lib_a-strlen.o)
 .ARM.attributes
                0x00000000001083f8       0x33 D:/Xilinx/Vitis/2023.1/gnu/aarch32/nt/gcc-arm-none-eabi/bin//../aarch32-xilinx-eabi/usr/lib/thumb/v7-a+fp/hard\libc.a(lib_a-__call_atexit.o)
 .ARM.attributes
                0x000000000010842b       0x21 D:/Xilinx/Vitis/2023.1/gnu/aarch32/nt/gcc-arm-none-eabi/bin//../aarch32-xilinx-eabi/usr/lib/thumb/v7-a+fp/hard\libgcc.a(_udivsi3.o)
 .ARM.attributes
                0x000000000010844c       0x21 D:/Xilinx/Vitis/2023.1/gnu/aarch32/nt/gcc-arm-none-eabi/bin//../aarch32-xilinx-eabi/usr/lib/thumb/v7-a+fp/hard\libgcc.a(_dvmd_tls.o)
 .ARM.attributes
                0x000000000010846d       0x21 D:/Xilinx/Vitis/2023.1/gnu/aarch32/nt/gcc-arm-none-eabi/bin//../aarch32-xilinx-eabi/usr/lib/thumb/v7-a+fp/hard\libgcc.a(_aeabi_uldivmod.o)
 .ARM.attributes
                0x000000000010848e       0x33 D:/Xilinx/Vitis/2023.1/gnu/aarch32/nt/gcc-arm-none-eabi/bin//../aarch32-xilinx-eabi/usr/lib/thumb/v7-a+fp/hard\libgcc.a(_udivmoddi4.o)
 .ARM.attributes
                0x00000000001084c1       0x37 D:\FPGAhanjia\Hetero_SoC_2026_3\Hetero_SoC_2026\HCS_SOC\platform\export\platform\sw\standalone_ps7_cortexa9_0\lib\libxilstandalone.a(xil_assert.c.obj)
 .ARM.attributes
                0x00000000001084f8       0x37 D:\FPGAhanjia\Hetero_SoC_2026_3\Hetero_SoC_2026\HCS_SOC\platform\export\platform\sw\standalone_ps7_cortexa9_0\lib\libxilstandalone.a(xplatform_info.c.obj)
 .ARM.attributes
                0x000000000010852f       0x37 D:\FPGAhanjia\Hetero_SoC_2026_3\Hetero_SoC_2026\HCS_SOC\platform\export\platform\sw\standalone_ps7_cortexa9_0\lib\libxilstandalone.a(_exit.c.obj)
 .ARM.attributes
                0x0000000000108566       0x33 D:/Xilinx/Vitis/2023.1/gnu/aarch32/nt/gcc-arm-none-eabi/bin//../aarch32-xilinx-eabi/usr/lib/thumb/v7-a+fp/hard/crtend.o
 .ARM.attributes
                0x0000000000108599       0x21 D:/Xilinx/Vitis/2023.1/gnu/aarch32/nt/gcc-arm-none-eabi/bin//../aarch32-xilinx-eabi/usr/lib/thumb/v7-a+fp/hard/crtn.o
                0x00000000001085ba                __ARM.attributes_end = .

.sdata          0x0000000000108048        0x0
                0x0000000000108048                __sdata_start = .
 *(.sdata)
 *(.sdata.*)
 *(.gnu.linkonce.s.*)
                0x0000000000108048                __sdata_end = .

.sbss           0x0000000000108048        0x0
                0x0000000000108048                __sbss_start = .
 *(.sbss)
 *(.sbss.*)
 *(.gnu.linkonce.sb.*)
                0x0000000000108048                __sbss_end = .

.tdata          0x0000000000108048        0x0
                0x0000000000108048                __tdata_start = .
 *(.tdata)
 *(.tdata.*)
 *(.gnu.linkonce.td.*)
                0x0000000000108048                __tdata_end = .

.tbss           0x0000000000108048        0x0
                0x0000000000108048                __tbss_start = .
 *(.tbss)
 *(.tbss.*)
 *(.gnu.linkonce.tb.*)
                0x0000000000108048                __tbss_end = .

.bss            0x0000000000108048       0x80
                0x0000000000108048                __bss_start = .
 *(.bss)
 .bss           0x0000000000108048       0x1c D:/Xilinx/Vitis/2023.1/gnu/aarch32/nt/gcc-arm-none-eabi/bin//../aarch32-xilinx-eabi/usr/lib/thumb/v7-a+fp/hard/crtbegin.o
 .bss           0x0000000000108064        0xc D:\FPGAhanjia\Hetero_SoC_2026_3\Hetero_SoC_2026\HCS_SOC\platform\export\platform\sw\standalone_ps7_cortexa9_0\lib\libxilstandalone.a(xil_exception.c.obj)
                0x0000000000108064                UndefinedExceptionAddr
                0x0000000000108068                PrefetchAbortAddr
                0x000000000010806c                DataAbortAddr
 .bss           0x0000000000108070        0x8 D:\FPGAhanjia\Hetero_SoC_2026_3\Hetero_SoC_2026\HCS_SOC\platform\export\platform\sw\standalone_ps7_cortexa9_0\lib\libxilstandalone.a(xil_assert.c.obj)
                0x0000000000108074                Xil_AssertStatus
 *(.bss.*)
 .bss.g_uart    0x0000000000108078       0x50 D:\FPGAhanjia\Hetero_SoC_2026_3\Hetero_SoC_2026\HCS_SOC\ax7020_system_uart_smoke_app\build\obj\main.o
 *(.gnu.linkonce.b.*)
 *(COMMON)
                0x00000000001080c8                __bss_end = .
                0x0000000000108048                _SDA_BASE_ = (__sdata_start + ((__sbss_end - __sdata_start) / 0x2))
                0x0000000000101ffd                _SDA2_BASE_ = (__sdata2_start + ((__sbss2_end - __sdata2_start) / 0x2))

.heap           0x00000000001080c8     0x2008
                0x00000000001080d0                . = ALIGN (0x10)
 *fill*         0x00000000001080c8        0x8 
                0x00000000001080d0                _heap = .
                0x00000000001080d0                HeapBase = .
                0x00000000001080d0                _heap_start = .
                0x000000000010a0d0                . = (. + _HEAP_SIZE)
 *fill*         0x00000000001080d0     0x2000 
                0x000000000010a0d0                _heap_end = .
                0x000000000010a0d0                HeapLimit = .

.stack          0x000000000010a0d0     0x3800
                0x000000000010a0d0                . = ALIGN (0x10)
                0x000000000010a0d0                _stack_end = .
                0x000000000010c0d0                . = (. + _STACK_SIZE)
 *fill*         0x000000000010a0d0     0x2000 
                0x000000000010c0d0                . = ALIGN (0x10)
                0x000000000010c0d0                _stack = .
                0x000000000010c0d0                __stack = _stack
                0x000000000010c0d0                . = ALIGN (0x10)
                0x000000000010c0d0                _irq_stack_end = .
                0x000000000010c4d0                . = (. + _IRQ_STACK_SIZE)
 *fill*         0x000000000010c0d0      0x400 
                0x000000000010c4d0                . = ALIGN (0x10)
                0x000000000010c4d0                __irq_stack = .
                0x000000000010c4d0                _supervisor_stack_end = .
                0x000000000010ccd0                . = (. + _SUPERVISOR_STACK_SIZE)
 *fill*         0x000000000010c4d0      0x800 
                0x000000000010ccd0                . = ALIGN (0x10)
                0x000000000010ccd0                __supervisor_stack = .
                0x000000000010ccd0                _abort_stack_end = .
                0x000000000010d0d0                . = (. + _ABORT_STACK_SIZE)
 *fill*         0x000000000010ccd0      0x400 
                0x000000000010d0d0                . = ALIGN (0x10)
                0x000000000010d0d0                __abort_stack = .
                0x000000000010d0d0                _fiq_stack_end = .
                0x000000000010d4d0                . = (. + _FIQ_STACK_SIZE)
 *fill*         0x000000000010d0d0      0x400 
                0x000000000010d4d0                . = ALIGN (0x10)
                0x000000000010d4d0                __fiq_stack = .
                0x000000000010d4d0                _undef_stack_end = .
                0x000000000010d8d0                . = (. + _UNDEF_STACK_SIZE)
 *fill*         0x000000000010d4d0      0x400 
                0x000000000010d8d0                . = ALIGN (0x10)
                0x000000000010d8d0                __undef_stack = .
                0x000000000010d8d0                end = .
START GROUP
LOAD D:\FPGAhanjia\Hetero_SoC_2026_3\Hetero_SoC_2026\HCS_SOC\platform\export\platform\sw\standalone_ps7_cortexa9_0\lib\libxilstandalone.a
LOAD D:\FPGAhanjia\Hetero_SoC_2026_3\Hetero_SoC_2026\HCS_SOC\platform\export\platform\sw\standalone_ps7_cortexa9_0\lib\libxiltimer.a
LOAD D:\FPGAhanjia\Hetero_SoC_2026_3\Hetero_SoC_2026\HCS_SOC\platform\export\platform\sw\standalone_ps7_cortexa9_0\lib\libxil.a
LOAD D:/Xilinx/Vitis/2023.1/gnu/aarch32/nt/gcc-arm-none-eabi/bin//../aarch32-xilinx-eabi/usr/lib/thumb/v7-a+fp/hard\libc.a
LOAD D:/Xilinx/Vitis/2023.1/gnu/aarch32/nt/gcc-arm-none-eabi/bin//../aarch32-xilinx-eabi/usr/lib/thumb/v7-a+fp/hard\libgcc.a
LOAD D:/Xilinx/Vitis/2023.1/gnu/aarch32/nt/gcc-arm-none-eabi/bin//../aarch32-xilinx-eabi/usr/lib/thumb/v7-a+fp/hard\libm.a
END GROUP
START GROUP
LOAD D:/Xilinx/Vitis/2023.1/gnu/aarch32/nt/gcc-arm-none-eabi/bin//../aarch32-xilinx-eabi/usr/lib/thumb/v7-a+fp/hard\libgcc.a
LOAD D:/Xilinx/Vitis/2023.1/gnu/aarch32/nt/gcc-arm-none-eabi/bin//../aarch32-xilinx-eabi/usr/lib/thumb/v7-a+fp/hard\libc.a
END GROUP
LOAD D:/Xilinx/Vitis/2023.1/gnu/aarch32/nt/gcc-arm-none-eabi/bin//../aarch32-xilinx-eabi/usr/lib/thumb/v7-a+fp/hard/crtend.o
LOAD D:/Xilinx/Vitis/2023.1/gnu/aarch32/nt/gcc-arm-none-eabi/bin//../aarch32-xilinx-eabi/usr/lib/thumb/v7-a+fp/hard/crtn.o
OUTPUT(D:\FPGAhanjia\Hetero_SoC_2026_3\Hetero_SoC_2026\HCS_SOC\ax7020_system_uart_smoke_app\build\ax7020_system_uart_smoke_app.elf elf32-littlearm)
LOAD linker stubs

.comment        0x0000000000000000       0x12
 .comment       0x0000000000000000       0x12 D:/Xilinx/Vitis/2023.1/gnu/aarch32/nt/gcc-arm-none-eabi/bin//../aarch32-xilinx-eabi/usr/lib/thumb/v7-a+fp/hard/crtbegin.o
                                         0x13 (size before relaxing)
 .comment       0x0000000000000012       0x13 D:\FPGAhanjia\Hetero_SoC_2026_3\Hetero_SoC_2026\HCS_SOC\ax7020_system_uart_smoke_app\build\obj\main.o
 .comment       0x0000000000000012       0x13 D:\FPGAhanjia\Hetero_SoC_2026_3\Hetero_SoC_2026\HCS_SOC\platform\export\platform\sw\standalone_ps7_cortexa9_0\lib\libxilstandalone.a(xil_printf.c.obj)
 .comment       0x0000000000000012       0x13 D:\FPGAhanjia\Hetero_SoC_2026_3\Hetero_SoC_2026\HCS_SOC\platform\export\platform\sw\standalone_ps7_cortexa9_0\lib\libxilstandalone.a(vectors.c.obj)
 .comment       0x0000000000000012       0x13 D:\FPGAhanjia\Hetero_SoC_2026_3\Hetero_SoC_2026\HCS_SOC\platform\export\platform\sw\standalone_ps7_cortexa9_0\lib\libxilstandalone.a(xil_exception.c.obj)
 .comment       0x0000000000000012       0x13 D:\FPGAhanjia\Hetero_SoC_2026_3\Hetero_SoC_2026\HCS_SOC\platform\export\platform\sw\standalone_ps7_cortexa9_0\lib\libxil.a(xcoresightpsdcc.c.obj)
 .comment       0x0000000000000012       0x13 D:\FPGAhanjia\Hetero_SoC_2026_3\Hetero_SoC_2026\HCS_SOC\platform\export\platform\sw\standalone_ps7_cortexa9_0\lib\libxil.a(xuartps.c.obj)
 .comment       0x0000000000000012       0x13 D:\FPGAhanjia\Hetero_SoC_2026_3\Hetero_SoC_2026\HCS_SOC\platform\export\platform\sw\standalone_ps7_cortexa9_0\lib\libxil.a(xuartps_sinit.c.obj)
 .comment       0x0000000000000012       0x13 D:\FPGAhanjia\Hetero_SoC_2026_3\Hetero_SoC_2026\HCS_SOC\platform\export\platform\sw\standalone_ps7_cortexa9_0\lib\libxil.a(xuartps_g.c.obj)
 .comment       0x0000000000000012       0x13 D:\FPGAhanjia\Hetero_SoC_2026_3\Hetero_SoC_2026\HCS_SOC\platform\export\platform\sw\standalone_ps7_cortexa9_0\lib\libxilstandalone.a(xil_assert.c.obj)
 .comment       0x0000000000000012       0x13 D:\FPGAhanjia\Hetero_SoC_2026_3\Hetero_SoC_2026\HCS_SOC\platform\export\platform\sw\standalone_ps7_cortexa9_0\lib\libxilstandalone.a(xplatform_info.c.obj)
 .comment       0x0000000000000012       0x13 D:\FPGAhanjia\Hetero_SoC_2026_3\Hetero_SoC_2026\HCS_SOC\platform\export\platform\sw\standalone_ps7_cortexa9_0\lib\libxilstandalone.a(_exit.c.obj)
 .comment       0x0000000000000012       0x13 D:/Xilinx/Vitis/2023.1/gnu/aarch32/nt/gcc-arm-none-eabi/bin//../aarch32-xilinx-eabi/usr/lib/thumb/v7-a+fp/hard/crtend.o

.debug_info     0x0000000000000000     0x2705
 .debug_info    0x0000000000000000      0xb16 D:\FPGAhanjia\Hetero_SoC_2026_3\Hetero_SoC_2026\HCS_SOC\platform\export\platform\sw\standalone_ps7_cortexa9_0\lib\libxilstandalone.a(xil_printf.c.obj)
 .debug_info    0x0000000000000b16       0x25 D:\FPGAhanjia\Hetero_SoC_2026_3\Hetero_SoC_2026\HCS_SOC\platform\export\platform\sw\standalone_ps7_cortexa9_0\lib\libxilstandalone.a(boot.S.obj)
 .debug_info    0x0000000000000b3b       0x24 D:\FPGAhanjia\Hetero_SoC_2026_3\Hetero_SoC_2026\HCS_SOC\platform\export\platform\sw\standalone_ps7_cortexa9_0\lib\libxilstandalone.a(xil-crt0.S.obj)
 .debug_info    0x0000000000000b5f      0x13d D:\FPGAhanjia\Hetero_SoC_2026_3\Hetero_SoC_2026\HCS_SOC\platform\export\platform\sw\standalone_ps7_cortexa9_0\lib\libxilstandalone.a(vectors.c.obj)
 .debug_info    0x0000000000000c9c      0x314 D:\FPGAhanjia\Hetero_SoC_2026_3\Hetero_SoC_2026\HCS_SOC\platform\export\platform\sw\standalone_ps7_cortexa9_0\lib\libxilstandalone.a(xil_exception.c.obj)
 .debug_info    0x0000000000000fb0       0x24 D:\FPGAhanjia\Hetero_SoC_2026_3\Hetero_SoC_2026\HCS_SOC\platform\export\platform\sw\standalone_ps7_cortexa9_0\lib\libxilstandalone.a(cpu_init.S.obj)
 .debug_info    0x0000000000000fd4      0x277 D:\FPGAhanjia\Hetero_SoC_2026_3\Hetero_SoC_2026\HCS_SOC\platform\export\platform\sw\standalone_ps7_cortexa9_0\lib\libxil.a(xcoresightpsdcc.c.obj)
 .debug_info    0x000000000000124b      0xdb8 D:\FPGAhanjia\Hetero_SoC_2026_3\Hetero_SoC_2026\HCS_SOC\platform\export\platform\sw\standalone_ps7_cortexa9_0\lib\libxil.a(xuartps.c.obj)
 .debug_info    0x0000000000002003      0x1ce D:\FPGAhanjia\Hetero_SoC_2026_3\Hetero_SoC_2026\HCS_SOC\platform\export\platform\sw\standalone_ps7_cortexa9_0\lib\libxil.a(xuartps_sinit.c.obj)
 .debug_info    0x00000000000021d1      0x178 D:\FPGAhanjia\Hetero_SoC_2026_3\Hetero_SoC_2026\HCS_SOC\platform\export\platform\sw\standalone_ps7_cortexa9_0\lib\libxil.a(xuartps_g.c.obj)
 .debug_info    0x0000000000002349      0x1c9 D:\FPGAhanjia\Hetero_SoC_2026_3\Hetero_SoC_2026\HCS_SOC\platform\export\platform\sw\standalone_ps7_cortexa9_0\lib\libxilstandalone.a(xil_assert.c.obj)
 .debug_info    0x0000000000002512      0x145 D:\FPGAhanjia\Hetero_SoC_2026_3\Hetero_SoC_2026\HCS_SOC\platform\export\platform\sw\standalone_ps7_cortexa9_0\lib\libxilstandalone.a(xplatform_info.c.obj)
 .debug_info    0x0000000000002657       0xae D:\FPGAhanjia\Hetero_SoC_2026_3\Hetero_SoC_2026\HCS_SOC\platform\export\platform\sw\standalone_ps7_cortexa9_0\lib\libxilstandalone.a(_exit.c.obj)

.debug_abbrev   0x0000000000000000      0xe1c
 .debug_abbrev  0x0000000000000000      0x37b D:\FPGAhanjia\Hetero_SoC_2026_3\Hetero_SoC_2026\HCS_SOC\platform\export\platform\sw\standalone_ps7_cortexa9_0\lib\libxilstandalone.a(xil_printf.c.obj)
 .debug_abbrev  0x000000000000037b       0x14 D:\FPGAhanjia\Hetero_SoC_2026_3\Hetero_SoC_2026\HCS_SOC\platform\export\platform\sw\standalone_ps7_cortexa9_0\lib\libxilstandalone.a(boot.S.obj)
 .debug_abbrev  0x000000000000038f       0x14 D:\FPGAhanjia\Hetero_SoC_2026_3\Hetero_SoC_2026\HCS_SOC\platform\export\platform\sw\standalone_ps7_cortexa9_0\lib\libxilstandalone.a(xil-crt0.S.obj)
 .debug_abbrev  0x00000000000003a3       0xb5 D:\FPGAhanjia\Hetero_SoC_2026_3\Hetero_SoC_2026\HCS_SOC\platform\export\platform\sw\standalone_ps7_cortexa9_0\lib\libxilstandalone.a(vectors.c.obj)
 .debug_abbrev  0x0000000000000458      0x1ed D:\FPGAhanjia\Hetero_SoC_2026_3\Hetero_SoC_2026\HCS_SOC\platform\export\platform\sw\standalone_ps7_cortexa9_0\lib\libxilstandalone.a(xil_exception.c.obj)
 .debug_abbrev  0x0000000000000645       0x14 D:\FPGAhanjia\Hetero_SoC_2026_3\Hetero_SoC_2026\HCS_SOC\platform\export\platform\sw\standalone_ps7_cortexa9_0\lib\libxilstandalone.a(cpu_init.S.obj)
 .debug_abbrev  0x0000000000000659      0x164 D:\FPGAhanjia\Hetero_SoC_2026_3\Hetero_SoC_2026\HCS_SOC\platform\export\platform\sw\standalone_ps7_cortexa9_0\lib\libxil.a(xcoresightpsdcc.c.obj)
 .debug_abbrev  0x00000000000007bd      0x2b5 D:\FPGAhanjia\Hetero_SoC_2026_3\Hetero_SoC_2026\HCS_SOC\platform\export\platform\sw\standalone_ps7_cortexa9_0\lib\libxil.a(xuartps.c.obj)
 .debug_abbrev  0x0000000000000a72       0xea D:\FPGAhanjia\Hetero_SoC_2026_3\Hetero_SoC_2026\HCS_SOC\platform\export\platform\sw\standalone_ps7_cortexa9_0\lib\libxil.a(xuartps_sinit.c.obj)
 .debug_abbrev  0x0000000000000b5c       0xa3 D:\FPGAhanjia\Hetero_SoC_2026_3\Hetero_SoC_2026\HCS_SOC\platform\export\platform\sw\standalone_ps7_cortexa9_0\lib\libxil.a(xuartps_g.c.obj)
 .debug_abbrev  0x0000000000000bff      0x115 D:\FPGAhanjia\Hetero_SoC_2026_3\Hetero_SoC_2026\HCS_SOC\platform\export\platform\sw\standalone_ps7_cortexa9_0\lib\libxilstandalone.a(xil_assert.c.obj)
 .debug_abbrev  0x0000000000000d14       0x9f D:\FPGAhanjia\Hetero_SoC_2026_3\Hetero_SoC_2026\HCS_SOC\platform\export\platform\sw\standalone_ps7_cortexa9_0\lib\libxilstandalone.a(xplatform_info.c.obj)
 .debug_abbrev  0x0000000000000db3       0x69 D:\FPGAhanjia\Hetero_SoC_2026_3\Hetero_SoC_2026\HCS_SOC\platform\export\platform\sw\standalone_ps7_cortexa9_0\lib\libxilstandalone.a(_exit.c.obj)

.debug_loclists
                0x0000000000000000     0x135a
 .debug_loclists
                0x0000000000000000      0x940 D:\FPGAhanjia\Hetero_SoC_2026_3\Hetero_SoC_2026\HCS_SOC\platform\export\platform\sw\standalone_ps7_cortexa9_0\lib\libxilstandalone.a(xil_printf.c.obj)
 .debug_loclists
                0x0000000000000940       0x4a D:\FPGAhanjia\Hetero_SoC_2026_3\Hetero_SoC_2026\HCS_SOC\platform\export\platform\sw\standalone_ps7_cortexa9_0\lib\libxilstandalone.a(xil_exception.c.obj)
 .debug_loclists
                0x000000000000098a       0x70 D:\FPGAhanjia\Hetero_SoC_2026_3\Hetero_SoC_2026\HCS_SOC\platform\export\platform\sw\standalone_ps7_cortexa9_0\lib\libxil.a(xcoresightpsdcc.c.obj)
 .debug_loclists
                0x00000000000009fa      0x89d D:\FPGAhanjia\Hetero_SoC_2026_3\Hetero_SoC_2026\HCS_SOC\platform\export\platform\sw\standalone_ps7_cortexa9_0\lib\libxil.a(xuartps.c.obj)
 .debug_loclists
                0x0000000000001297       0x3b D:\FPGAhanjia\Hetero_SoC_2026_3\Hetero_SoC_2026\HCS_SOC\platform\export\platform\sw\standalone_ps7_cortexa9_0\lib\libxil.a(xuartps_sinit.c.obj)
 .debug_loclists
                0x00000000000012d2       0x3e D:\FPGAhanjia\Hetero_SoC_2026_3\Hetero_SoC_2026\HCS_SOC\platform\export\platform\sw\standalone_ps7_cortexa9_0\lib\libxilstandalone.a(xil_assert.c.obj)
 .debug_loclists
                0x0000000000001310       0x36 D:\FPGAhanjia\Hetero_SoC_2026_3\Hetero_SoC_2026\HCS_SOC\platform\export\platform\sw\standalone_ps7_cortexa9_0\lib\libxilstandalone.a(xplatform_info.c.obj)
 .debug_loclists
                0x0000000000001346       0x14 D:\FPGAhanjia\Hetero_SoC_2026_3\Hetero_SoC_2026\HCS_SOC\platform\export\platform\sw\standalone_ps7_cortexa9_0\lib\libxilstandalone.a(_exit.c.obj)

.debug_aranges  0x0000000000000000      0x198
 .debug_aranges
                0x0000000000000000       0x20 D:\FPGAhanjia\Hetero_SoC_2026_3\Hetero_SoC_2026\HCS_SOC\platform\export\platform\sw\standalone_ps7_cortexa9_0\lib\libxilstandalone.a(xil_printf.c.obj)
 .debug_aranges
                0x0000000000000020       0x20 D:\FPGAhanjia\Hetero_SoC_2026_3\Hetero_SoC_2026\HCS_SOC\platform\export\platform\sw\standalone_ps7_cortexa9_0\lib\libxilstandalone.a(boot.S.obj)
 .debug_aranges
                0x0000000000000040       0x20 D:\FPGAhanjia\Hetero_SoC_2026_3\Hetero_SoC_2026\HCS_SOC\platform\export\platform\sw\standalone_ps7_cortexa9_0\lib\libxilstandalone.a(xil-crt0.S.obj)
 .debug_aranges
                0x0000000000000060       0x20 D:\FPGAhanjia\Hetero_SoC_2026_3\Hetero_SoC_2026\HCS_SOC\platform\export\platform\sw\standalone_ps7_cortexa9_0\lib\libxilstandalone.a(vectors.c.obj)
 .debug_aranges
                0x0000000000000080       0x20 D:\FPGAhanjia\Hetero_SoC_2026_3\Hetero_SoC_2026\HCS_SOC\platform\export\platform\sw\standalone_ps7_cortexa9_0\lib\libxilstandalone.a(xil_exception.c.obj)
 .debug_aranges
                0x00000000000000a0       0x20 D:\FPGAhanjia\Hetero_SoC_2026_3\Hetero_SoC_2026\HCS_SOC\platform\export\platform\sw\standalone_ps7_cortexa9_0\lib\libxilstandalone.a(cpu_init.S.obj)
 .debug_aranges
                0x00000000000000c0       0x20 D:\FPGAhanjia\Hetero_SoC_2026_3\Hetero_SoC_2026\HCS_SOC\platform\export\platform\sw\standalone_ps7_cortexa9_0\lib\libxil.a(xcoresightpsdcc.c.obj)
 .debug_aranges
                0x00000000000000e0       0x20 D:\FPGAhanjia\Hetero_SoC_2026_3\Hetero_SoC_2026\HCS_SOC\platform\export\platform\sw\standalone_ps7_cortexa9_0\lib\libxil.a(xuartps.c.obj)
 .debug_aranges
                0x0000000000000100       0x20 D:\FPGAhanjia\Hetero_SoC_2026_3\Hetero_SoC_2026\HCS_SOC\platform\export\platform\sw\standalone_ps7_cortexa9_0\lib\libxil.a(xuartps_sinit.c.obj)
 .debug_aranges
                0x0000000000000120       0x18 D:\FPGAhanjia\Hetero_SoC_2026_3\Hetero_SoC_2026\HCS_SOC\platform\export\platform\sw\standalone_ps7_cortexa9_0\lib\libxil.a(xuartps_g.c.obj)
 .debug_aranges
                0x0000000000000138       0x20 D:\FPGAhanjia\Hetero_SoC_2026_3\Hetero_SoC_2026\HCS_SOC\platform\export\platform\sw\standalone_ps7_cortexa9_0\lib\libxilstandalone.a(xil_assert.c.obj)
 .debug_aranges
                0x0000000000000158       0x20 D:\FPGAhanjia\Hetero_SoC_2026_3\Hetero_SoC_2026\HCS_SOC\platform\export\platform\sw\standalone_ps7_cortexa9_0\lib\libxilstandalone.a(xplatform_info.c.obj)
 .debug_aranges
                0x0000000000000178       0x20 D:\FPGAhanjia\Hetero_SoC_2026_3\Hetero_SoC_2026\HCS_SOC\platform\export\platform\sw\standalone_ps7_cortexa9_0\lib\libxilstandalone.a(_exit.c.obj)

.debug_rnglists
                0x0000000000000000      0x182
 .debug_rnglists
                0x0000000000000000       0xa6 D:\FPGAhanjia\Hetero_SoC_2026_3\Hetero_SoC_2026\HCS_SOC\platform\export\platform\sw\standalone_ps7_cortexa9_0\lib\libxilstandalone.a(xil_printf.c.obj)
 .debug_rnglists
                0x00000000000000a6       0xdc D:\FPGAhanjia\Hetero_SoC_2026_3\Hetero_SoC_2026\HCS_SOC\platform\export\platform\sw\standalone_ps7_cortexa9_0\lib\libxil.a(xuartps.c.obj)

.debug_line     0x0000000000000000     0x2c98
 .debug_line    0x0000000000000000      0xb6b D:\FPGAhanjia\Hetero_SoC_2026_3\Hetero_SoC_2026\HCS_SOC\platform\export\platform\sw\standalone_ps7_cortexa9_0\lib\libxilstandalone.a(xil_printf.c.obj)
 .debug_line    0x0000000000000b6b      0x146 D:\FPGAhanjia\Hetero_SoC_2026_3\Hetero_SoC_2026\HCS_SOC\platform\export\platform\sw\standalone_ps7_cortexa9_0\lib\libxilstandalone.a(boot.S.obj)
 .debug_line    0x0000000000000cb1       0x69 D:\FPGAhanjia\Hetero_SoC_2026_3\Hetero_SoC_2026\HCS_SOC\platform\export\platform\sw\standalone_ps7_cortexa9_0\lib\libxilstandalone.a(xil-crt0.S.obj)
 .debug_line    0x0000000000000d1a      0x108 D:\FPGAhanjia\Hetero_SoC_2026_3\Hetero_SoC_2026\HCS_SOC\platform\export\platform\sw\standalone_ps7_cortexa9_0\lib\libxilstandalone.a(vectors.c.obj)
 .debug_line    0x0000000000000e22      0x350 D:\FPGAhanjia\Hetero_SoC_2026_3\Hetero_SoC_2026\HCS_SOC\platform\export\platform\sw\standalone_ps7_cortexa9_0\lib\libxilstandalone.a(xil_exception.c.obj)
 .debug_line    0x0000000000001172       0x57 D:\FPGAhanjia\Hetero_SoC_2026_3\Hetero_SoC_2026\HCS_SOC\platform\export\platform\sw\standalone_ps7_cortexa9_0\lib\libxilstandalone.a(cpu_init.S.obj)
 .debug_line    0x00000000000011c9      0x2f3 D:\FPGAhanjia\Hetero_SoC_2026_3\Hetero_SoC_2026\HCS_SOC\platform\export\platform\sw\standalone_ps7_cortexa9_0\lib\libxil.a(xcoresightpsdcc.c.obj)
 .debug_line    0x00000000000014bc      0xd1d D:\FPGAhanjia\Hetero_SoC_2026_3\Hetero_SoC_2026\HCS_SOC\platform\export\platform\sw\standalone_ps7_cortexa9_0\lib\libxil.a(xuartps.c.obj)
 .debug_line    0x00000000000021d9      0x29c D:\FPGAhanjia\Hetero_SoC_2026_3\Hetero_SoC_2026\HCS_SOC\platform\export\platform\sw\standalone_ps7_cortexa9_0\lib\libxil.a(xuartps_sinit.c.obj)
 .debug_line    0x0000000000002475      0x238 D:\FPGAhanjia\Hetero_SoC_2026_3\Hetero_SoC_2026\HCS_SOC\platform\export\platform\sw\standalone_ps7_cortexa9_0\lib\libxil.a(xuartps_g.c.obj)
 .debug_line    0x00000000000026ad      0x21c D:\FPGAhanjia\Hetero_SoC_2026_3\Hetero_SoC_2026\HCS_SOC\platform\export\platform\sw\standalone_ps7_cortexa9_0\lib\libxilstandalone.a(xil_assert.c.obj)
 .debug_line    0x00000000000028c9      0x1df D:\FPGAhanjia\Hetero_SoC_2026_3\Hetero_SoC_2026\HCS_SOC\platform\export\platform\sw\standalone_ps7_cortexa9_0\lib\libxilstandalone.a(xplatform_info.c.obj)
 .debug_line    0x0000000000002aa8      0x1f0 D:\FPGAhanjia\Hetero_SoC_2026_3\Hetero_SoC_2026\HCS_SOC\platform\export\platform\sw\standalone_ps7_cortexa9_0\lib\libxilstandalone.a(_exit.c.obj)

.debug_str      0x0000000000000000      0xff4
 .debug_str     0x0000000000000000      0x3ab D:\FPGAhanjia\Hetero_SoC_2026_3\Hetero_SoC_2026\HCS_SOC\platform\export\platform\sw\standalone_ps7_cortexa9_0\lib\libxilstandalone.a(xil_printf.c.obj)
                                        0x423 (size before relaxing)
 .debug_str     0x00000000000003ab       0xaa D:\FPGAhanjia\Hetero_SoC_2026_3\Hetero_SoC_2026\HCS_SOC\platform\export\platform\sw\standalone_ps7_cortexa9_0\lib\libxilstandalone.a(boot.S.obj)
                                        0x135 (size before relaxing)
 .debug_str     0x0000000000000455        0xb D:\FPGAhanjia\Hetero_SoC_2026_3\Hetero_SoC_2026\HCS_SOC\platform\export\platform\sw\standalone_ps7_cortexa9_0\lib\libxilstandalone.a(xil-crt0.S.obj)
                                         0xa4 (size before relaxing)
 .debug_str     0x0000000000000460      0x138 D:\FPGAhanjia\Hetero_SoC_2026_3\Hetero_SoC_2026\HCS_SOC\platform\export\platform\sw\standalone_ps7_cortexa9_0\lib\libxilstandalone.a(vectors.c.obj)
                                        0x2ed (size before relaxing)
 .debug_str     0x0000000000000598      0x1c6 D:\FPGAhanjia\Hetero_SoC_2026_3\Hetero_SoC_2026\HCS_SOC\platform\export\platform\sw\standalone_ps7_cortexa9_0\lib\libxilstandalone.a(xil_exception.c.obj)
                                        0x3cb (size before relaxing)
 .debug_str     0x000000000000075e       0xa0 D:\FPGAhanjia\Hetero_SoC_2026_3\Hetero_SoC_2026\HCS_SOC\platform\export\platform\sw\standalone_ps7_cortexa9_0\lib\libxilstandalone.a(cpu_init.S.obj)
                                        0x139 (size before relaxing)
 .debug_str     0x00000000000007fe       0xfa D:\FPGAhanjia\Hetero_SoC_2026_3\Hetero_SoC_2026\HCS_SOC\platform\export\platform\sw\standalone_ps7_cortexa9_0\lib\libxil.a(xcoresightpsdcc.c.obj)
                                        0x2dc (size before relaxing)
 .debug_str     0x00000000000008f8      0x340 D:\FPGAhanjia\Hetero_SoC_2026_3\Hetero_SoC_2026\HCS_SOC\platform\export\platform\sw\standalone_ps7_cortexa9_0\lib\libxil.a(xuartps.c.obj)
                                        0x58b (size before relaxing)
 .debug_str     0x0000000000000c38       0xc6 D:\FPGAhanjia\Hetero_SoC_2026_3\Hetero_SoC_2026\HCS_SOC\platform\export\platform\sw\standalone_ps7_cortexa9_0\lib\libxil.a(xuartps_sinit.c.obj)
                                        0x30b (size before relaxing)
 .debug_str     0x0000000000000cfe       0x8c D:\FPGAhanjia\Hetero_SoC_2026_3\Hetero_SoC_2026\HCS_SOC\platform\export\platform\sw\standalone_ps7_cortexa9_0\lib\libxil.a(xuartps_g.c.obj)
                                        0x2e5 (size before relaxing)
 .debug_str     0x0000000000000d8a      0x10f D:\FPGAhanjia\Hetero_SoC_2026_3\Hetero_SoC_2026\HCS_SOC\platform\export\platform\sw\standalone_ps7_cortexa9_0\lib\libxilstandalone.a(xil_assert.c.obj)
                                        0x307 (size before relaxing)
 .debug_str     0x0000000000000e99       0xac D:\FPGAhanjia\Hetero_SoC_2026_3\Hetero_SoC_2026\HCS_SOC\platform\export\platform\sw\standalone_ps7_cortexa9_0\lib\libxilstandalone.a(xplatform_info.c.obj)
                                        0x2b1 (size before relaxing)
 .debug_str     0x0000000000000f45       0xaf D:\FPGAhanjia\Hetero_SoC_2026_3\Hetero_SoC_2026\HCS_SOC\platform\export\platform\sw\standalone_ps7_cortexa9_0\lib\libxilstandalone.a(_exit.c.obj)
                                        0x257 (size before relaxing)

.debug_frame    0x0000000000000000      0x3ec
 .debug_frame   0x0000000000000000       0xe4 D:\FPGAhanjia\Hetero_SoC_2026_3\Hetero_SoC_2026\HCS_SOC\platform\export\platform\sw\standalone_ps7_cortexa9_0\lib\libxilstandalone.a(xil_printf.c.obj)
 .debug_frame   0x00000000000000e4       0x70 D:\FPGAhanjia\Hetero_SoC_2026_3\Hetero_SoC_2026\HCS_SOC\platform\export\platform\sw\standalone_ps7_cortexa9_0\lib\libxilstandalone.a(vectors.c.obj)
 .debug_frame   0x0000000000000154       0x90 D:\FPGAhanjia\Hetero_SoC_2026_3\Hetero_SoC_2026\HCS_SOC\platform\export\platform\sw\standalone_ps7_cortexa9_0\lib\libxilstandalone.a(xil_exception.c.obj)
 .debug_frame   0x00000000000001e4       0x50 D:\FPGAhanjia\Hetero_SoC_2026_3\Hetero_SoC_2026\HCS_SOC\platform\export\platform\sw\standalone_ps7_cortexa9_0\lib\libxil.a(xcoresightpsdcc.c.obj)
 .debug_frame   0x0000000000000234       0xf0 D:\FPGAhanjia\Hetero_SoC_2026_3\Hetero_SoC_2026\HCS_SOC\platform\export\platform\sw\standalone_ps7_cortexa9_0\lib\libxil.a(xuartps.c.obj)
 .debug_frame   0x0000000000000324       0x2c D:\FPGAhanjia\Hetero_SoC_2026_3\Hetero_SoC_2026\HCS_SOC\platform\export\platform\sw\standalone_ps7_cortexa9_0\lib\libxil.a(xuartps_sinit.c.obj)
 .debug_frame   0x0000000000000350       0x4c D:\FPGAhanjia\Hetero_SoC_2026_3\Hetero_SoC_2026\HCS_SOC\platform\export\platform\sw\standalone_ps7_cortexa9_0\lib\libxilstandalone.a(xil_assert.c.obj)
 .debug_frame   0x000000000000039c       0x30 D:\FPGAhanjia\Hetero_SoC_2026_3\Hetero_SoC_2026\HCS_SOC\platform\export\platform\sw\standalone_ps7_cortexa9_0\lib\libxilstandalone.a(xplatform_info.c.obj)
 .debug_frame   0x00000000000003cc       0x20 D:\FPGAhanjia\Hetero_SoC_2026_3\Hetero_SoC_2026\HCS_SOC\platform\export\platform\sw\standalone_ps7_cortexa9_0\lib\libxilstandalone.a(_exit.c.obj)

.debug_line_str
                0x0000000000000000      0x13d
 .debug_line_str
                0x0000000000000000      0x127 D:\FPGAhanjia\Hetero_SoC_2026_3\Hetero_SoC_2026\HCS_SOC\platform\export\platform\sw\standalone_ps7_cortexa9_0\lib\libxilstandalone.a(boot.S.obj)
 .debug_line_str
                0x0000000000000127        0xb D:\FPGAhanjia\Hetero_SoC_2026_3\Hetero_SoC_2026\HCS_SOC\platform\export\platform\sw\standalone_ps7_cortexa9_0\lib\libxilstandalone.a(xil-crt0.S.obj)
                                        0x136 (size before relaxing)
 .debug_line_str
                0x0000000000000132        0xb D:\FPGAhanjia\Hetero_SoC_2026_3\Hetero_SoC_2026\HCS_SOC\platform\export\platform\sw\standalone_ps7_cortexa9_0\lib\libxilstandalone.a(cpu_init.S.obj)
                                        0x12b (size before relaxing)
