Archive member included to satisfy reference by file (symbol)

D:\FPGAhanjia\Hetero_SoC_2026_3\Hetero_SoC_2026\HCS_SOC\vitis_2023_udp_gateway_ws_design1\ax7020_udp_gateway_platform_design1\export\ax7020_udp_gateway_platform_design1\sw\ax7020_udp_gateway_platform_design1\standalone_domain\bsplib\lib\liblwip4.a(init.o)
                              D:\FPGAhanjia\Hetero_SoC_2026_3\Hetero_SoC_2026\HCS_SOC\ax7020_official_net_test_app\manual_build_design1\obj\main_1703715016.o (lwip_init)
D:\FPGAhanjia\Hetero_SoC_2026_3\Hetero_SoC_2026\HCS_SOC\vitis_2023_udp_gateway_ws_design1\ax7020_udp_gateway_platform_design1\export\ax7020_udp_gateway_platform_design1\sw\ax7020_udp_gateway_platform_design1\standalone_domain\bsplib\lib\liblwip4.a(mem.o)
                              D:\FPGAhanjia\Hetero_SoC_2026_3\Hetero_SoC_2026\HCS_SOC\vitis_2023_udp_gateway_ws_design1\ax7020_udp_gateway_platform_design1\export\ax7020_udp_gateway_platform_design1\sw\ax7020_udp_gateway_platform_design1\standalone_domain\bsplib\lib\liblwip4.a(init.o) (mem_init)
D:\FPGAhanjia\Hetero_SoC_2026_3\Hetero_SoC_2026\HCS_SOC\vitis_2023_udp_gateway_ws_design1\ax7020_udp_gateway_platform_design1\export\ax7020_udp_gateway_platform_design1\sw\ax7020_udp_gateway_platform_design1\standalone_domain\bsplib\lib\liblwip4.a(memp.o)
                              D:\FPGAhanjia\Hetero_SoC_2026_3\Hetero_SoC_2026\HCS_SOC\vitis_2023_udp_gateway_ws_design1\ax7020_udp_gateway_platform_design1\export\ax7020_udp_gateway_platform_design1\sw\ax7020_udp_gateway_platform_design1\standalone_domain\bsplib\lib\liblwip4.a(init.o) (memp_init)
D:\FPGAhanjia\Hetero_SoC_2026_3\Hetero_SoC_2026\HCS_SOC\vitis_2023_udp_gateway_ws_design1\ax7020_udp_gateway_platform_design1\export\ax7020_udp_gateway_platform_design1\sw\ax7020_udp_gateway_platform_design1\standalone_domain\bsplib\lib\liblwip4.a(netif.o)
                              D:\FPGAhanjia\Hetero_SoC_2026_3\Hetero_SoC_2026\HCS_SOC\vitis_2023_udp_gateway_ws_design1\ax7020_udp_gateway_platform_design1\export\ax7020_udp_gateway_platform_design1\sw\ax7020_udp_gateway_platform_design1\standalone_domain\bsplib\lib\liblwip4.a(init.o) (netif_init)
D:\FPGAhanjia\Hetero_SoC_2026_3\Hetero_SoC_2026\HCS_SOC\vitis_2023_udp_gateway_ws_design1\ax7020_udp_gateway_platform_design1\export\ax7020_udp_gateway_platform_design1\sw\ax7020_udp_gateway_platform_design1\standalone_domain\bsplib\lib\liblwip4.a(pbuf.o)
                              D:\FPGAhanjia\Hetero_SoC_2026_3\Hetero_SoC_2026\HCS_SOC\ax7020_official_net_test_app\manual_build_design1\obj\udp_crypto_gateway_378377925.o (pbuf_alloc)
D:\FPGAhanjia\Hetero_SoC_2026_3\Hetero_SoC_2026\HCS_SOC\vitis_2023_udp_gateway_ws_design1\ax7020_udp_gateway_platform_design1\export\ax7020_udp_gateway_platform_design1\sw\ax7020_udp_gateway_platform_design1\standalone_domain\bsplib\lib\liblwip4.a(stats.o)
                              D:\FPGAhanjia\Hetero_SoC_2026_3\Hetero_SoC_2026\HCS_SOC\vitis_2023_udp_gateway_ws_design1\ax7020_udp_gateway_platform_design1\export\ax7020_udp_gateway_platform_design1\sw\ax7020_udp_gateway_platform_design1\standalone_domain\bsplib\lib\liblwip4.a(init.o) (stats_init)
D:\FPGAhanjia\Hetero_SoC_2026_3\Hetero_SoC_2026\HCS_SOC\vitis_2023_udp_gateway_ws_design1\ax7020_udp_gateway_platform_design1\export\ax7020_udp_gateway_platform_design1\sw\ax7020_udp_gateway_platform_design1\standalone_domain\bsplib\lib\liblwip4.a(ethernet.o)
                              D:\FPGAhanjia\Hetero_SoC_2026_3\Hetero_SoC_2026\HCS_SOC\vitis_2023_udp_gateway_ws_design1\ax7020_udp_gateway_platform_design1\export\ax7020_udp_gateway_platform_design1\sw\ax7020_udp_gateway_platform_design1\standalone_domain\bsplib\lib\liblwip4.a(netif.o) (ethernet_input)
D:\FPGAhanjia\Hetero_SoC_2026_3\Hetero_SoC_2026\HCS_SOC\vitis_2023_udp_gateway_ws_design1\ax7020_udp_gateway_platform_design1\export\ax7020_udp_gateway_platform_design1\sw\ax7020_udp_gateway_platform_design1\standalone_domain\bsplib\lib\liblwip4.a(etharp.o)
                              D:\FPGAhanjia\Hetero_SoC_2026_3\Hetero_SoC_2026\HCS_SOC\vitis_2023_udp_gateway_ws_design1\ax7020_udp_gateway_platform_design1\export\ax7020_udp_gateway_platform_design1\sw\ax7020_udp_gateway_platform_design1\standalone_domain\bsplib\lib\liblwip4.a(netif.o) (etharp_cleanup_netif)
D:\FPGAhanjia\Hetero_SoC_2026_3\Hetero_SoC_2026\HCS_SOC\vitis_2023_udp_gateway_ws_design1\ax7020_udp_gateway_platform_design1\export\ax7020_udp_gateway_platform_design1\sw\ax7020_udp_gateway_platform_design1\standalone_domain\bsplib\lib\liblwip4.a(ip4_addr.o)
                              D:\FPGAhanjia\Hetero_SoC_2026_3\Hetero_SoC_2026\HCS_SOC\vitis_2023_udp_gateway_ws_design1\ax7020_udp_gateway_platform_design1\export\ax7020_udp_gateway_platform_design1\sw\ax7020_udp_gateway_platform_design1\standalone_domain\bsplib\lib\liblwip4.a(etharp.o) (ip4_addr_isbroadcast_u32)
[...]
Memory Configuration

Name             Origin             Length             Attributes
ps7_ddr_0        0x0000000000100000 0x000000001ff00000
ps7_ram_0        0x0000000000000000 0x0000000000030000
ps7_ram_1        0x00000000ffff0000 0x000000000000fe00
*default*        0x0000000000000000 0xffffffffffffffff

Linker script and memory map

LOAD D:/Xilinx/Vitis/2023.1/gnu/aarch32/nt/gcc-arm-none-eabi/bin//../aarch32-xilinx-eabi/usr/lib/thumb/v7-a+fp/hard/crti.o
LOAD D:/Xilinx/Vitis/2023.1/gnu/aarch32/nt/gcc-arm-none-eabi/bin//../aarch32-xilinx-eabi/usr/lib/thumb/v7-a+fp/hard/crtbegin.o
LOAD D:\FPGAhanjia\Hetero_SoC_2026_3\Hetero_SoC_2026\HCS_SOC\ax7020_official_net_test_app\manual_build_design1\obj\main_1703715016.o
LOAD D:\FPGAhanjia\Hetero_SoC_2026_3\Hetero_SoC_2026\HCS_SOC\ax7020_official_net_test_app\manual_build_design1\obj\platform_zynq_583664737.o
LOAD D:\FPGAhanjia\Hetero_SoC_2026_3\Hetero_SoC_2026\HCS_SOC\ax7020_official_net_test_app\manual_build_design1\obj\udp_crypto_gateway_378377925.o
                0x0000000000002000                _STACK_SIZE = DEFINED (_STACK_SIZE)?_STACK_SIZE:0x2000
                0x0000000000002000                _HEAP_SIZE = DEFINED (_HEAP_SIZE)?_HEAP_SIZE:0x2000
                0x0000000000000400                _ABORT_STACK_SIZE = DEFINED (_ABORT_STACK_SIZE)?_ABORT_STACK_SIZE:0x400
                0x0000000000000800                _SUPERVISOR_STACK_SIZE = DEFINED (_SUPERVISOR_STACK_SIZE)?_SUPERVISOR_STACK_SIZE:0x800
                0x0000000000000400                _IRQ_STACK_SIZE = DEFINED (_IRQ_STACK_SIZE)?_IRQ_STACK_SIZE:0x400
                0x0000000000000400                _FIQ_STACK_SIZE = DEFINED (_FIQ_STACK_SIZE)?_FIQ_STACK_SIZE:0x400
                0x0000000000000400                _UNDEF_STACK_SIZE = DEFINED (_UNDEF_STACK_SIZE)?_UNDEF_STACK_SIZE:0x400

.text           0x0000000000100000       0xcc
 *(.vectors)
 *(.boot)
 *(.text)
 .text          0x0000000000100000       0xa8 D:/Xilinx/Vitis/2023.1/gnu/aarch32/nt/gcc-arm-none-eabi/bin//../aarch32-xilinx-eabi/usr/lib/thumb/v7-a+fp/hard/crtbegin.o
 *(.text.*)
 *(.gnu.linkonce.t.*)
 *(.plt)
 *(.gnu_warning)
 *(.gcc_execpt_table)
 *(.glue_7)
 .glue_7        0x00000000001000a8        0x0 linker stubs
 *(.glue_7t)
 .glue_7t       0x00000000001000a8        0x0 linker stubs
 *(.vfp11_veneer)
 .vfp11_veneer  0x00000000001000a8        0x0 linker stubs
 *(.ARM.extab)
 *(.gnu.linkonce.armextab.*)
 *(.note.gnu.build-id)
 .note.gnu.build-id
                0x00000000001000a8       0x24 linker stubs

.v4_bx          0x00000000001000cc        0x0
 .v4_bx         0x00000000001000cc        0x0 linker stubs

.iplt           0x00000000001000cc        0x0
 .iplt          0x00000000001000cc        0x0 D:/Xilinx/Vitis/2023.1/gnu/aarch32/nt/gcc-arm-none-eabi/bin//../aarch32-xilinx-eabi/usr/lib/thumb/v7-a+fp/hard/crtbegin.o

.init           0x00000000001000cc        0xc
 *(.init)
 .init          0x00000000001000cc        0x4 D:/Xilinx/Vitis/2023.1/gnu/aarch32/nt/gcc-arm-none-eabi/bin//../aarch32-xilinx-eabi/usr/lib/thumb/v7-a+fp/hard/crti.o
                0x00000000001000cc                _init
 .init          0x00000000001000d0        0x8 D:/Xilinx/Vitis/2023.1/gnu/aarch32/nt/gcc-arm-none-eabi/bin//../aarch32-xilinx-eabi/usr/lib/thumb/v7-a+fp/hard/crtn.o

.fini           0x00000000001000d8        0xc
 *(.fini)
 .fini          0x00000000001000d8        0x4 D:/Xilinx/Vitis/2023.1/gnu/aarch32/nt/gcc-arm-none-eabi/bin//../aarch32-xilinx-eabi/usr/lib/thumb/v7-a+fp/hard/crti.o
                0x00000000001000d8                _fini
 .fini          0x00000000001000dc        0x8 D:/Xilinx/Vitis/2023.1/gnu/aarch32/nt/gcc-arm-none-eabi/bin//../aarch32-xilinx-eabi/usr/lib/thumb/v7-a+fp/hard/crtn.o

.rodata         0x00000000001000e4        0x0
                0x00000000001000e4                __rodata_start = .
 *(.rodata)
 *(.rodata.*)
 *(.gnu.linkonce.r.*)
                0x00000000001000e4                __rodata_end = .

.rodata1        0x00000000001000e4        0x0
                0x00000000001000e4                __rodata1_start = .
 *(.rodata1)
 *(.rodata1.*)
                0x00000000001000e4                __rodata1_end = .

.sdata2         0x00000000001000e4        0x0
                0x00000000001000e4                __sdata2_start = .
 *(.sdata2)
 *(.sdata2.*)
 *(.gnu.linkonce.s2.*)
                0x00000000001000e4                __sdata2_end = .

.sbss2          0x00000000001000e4        0x0
                0x00000000001000e4                __sbss2_start = .
 *(.sbss2)
 *(.sbss2.*)
 *(.gnu.linkonce.sb2.*)
                0x00000000001000e4                __sbss2_end = .

.data           0x00000000001000e4        0x0
                0x00000000001000e4                __data_start = .
 *(.data)
 *(.data.*)
 *(.gnu.linkonce.d.*)
 *(.jcr)
 *(.got)
 *(.got.plt)
                0x00000000001000e4                __data_end = .

.tm_clone_table
                0x00000000001000e4        0x0
 .tm_clone_table
                0x00000000001000e4        0x0 D:/Xilinx/Vitis/2023.1/gnu/aarch32/nt/gcc-arm-none-eabi/bin//../aarch32-xilinx-eabi/usr/lib/thumb/v7-a+fp/hard/crtbegin.o
 .tm_clone_table
                0x00000000001000e4        0x0 D:/Xilinx/Vitis/2023.1/gnu/aarch32/nt/gcc-arm-none-eabi/bin//../aarch32-xilinx-eabi/usr/lib/thumb/v7-a+fp/hard/crtend.o

.igot.plt       0x00000000001000e4        0x0
 .igot.plt      0x00000000001000e4        0x0 D:/Xilinx/Vitis/2023.1/gnu/aarch32/nt/gcc-arm-none-eabi/bin//../aarch32-xilinx-eabi/usr/lib/thumb/v7-a+fp/hard/crtbegin.o

.data1          0x00000000001000e4        0x0
                0x00000000001000e4                __data1_start = .
 *(.data1)
 *(.data1.*)
                0x00000000001000e4                __data1_end = .

.got
 *(.got)

.ctors          0x00000000001000e4        0x0
                0x00000000001000e4                __CTOR_LIST__ = .
                0x00000000001000e4                ___CTORS_LIST___ = .
 *crtbegin.o(.ctors)
 *(EXCLUDE_FILE(*crtend.o) .ctors)
 *(SORT_BY_NAME(.ctors.*))
 *(.ctors)
                0x00000000001000e4                __CTOR_END__ = .
                0x00000000001000e4                ___CTORS_END___ = .

.dtors          0x00000000001000e4        0x0
                0x00000000001000e4                __DTOR_LIST__ = .
                0x00000000001000e4                ___DTORS_LIST___ = .
 *crtbegin.o(.dtors)
 *(EXCLUDE_FILE(*crtend.o) .dtors)
 *(SORT_BY_NAME(.dtors.*))
 *(.dtors)
                0x00000000001000e4                __DTOR_END__ = .
                0x00000000001000e4                ___DTORS_END___ = .

.fixup          0x00000000001000e4        0x0
                0x00000000001000e4                __fixup_start = .
 *(.fixup)
                0x00000000001000e4                __fixup_end = .

.eh_frame       0x00000000001000e4        0x0
 *(.eh_frame)
 .eh_frame      0x00000000001000e4        0x0 D:/Xilinx/Vitis/2023.1/gnu/aarch32/nt/gcc-arm-none-eabi/bin//../aarch32-xilinx-eabi/usr/lib/thumb/v7-a+fp/hard/crtbegin.o

.rel.dyn        0x00000000001000e4        0x0
 .rel.iplt      0x00000000001000e4        0x0 D:/Xilinx/Vitis/2023.1/gnu/aarch32/nt/gcc-arm-none-eabi/bin//../aarch32-xilinx-eabi/usr/lib/thumb/v7-a+fp/hard/crtbegin.o

.eh_framehdr    0x00000000001000e4        0x0
                0x00000000001000e4                __eh_framehdr_start = .
 *(.eh_framehdr)
                0x00000000001000e4                __eh_framehdr_end = .

.gcc_except_table
 *(.gcc_except_table)

.mmu_tbl        0x0000000000104000        0x0
                0x0000000000104000                __mmu_tbl_start = .
 *(.mmu_tbl)
                0x0000000000104000                __mmu_tbl_end = .

.ARM.exidx      0x00000000001000e4        0x0
                0x00000000001000e4                __exidx_start = .
 *(.ARM.exidx*)
 *(.gnu.linkonce.armexidix.*.*)
                0x00000000001000e4                __exidx_end = .

.preinit_array  0x00000000001000e4        0x0
                0x00000000001000e4                __preinit_array_start = .
 *(SORT_BY_NAME(.preinit_array.*))
 *(.preinit_array)
                0x00000000001000e4                __preinit_array_end = .

.init_array     0x00000000001000e4        0x4
                0x00000000001000e4                __init_array_start = .
 *(SORT_BY_NAME(.init_array.*))
 *(.init_array)
 .init_array    0x00000000001000e4        0x4 D:/Xilinx/Vitis/2023.1/gnu/aarch32/nt/gcc-arm-none-eabi/bin//../aarch32-xilinx-eabi/usr/lib/thumb/v7-a+fp/hard/crtbegin.o
                0x00000000001000e8                __init_array_end = .

.fini_array     0x00000000001000e8        0x4
                0x00000000001000e8                __fini_array_start = .
 *(SORT_BY_NAME(.fini_array.*))
 *(.fini_array)
 .fini_array    0x00000000001000e8        0x4 D:/Xilinx/Vitis/2023.1/gnu/aarch32/nt/gcc-arm-none-eabi/bin//../aarch32-xilinx-eabi/usr/lib/thumb/v7-a+fp/hard/crtbegin.o
                0x00000000001000ec                __fini_array_end = .

.drvcfg_sec     0x00000000001000ec        0x4
                0x00000000001000f0                . = ALIGN (0x8)
 *fill*         0x00000000001000ec        0x4 
                0x00000000001000f0                __drvcfgsecdata_start = .
 *(.drvcfg_sec)
                0x00000000001000f0                __drvcfgsecdata_end = .
                0x00000000001000ec                __drvcfgsecdata_size = (__drvcfgsecdata_end - __drvcfgsecdata_start)

.ARM.attributes
                0x00000000001000f0       0x33
                0x00000000001000f0                __ARM.attributes_start = .
 *(.ARM.attributes)
 .ARM.attributes
                0x00000000001000f0       0x21 D:/Xilinx/Vitis/2023.1/gnu/aarch32/nt/gcc-arm-none-eabi/bin//../aarch32-xilinx-eabi/usr/lib/thumb/v7-a+fp/hard/crti.o
 .ARM.attributes
                0x0000000000100111       0x33 D:/Xilinx/Vitis/2023.1/gnu/aarch32/nt/gcc-arm-none-eabi/bin//../aarch32-xilinx-eabi/usr/lib/thumb/v7-a+fp/hard/crtbegin.o
 .ARM.attributes
                0x0000000000100144       0x33 D:/Xilinx/Vitis/2023.1/gnu/aarch32/nt/gcc-arm-none-eabi/bin//../aarch32-xilinx-eabi/usr/lib/thumb/v7-a+fp/hard/crtend.o
 .ARM.attributes
                0x0000000000100177       0x21 D:/Xilinx/Vitis/2023.1/gnu/aarch32/nt/gcc-arm-none-eabi/bin//../aarch32-xilinx-eabi/usr/lib/thumb/v7-a+fp/hard/crtn.o
                0x0000000000100198                __ARM.attributes_end = .

.sdata          0x00000000001000f0        0x0
                0x00000000001000f0                __sdata_start = .
 *(.sdata)
 *(.sdata.*)
 *(.gnu.linkonce.s.*)
                0x00000000001000f0                __sdata_end = .

.sbss           0x00000000001000f0        0x0
                0x00000000001000f0                __sbss_start = .
 *(.sbss)
 *(.sbss.*)
 *(.gnu.linkonce.sb.*)
                0x00000000001000f0                __sbss_end = .

.tdata          0x00000000001000f0        0x0
                0x00000000001000f0                __tdata_start = .
 *(.tdata)
 *(.tdata.*)
 *(.gnu.linkonce.td.*)
                0x00000000001000f0                __tdata_end = .

.tbss           0x00000000001000f0        0x0
                0x00000000001000f0                __tbss_start = .
 *(.tbss)
 *(.tbss.*)
 *(.gnu.linkonce.tb.*)
                0x00000000001000f0                __tbss_end = .

.bss            0x00000000001000f0       0x1c
                0x00000000001000f0                __bss_start = .
 *(.bss)
 .bss           0x00000000001000f0       0x1c D:/Xilinx/Vitis/2023.1/gnu/aarch32/nt/gcc-arm-none-eabi/bin//../aarch32-xilinx-eabi/usr/lib/thumb/v7-a+fp/hard/crtbegin.o
 *(.bss.*)
 *(.gnu.linkonce.b.*)
 *(COMMON)
                0x000000000010010c                __bss_end = .
                0x00000000001000f0                _SDA_BASE_ = (__sdata_start + ((__sbss_end - __sdata_start) / 0x2))
                0x00000000001000e4                _SDA2_BASE_ = (__sdata2_start + ((__sbss2_end - __sdata2_start) / 0x2))

.heap           0x000000000010010c     0x2004
                0x0000000000100110                . = ALIGN (0x10)
 *fill*         0x000000000010010c        0x4 
                0x0000000000100110                _heap = .
                0x0000000000100110                HeapBase = .
                0x0000000000100110                _heap_start = .
                0x0000000000102110                . = (. + _HEAP_SIZE)
 *fill*         0x0000000000100110     0x2000 
                0x0000000000102110                _heap_end = .
                0x0000000000102110                HeapLimit = .

.stack          0x0000000000102110     0x3800
                0x0000000000102110                . = ALIGN (0x10)
                0x0000000000102110                _stack_end = .
                0x0000000000104110                . = (. + _STACK_SIZE)
 *fill*         0x0000000000102110     0x2000 
                0x0000000000104110                . = ALIGN (0x10)
                0x0000000000104110                _stack = .
                0x0000000000104110                __stack = _stack
                0x0000000000104110                . = ALIGN (0x10)
                0x0000000000104110                _irq_stack_end = .
                0x0000000000104510                . = (. + _IRQ_STACK_SIZE)
 *fill*         0x0000000000104110      0x400 
                0x0000000000104510                . = ALIGN (0x10)
                0x0000000000104510                __irq_stack = .
                0x0000000000104510                _supervisor_stack_end = .
                0x0000000000104d10                . = (. + _SUPERVISOR_STACK_SIZE)
 *fill*         0x0000000000104510      0x800 
                0x0000000000104d10                . = ALIGN (0x10)
                0x0000000000104d10                __supervisor_stack = .
                0x0000000000104d10                _abort_stack_end = .
                0x0000000000105110                . = (. + _ABORT_STACK_SIZE)
 *fill*         0x0000000000104d10      0x400 
                0x0000000000105110                . = ALIGN (0x10)
                0x0000000000105110                __abort_stack = .
                0x0000000000105110                _fiq_stack_end = .
                0x0000000000105510                . = (. + _FIQ_STACK_SIZE)
 *fill*         0x0000000000105110      0x400 
                0x0000000000105510                . = ALIGN (0x10)
                0x0000000000105510                __fiq_stack = .
                0x0000000000105510                _undef_stack_end = .
                0x0000000000105910                . = (. + _UNDEF_STACK_SIZE)
 *fill*         0x0000000000105510      0x400 
                0x0000000000105910                . = ALIGN (0x10)
                0x0000000000105910                __undef_stack = .
                0x0000000000105910                end = .
START GROUP
LOAD D:\FPGAhanjia\Hetero_SoC_2026_3\Hetero_SoC_2026\HCS_SOC\vitis_2023_udp_gateway_ws_design1\ax7020_udp_gateway_platform_design1\export\ax7020_udp_gateway_platform_design1\sw\ax7020_udp_gateway_platform_design1\standalone_domain\bsplib\lib\liblwip4.a
LOAD D:\FPGAhanjia\Hetero_SoC_2026_3\Hetero_SoC_2026\HCS_SOC\vitis_2023_udp_gateway_ws_design1\ax7020_udp_gateway_platform_design1\export\ax7020_udp_gateway_platform_design1\sw\ax7020_udp_gateway_platform_design1\standalone_domain\bsplib\lib\libxil.a
LOAD D:/Xilinx/Vitis/2023.1/gnu/aarch32/nt/gcc-arm-none-eabi/bin//../aarch32-xilinx-eabi/usr/lib/thumb/v7-a+fp/hard\libc.a
LOAD D:/Xilinx/Vitis/2023.1/gnu/aarch32/nt/gcc-arm-none-eabi/bin//../aarch32-xilinx-eabi/usr/lib/thumb/v7-a+fp/hard\libgcc.a
LOAD D:/Xilinx/Vitis/2023.1/gnu/aarch32/nt/gcc-arm-none-eabi/bin//../aarch32-xilinx-eabi/usr/lib/thumb/v7-a+fp/hard\libm.a
END GROUP
START GROUP
LOAD D:/Xilinx/Vitis/2023.1/gnu/aarch32/nt/gcc-arm-none-eabi/bin//../aarch32-xilinx-eabi/usr/lib/thumb/v7-a+fp/hard\libgcc.a
LOAD D:/Xilinx/Vitis/2023.1/gnu/aarch32/nt/gcc-arm-none-eabi/bin//../aarch32-xilinx-eabi/usr/lib/thumb/v7-a+fp/hard\libc.a
END GROUP
LOAD D:/Xilinx/Vitis/2023.1/gnu/aarch32/nt/gcc-arm-none-eabi/bin//../aarch32-xilinx-eabi/usr/lib/thumb/v7-a+fp/hard/crtend.o
LOAD D:/Xilinx/Vitis/2023.1/gnu/aarch32/nt/gcc-arm-none-eabi/bin//../aarch32-xilinx-eabi/usr/lib/thumb/v7-a+fp/hard/crtn.o
OUTPUT(D:\FPGAhanjia\Hetero_SoC_2026_3\Hetero_SoC_2026\HCS_SOC\ax7020_official_net_test_app\manual_build_design1\ax7020_udp_gateway_design1_app.elf elf32-littlearm)
LOAD linker stubs

.comment        0x0000000000000000       0x12
 .comment       0x0000000000000000       0x12 D:/Xilinx/Vitis/2023.1/gnu/aarch32/nt/gcc-arm-none-eabi/bin//../aarch32-xilinx-eabi/usr/lib/thumb/v7-a+fp/hard/crtbegin.o
                                         0x13 (size before relaxing)
 .comment       0x0000000000000012       0x13 D:/Xilinx/Vitis/2023.1/gnu/aarch32/nt/gcc-arm-none-eabi/bin//../aarch32-xilinx-eabi/usr/lib/thumb/v7-a+fp/hard/crtend.o
